Archive member included to satisfy reference by file (symbol)

d:/sdk/arm-none-eabi/12.2/bin/../lib/gcc/arm-none-eabi/12.2.1/thumb/v7-m/nofp\libgcc.a(_arm_mulsf3.o)
                              CMakeFiles/usart.elf.dir/Modules/DS18B20/ds18b20.c.obj (__aeabi_fmul)
d:/sdk/arm-none-eabi/12.2/bin/../lib/gcc/arm-none-eabi/12.2.1/thumb/v7-m/nofp\libgcc.a(_arm_addsubdf3.o)
                              CMakeFiles/usart.elf.dir/Core/Src/main.c.obj (__aeabi_f2d)
d:/sdk/arm-none-eabi/12.2/bin/../lib/gcc/arm-none-eabi/12.2.1/thumb/v7-m/nofp\libgcc.a(_arm_addsubsf3.o)
                              CMakeFiles/usart.elf.dir/Modules/DS18B20/ds18b20.c.obj (__aeabi_ui2f)
d:/sdk/arm-none-eabi/12.2/bin/../lib/gcc/arm-none-eabi/12.2.1/thumb/v7-m/nofp\libgcc.a(_aeabi_uldivmod.o)
                              CMakeFiles/usart.elf.dir/Modules/ioLibrary_Driver/Internet/SNTP/sntp.c.obj (__aeabi_uldivmod)
d:/sdk/arm-none-eabi/12.2/bin/../lib/gcc/arm-none-eabi/12.2.1/thumb/v7-m/nofp\libgcc.a(_udivmoddi4.o)
                              d:/sdk/arm-none-eabi/12.2/bin/../lib/gcc/arm-none-eabi/12.2.1/thumb/v7-m/nofp\libgcc.a(_aeabi_uldivmod.o) (__udivmoddi4)
d:/sdk/arm-none-eabi/12.2/bin/../lib/gcc/arm-none-eabi/12.2.1/thumb/v7-m/nofp\libgcc.a(_dvmd_tls.o)
                              d:/sdk/arm-none-eabi/12.2/bin/../lib/gcc/arm-none-eabi/12.2.1/thumb/v7-m/nofp\libgcc.a(_aeabi_uldivmod.o) (__aeabi_ldiv0)
d:/sdk/arm-none-eabi/12.2/bin/../lib/gcc/arm-none-eabi/12.2.1/thumb/v7-m/nofp\libg.a(libc_a-exit.o)
                              d:/sdk/arm-none-eabi/12.2/bin/../lib/gcc/arm-none-eabi/12.2.1/thumb/v7-m/nofp/crt0.o (exit)
d:/sdk/arm-none-eabi/12.2/bin/../lib/gcc/arm-none-eabi/12.2.1/thumb/v7-m/nofp\libg.a(libc_a-malloc.o)
                              CMakeFiles/usart.elf.dir/Modules/ioLibrary_Driver/Internet/httpServer/httpServer.c.obj (malloc)
d:/sdk/arm-none-eabi/12.2/bin/../lib/gcc/arm-none-eabi/12.2.1/thumb/v7-m/nofp\libg.a(libc_a-mallocr.o)
                              d:/sdk/arm-none-eabi/12.2/bin/../lib/gcc/arm-none-eabi/12.2.1/thumb/v7-m/nofp\libg.a(libc_a-malloc.o) (_malloc_r)
d:/sdk/arm-none-eabi/12.2/bin/../lib/gcc/arm-none-eabi/12.2.1/thumb/v7-m/nofp\libg.a(libc_a-mlock.o)
                              d:/sdk/arm-none-eabi/12.2/bin/../lib/gcc/arm-none-eabi/12.2.1/thumb/v7-m/nofp\libg.a(libc_a-mallocr.o) (__malloc_lock)
d:/sdk/arm-none-eabi/12.2/bin/../lib/gcc/arm-none-eabi/12.2.1/thumb/v7-m/nofp\libg.a(libc_a-strtol.o)
                              CMakeFiles/usart.elf.dir/Core/Src/main.c.obj (strtol)
d:/sdk/arm-none-eabi/12.2/bin/../lib/gcc/arm-none-eabi/12.2.1/thumb/v7-m/nofp\libg.a(libc_a-ctype_.o)
                              CMakeFiles/usart.elf.dir/Modules/ioLibrary_Driver/Internet/SNMP/snmp.c.obj (_ctype_)
d:/sdk/arm-none-eabi/12.2/bin/../lib/gcc/arm-none-eabi/12.2.1/thumb/v7-m/nofp\libg.a(libc_a-findfp.o)
                              d:/sdk/arm-none-eabi/12.2/bin/../lib/gcc/arm-none-eabi/12.2.1/thumb/v7-m/nofp\libg.a(libc_a-exit.o) (__stdio_exit_handler)
d:/sdk/arm-none-eabi/12.2/bin/../lib/gcc/arm-none-eabi/12.2.1/thumb/v7-m/nofp\libg.a(libc_a-fwalk.o)
                              d:/sdk/arm-none-eabi/12.2/bin/../lib/gcc/arm-none-eabi/12.2.1/thumb/v7-m/nofp\libg.a(libc_a-findfp.o) (_fwalk_sglue)
d:/sdk/arm-none-eabi/12.2/bin/../lib/gcc/arm-none-eabi/12.2.1/thumb/v7-m/nofp\libg.a(libc_a-printf.o)
                              CMakeFiles/usart.elf.dir/Modules/ioLibrary_Driver/Application/loopback/loopback.c.obj (printf)
d:/sdk/arm-none-eabi/12.2/bin/../lib/gcc/arm-none-eabi/12.2.1/thumb/v7-m/nofp\libg.a(libc_a-putchar.o)
                              CMakeFiles/usart.elf.dir/Modules/ioLibrary_Driver/Application/multicast/multicast.c.obj (putchar)
d:/sdk/arm-none-eabi/12.2/bin/../lib/gcc/arm-none-eabi/12.2.1/thumb/v7-m/nofp\libg.a(libc_a-puts.o)
                              CMakeFiles/usart.elf.dir/Modules/ioLibrary_Driver/Application/multicast/multicast.c.obj (puts)
d:/sdk/arm-none-eabi/12.2/bin/../lib/gcc/arm-none-eabi/12.2.1/thumb/v7-m/nofp\libg.a(libc_a-snprintf.o)
                              CMakeFiles/usart.elf.dir/Core/Src/main.c.obj (snprintf)
d:/sdk/arm-none-eabi/12.2/bin/../lib/gcc/arm-none-eabi/12.2.1/thumb/v7-m/nofp\libg.a(libc_a-sprintf.o)
                              CMakeFiles/usart.elf.dir/Modules/ioLibrary_Driver/Internet/httpServer/httpParser.c.obj (sprintf)
d:/sdk/arm-none-eabi/12.2/bin/../lib/gcc/arm-none-eabi/12.2.1/thumb/v7-m/nofp\libg.a(libc_a-sscanf.o)
                              CMakeFiles/usart.elf.dir/Modules/ioLibrary_Driver/Internet/SNMP/snmp.c.obj (sscanf)
d:/sdk/arm-none-eabi/12.2/bin/../lib/gcc/arm-none-eabi/12.2.1/thumb/v7-m/nofp\libg.a(libc_a-stdio.o)
                              d:/sdk/arm-none-eabi/12.2/bin/../lib/gcc/arm-none-eabi/12.2.1/thumb/v7-m/nofp\libg.a(libc_a-findfp.o) (__sread)
d:/sdk/arm-none-eabi/12.2/bin/../lib/gcc/arm-none-eabi/12.2.1/thumb/v7-m/nofp\libg.a(libc_a-memcmp.o)
[...]
Memory Configuration

Name             Origin             Length             Attributes
RAM              0x20000000         0x00005000         xrw
FLASH            0x08000000         0x00010000         xr
*default*        0x00000000         0xffffffff

Linker script and memory map

LOAD d:/sdk/arm-none-eabi/12.2/bin/../lib/gcc/arm-none-eabi/12.2.1/thumb/v7-m/nofp/crti.o
LOAD d:/sdk/arm-none-eabi/12.2/bin/../lib/gcc/arm-none-eabi/12.2.1/thumb/v7-m/nofp/crtbegin.o
LOAD d:/sdk/arm-none-eabi/12.2/bin/../lib/gcc/arm-none-eabi/12.2.1/thumb/v7-m/nofp/crt0.o
LOAD CMakeFiles/usart.elf.dir/Core/Src/main.c.obj
LOAD CMakeFiles/usart.elf.dir/Core/Src/stm32f1xx_hal_msp.c.obj
LOAD CMakeFiles/usart.elf.dir/Core/Src/stm32f1xx_it.c.obj
LOAD CMakeFiles/usart.elf.dir/Core/Src/syscalls.c.obj
LOAD CMakeFiles/usart.elf.dir/Core/Src/sysmem.c.obj
LOAD CMakeFiles/usart.elf.dir/Core/Src/system_stm32f1xx.c.obj
LOAD CMakeFiles/usart.elf.dir/Core/Startup/startup_stm32f103c8tx.s.obj
LOAD CMakeFiles/usart.elf.dir/Drivers/STM32F1xx_HAL_Driver/Src/stm32f1xx_hal.c.obj
LOAD CMakeFiles/usart.elf.dir/Drivers/STM32F1xx_HAL_Driver/Src/stm32f1xx_hal_can.c.obj
LOAD CMakeFiles/usart.elf.dir/Drivers/STM32F1xx_HAL_Driver/Src/stm32f1xx_hal_cortex.c.obj
LOAD CMakeFiles/usart.elf.dir/Drivers/STM32F1xx_HAL_Driver/Src/stm32f1xx_hal_dma.c.obj
LOAD CMakeFiles/usart.elf.dir/Drivers/STM32F1xx_HAL_Driver/Src/stm32f1xx_hal_exti.c.obj
LOAD CMakeFiles/usart.elf.dir/Drivers/STM32F1xx_HAL_Driver/Src/stm32f1xx_hal_flash.c.obj
LOAD CMakeFiles/usart.elf.dir/Drivers/STM32F1xx_HAL_Driver/Src/stm32f1xx_hal_flash_ex.c.obj
LOAD CMakeFiles/usart.elf.dir/Drivers/STM32F1xx_HAL_Driver/Src/stm32f1xx_hal_gpio.c.obj
LOAD CMakeFiles/usart.elf.dir/Drivers/STM32F1xx_HAL_Driver/Src/stm32f1xx_hal_gpio_ex.c.obj
LOAD CMakeFiles/usart.elf.dir/Drivers/STM32F1xx_HAL_Driver/Src/stm32f1xx_hal_pwr.c.obj
LOAD CMakeFiles/usart.elf.dir/Drivers/STM32F1xx_HAL_Driver/Src/stm32f1xx_hal_rcc.c.obj
LOAD CMakeFiles/usart.elf.dir/Drivers/STM32F1xx_HAL_Driver/Src/stm32f1xx_hal_rcc_ex.c.obj
LOAD CMakeFiles/usart.elf.dir/Drivers/STM32F1xx_HAL_Driver/Src/stm32f1xx_hal_spi.c.obj
LOAD CMakeFiles/usart.elf.dir/Drivers/STM32F1xx_HAL_Driver/Src/stm32f1xx_hal_tim.c.obj
LOAD CMakeFiles/usart.elf.dir/Drivers/STM32F1xx_HAL_Driver/Src/stm32f1xx_hal_tim_ex.c.obj
LOAD CMakeFiles/usart.elf.dir/Drivers/STM32F1xx_HAL_Driver/Src/stm32f1xx_hal_uart.c.obj
LOAD CMakeFiles/usart.elf.dir/Modules/DS18B20/ds18b20.c.obj
LOAD CMakeFiles/usart.elf.dir/Modules/OneWire/onewire.c.obj
LOAD CMakeFiles/usart.elf.dir/Modules/ioLibrary_Driver/Application/loopback/loopback.c.obj
LOAD CMakeFiles/usart.elf.dir/Modules/ioLibrary_Driver/Application/multicast/multicast.c.obj
LOAD CMakeFiles/usart.elf.dir/Modules/ioLibrary_Driver/Ethernet/W5500/w5500.c.obj
LOAD CMakeFiles/usart.elf.dir/Modules/ioLibrary_Driver/Ethernet/socket.c.obj
LOAD CMakeFiles/usart.elf.dir/Modules/ioLibrary_Driver/Ethernet/wizchip_conf.c.obj
LOAD CMakeFiles/usart.elf.dir/Modules/ioLibrary_Driver/Internet/DHCP/dhcp.c.obj
LOAD CMakeFiles/usart.elf.dir/Modules/ioLibrary_Driver/Internet/DNS/dns.c.obj
LOAD CMakeFiles/usart.elf.dir/Modules/ioLibrary_Driver/Internet/MQTT/MQTTClient.c.obj
LOAD CMakeFiles/usart.elf.dir/Modules/ioLibrary_Driver/Internet/MQTT/MQTTPacket/src/MQTTConnectClient.c.obj
LOAD CMakeFiles/usart.elf.dir/Modules/ioLibrary_Driver/Internet/MQTT/MQTTPacket/src/MQTTConnectServer.c.obj
LOAD CMakeFiles/usart.elf.dir/Modules/ioLibrary_Driver/Internet/MQTT/MQTTPacket/src/MQTTDeserializePublish.c.obj
LOAD CMakeFiles/usart.elf.dir/Modules/ioLibrary_Driver/Internet/MQTT/MQTTPacket/src/MQTTFormat.c.obj
LOAD CMakeFiles/usart.elf.dir/Modules/ioLibrary_Driver/Internet/MQTT/MQTTPacket/src/MQTTPacket.c.obj
LOAD CMakeFiles/usart.elf.dir/Modules/ioLibrary_Driver/Internet/MQTT/MQTTPacket/src/MQTTSerializePublish.c.obj
LOAD CMakeFiles/usart.elf.dir/Modules/ioLibrary_Driver/Internet/MQTT/MQTTPacket/src/MQTTSubscribeClient.c.obj
LOAD CMakeFiles/usart.elf.dir/Modules/ioLibrary_Driver/Internet/MQTT/MQTTPacket/src/MQTTSubscribeServer.c.obj
LOAD CMakeFiles/usart.elf.dir/Modules/ioLibrary_Driver/Internet/MQTT/MQTTPacket/src/MQTTUnsubscribeClient.c.obj
LOAD CMakeFiles/usart.elf.dir/Modules/ioLibrary_Driver/Internet/MQTT/MQTTPacket/src/MQTTUnsubscribeServer.c.obj
LOAD CMakeFiles/usart.elf.dir/Modules/ioLibrary_Driver/Internet/MQTT/mqtt_interface.c.obj
LOAD CMakeFiles/usart.elf.dir/Modules/ioLibrary_Driver/Internet/SNMP/snmp.c.obj
LOAD CMakeFiles/usart.elf.dir/Modules/ioLibrary_Driver/Internet/SNMP/snmp_custom.c.obj
LOAD CMakeFiles/usart.elf.dir/Modules/ioLibrary_Driver/Internet/SNTP/sntp.c.obj
LOAD CMakeFiles/usart.elf.dir/Modules/ioLibrary_Driver/Internet/httpServer/httpParser.c.obj
LOAD CMakeFiles/usart.elf.dir/Modules/ioLibrary_Driver/Internet/httpServer/httpServer.c.obj
LOAD CMakeFiles/usart.elf.dir/Modules/ioLibrary_Driver/Internet/httpServer/httpUtil.c.obj
START GROUP
LOAD d:/sdk/arm-none-eabi/12.2/bin/../lib/gcc/arm-none-eabi/12.2.1/thumb/v7-m/nofp\libgcc.a
LOAD d:/sdk/arm-none-eabi/12.2/bin/../lib/gcc/arm-none-eabi/12.2.1/thumb/v7-m/nofp\libg.a
LOAD d:/sdk/arm-none-eabi/12.2/bin/../lib/gcc/arm-none-eabi/12.2.1/thumb/v7-m/nofp\libc.a
END GROUP
LOAD d:/sdk/arm-none-eabi/12.2/bin/../lib/gcc/arm-none-eabi/12.2.1/thumb/v7-m/nofp/crtend.o
LOAD d:/sdk/arm-none-eabi/12.2/bin/../lib/gcc/arm-none-eabi/12.2.1/thumb/v7-m/nofp/crtn.o
                0x20005000                        _estack = (ORIGIN (RAM) + LENGTH (RAM))
                0x00000200                        _Min_Heap_Size = 0x200
                0x00000400                        _Min_Stack_Size = 0x400

.isr_vector     0x08000000      0x10c
                0x08000000                        . = ALIGN (0x4)
 *(.isr_vector)
 .isr_vector    0x08000000      0x10c CMakeFiles/usart.elf.dir/Core/Startup/startup_stm32f103c8tx.s.obj
                0x08000000                g_pfnVectors
                0x0800010c                        . = ALIGN (0x4)

.text           0x08000110     0xb154
                0x08000110                        . = ALIGN (0x4)
 *(.text)
 .text          0x08000110      0x168 d:/sdk/arm-none-eabi/12.2/bin/../lib/gcc/arm-none-eabi/12.2.1/thumb/v7-m/nofp\libgcc.a(_arm_mulsf3.o)
                0x08000110                __aeabi_fmul
                0x08000110                __mulsf3
 .text          0x08000278      0x378 d:/sdk/arm-none-eabi/12.2/bin/../lib/gcc/arm-none-eabi/12.2.1/thumb/v7-m/nofp\libgcc.a(_arm_addsubdf3.o)
                0x08000278                __aeabi_drsub
                0x08000280                __aeabi_dsub
                0x08000280                __subdf3
                0x08000284                __aeabi_dadd
                0x08000284                __adddf3
                0x080004fc                __floatunsidf
                0x080004fc                __aeabi_ui2d
                0x0800051c                __floatsidf
                0x0800051c                __aeabi_i2d
                0x08000540                __aeabi_f2d
                0x08000540                __extendsfdf2
                0x08000584                __floatundidf
                0x08000584                __aeabi_ul2d
                0x08000594                __floatdidf
                0x08000594                __aeabi_l2d
 .text          0x080005f0      0x21c d:/sdk/arm-none-eabi/12.2/bin/../lib/gcc/arm-none-eabi/12.2.1/thumb/v7-m/nofp\libgcc.a(_arm_addsubsf3.o)
                0x080005f0                __aeabi_frsub
                0x080005f8                __subsf3
                0x080005f8                __aeabi_fsub
                0x080005fc                __aeabi_fadd
                0x080005fc                __addsf3
                0x0800075c                __aeabi_ui2f
                0x0800075c                __floatunsisf
                0x08000764                __aeabi_i2f
                0x08000764                __floatsisf
                0x08000780                __aeabi_ul2f
                0x08000780                __floatundisf
                0x08000790                __aeabi_l2f
                0x08000790                __floatdisf
 .text          0x0800080c      0x1bc d:/sdk/arm-none-eabi/12.2/bin/../lib/gcc/arm-none-eabi/12.2.1/thumb/v7-m/nofp\libg.a(libc_a-strcmp.o)
                0x0800080c                strcmp
 .text          0x080009c8       0xec d:/sdk/arm-none-eabi/12.2/bin/../lib/gcc/arm-none-eabi/12.2.1/thumb/v7-m/nofp\libg.a(libc_a-memcpy.o)
                0x080009c8                memcpy
 .text          0x08000ab4      0x424 d:/sdk/arm-none-eabi/12.2/bin/../lib/gcc/arm-none-eabi/12.2.1/thumb/v7-m/nofp\libgcc.a(_arm_muldivdf3.o)
                0x08000ab4                __aeabi_dmul
                0x08000ab4                __muldf3
                0x08000d08                __divdf3
                0x08000d08                __aeabi_ddiv
 .text          0x08000ed8      0x110 d:/sdk/arm-none-eabi/12.2/bin/../lib/gcc/arm-none-eabi/12.2.1/thumb/v7-m/nofp\libgcc.a(_arm_cmpdf2.o)
                0x08000ed8                __gtdf2
                0x08000ed8                __gedf2
                0x08000ee0                __ltdf2
                0x08000ee0                __ledf2
                0x08000ee8                __nedf2
                0x08000ee8                __eqdf2
                0x08000ee8                __cmpdf2
                0x08000f64                __aeabi_cdrcmple
                0x08000f74                __aeabi_cdcmpeq
                0x08000f74                __aeabi_cdcmple
                0x08000f84                __aeabi_dcmpeq
                0x08000f98                __aeabi_dcmplt
                0x08000fac                __aeabi_dcmple
                0x08000fc0                __aeabi_dcmpge
                0x08000fd4                __aeabi_dcmpgt
 .text          0x08000fe8       0x2c d:/sdk/arm-none-eabi/12.2/bin/../lib/gcc/arm-none-eabi/12.2.1/thumb/v7-m/nofp\libgcc.a(_arm_unorddf2.o)
                0x08000fe8                __unorddf2
                0x08000fe8                __aeabi_dcmpun
 .text          0x08001014       0x50 d:/sdk/arm-none-eabi/12.2/bin/../lib/gcc/arm-none-eabi/12.2.1/thumb/v7-m/nofp\libgcc.a(_arm_fixdfsi.o)
                0x08001014                __aeabi_d2iz
                0x08001014                __fixdfsi
 *(.text*)
 .text.deregister_tm_clones
                0x08001064       0x1c d:/sdk/arm-none-eabi/12.2/bin/../lib/gcc/arm-none-eabi/12.2.1/thumb/v7-m/nofp/crtbegin.o
 .text.register_tm_clones
                0x08001080       0x24 d:/sdk/arm-none-eabi/12.2/bin/../lib/gcc/arm-none-eabi/12.2.1/thumb/v7-m/nofp/crtbegin.o
 .text.__do_global_dtors_aux
                0x080010a4       0x28 d:/sdk/arm-none-eabi/12.2/bin/../lib/gcc/arm-none-eabi/12.2.1/thumb/v7-m/nofp/crtbegin.o
 .text.frame_dummy
                0x080010cc       0x24 d:/sdk/arm-none-eabi/12.2/bin/../lib/gcc/arm-none-eabi/12.2.1/thumb/v7-m/nofp/crtbegin.o
 .text.cs_sel   0x080010f0       0x14 CMakeFiles/usart.elf.dir/Core/Src/main.c.obj
                0x080010f0                cs_sel
 .text.cs_desel
                0x08001104       0x14 CMakeFiles/usart.elf.dir/Core/Src/main.c.obj
                0x08001104                cs_desel
 .text.spi_rb   0x08001118       0x24 CMakeFiles/usart.elf.dir/Core/Src/main.c.obj
                0x08001118                spi_rb
 .text.spi_wb   0x0800113c       0x24 CMakeFiles/usart.elf.dir/Core/Src/main.c.obj
                0x0800113c                spi_wb
 .text.MX_GPIO_Init
                0x08001160       0xe0 CMakeFiles/usart.elf.dir/Core/Src/main.c.obj
 .text.getTemp  0x08001240       0x34 CMakeFiles/usart.elf.dir/Core/Src/main.c.obj
                0x08001240                getTemp
 .text.trace    0x08001274       0x30 CMakeFiles/usart.elf.dir/Core/Src/main.c.obj
                0x08001274                trace
 .text.sendCommandToCANSlave
                0x080012a4       0xec CMakeFiles/usart.elf.dir/Core/Src/main.c.obj
                0x080012a4                sendCommandToCANSlave
 .text.sendToSocket
                0x08001390       0x48 CMakeFiles/usart.elf.dir/Core/Src/main.c.obj
                0x08001390                sendToSocket
 .text.tcp_server
                0x080013d8      0x720 CMakeFiles/usart.elf.dir/Core/Src/main.c.obj
                0x080013d8                tcp_server
 .text.Error_Handler
                0x08001af8        0x4 CMakeFiles/usart.elf.dir/Core/Src/main.c.obj
                0x08001af8                Error_Handler
 .text.MX_USART1_UART_Init
                0x08001afc       0x34 CMakeFiles/usart.elf.dir/Core/Src/main.c.obj
 .text.MX_USART2_UART_Init
                0x08001b30       0x7c CMakeFiles/usart.elf.dir/Core/Src/main.c.obj
 .text.MX_SPI2_Init
                0x08001bac       0xc4 CMakeFiles/usart.elf.dir/Core/Src/main.c.obj
 .text.MX_CAN_Init
                0x08001c70       0x9c CMakeFiles/usart.elf.dir/Core/Src/main.c.obj
 .text.SystemClock_Config
                0x08001d0c       0x64 CMakeFiles/usart.elf.dir/Core/Src/main.c.obj
                0x08001d0c                SystemClock_Config
 .text.main     0x08001d70       0x24 CMakeFiles/usart.elf.dir/Core/Src/main.c.obj
                0x08001d70                main
 .text.HAL_CAN_RxFifo0MsgPendingCallback
                0x08001d94       0x54 CMakeFiles/usart.elf.dir/Core/Src/main.c.obj
                0x08001d94                HAL_CAN_RxFifo0MsgPendingCallback
 .text.HAL_MspInit
                0x08001de8       0x44 CMakeFiles/usart.elf.dir/Core/Src/stm32f1xx_hal_msp.c.obj
                0x08001de8                HAL_MspInit
 .text.HAL_CAN_MspInit
                0x08001e2c       0x84 CMakeFiles/usart.elf.dir/Core/Src/stm32f1xx_hal_msp.c.obj
                0x08001e2c                HAL_CAN_MspInit
 .text.HAL_SPI_MspInit
                0x08001eb0       0x78 CMakeFiles/usart.elf.dir/Core/Src/stm32f1xx_hal_msp.c.obj
                0x08001eb0                HAL_SPI_MspInit
 .text.HAL_UART_MspInit
                0x08001f28       0xc0 CMakeFiles/usart.elf.dir/Core/Src/stm32f1xx_hal_msp.c.obj
                0x08001f28                HAL_UART_MspInit
 .text.NMI_Handler
                0x08001fe8        0x2 CMakeFiles/usart.elf.dir/Core/Src/stm32f1xx_it.c.obj
                0x08001fe8                NMI_Handler
 .text.HardFault_Handler
                0x08001fea        0x2 CMakeFiles/usart.elf.dir/Core/Src/stm32f1xx_it.c.obj
                0x08001fea                HardFault_Handler
 .text.MemManage_Handler
                0x08001fec        0x2 CMakeFiles/usart.elf.dir/Core/Src/stm32f1xx_it.c.obj
                0x08001fec                MemManage_Handler
 .text.BusFault_Handler
                0x08001fee        0x2 CMakeFiles/usart.elf.dir/Core/Src/stm32f1xx_it.c.obj
                0x08001fee                BusFault_Handler
 .text.UsageFault_Handler
                0x08001ff0        0x2 CMakeFiles/usart.elf.dir/Core/Src/stm32f1xx_it.c.obj
                0x08001ff0                UsageFault_Handler
 .text.SVC_Handler
                0x08001ff2        0x2 CMakeFiles/usart.elf.dir/Core/Src/stm32f1xx_it.c.obj
                0x08001ff2                SVC_Handler
 .text.DebugMon_Handler
                0x08001ff4        0x2 CMakeFiles/usart.elf.dir/Core/Src/stm32f1xx_it.c.obj
                0x08001ff4                DebugMon_Handler
 .text.PendSV_Handler
                0x08001ff6        0x2 CMakeFiles/usart.elf.dir/Core/Src/stm32f1xx_it.c.obj
                0x08001ff6                PendSV_Handler
 .text.SysTick_Handler
                0x08001ff8       0x14 CMakeFiles/usart.elf.dir/Core/Src/stm32f1xx_it.c.obj
                0x08001ff8                SysTick_Handler
 .text.USB_LP_CAN1_RX0_IRQHandler
                0x0800200c       0x10 CMakeFiles/usart.elf.dir/Core/Src/stm32f1xx_it.c.obj
                0x0800200c                USB_LP_CAN1_RX0_IRQHandler
 .text._getpid  0x0800201c        0x4 CMakeFiles/usart.elf.dir/Core/Src/syscalls.c.obj
                0x0800201c                _getpid
 .text._kill    0x08002020       0x10 CMakeFiles/usart.elf.dir/Core/Src/syscalls.c.obj
                0x08002020                _kill
 .text._exit    0x08002030        0xc CMakeFiles/usart.elf.dir/Core/Src/syscalls.c.obj
                0x08002030                _exit
 .text._read    0x0800203c       0x20 CMakeFiles/usart.elf.dir/Core/Src/syscalls.c.obj
                0x0800203c                _read
 .text._write   0x0800205c       0x1c CMakeFiles/usart.elf.dir/Core/Src/syscalls.c.obj
                0x0800205c                _write
 .text._close   0x08002078        0x6 CMakeFiles/usart.elf.dir/Core/Src/syscalls.c.obj
                0x08002078                _close
 .text._fstat   0x0800207e        0xa CMakeFiles/usart.elf.dir/Core/Src/syscalls.c.obj
                0x0800207e                _fstat
 .text._isatty  0x08002088        0x4 CMakeFiles/usart.elf.dir/Core/Src/syscalls.c.obj
                0x08002088                _isatty
 .text._lseek   0x0800208c        0x4 CMakeFiles/usart.elf.dir/Core/Src/syscalls.c.obj
                0x0800208c                _lseek
 .text._sbrk    0x08002090       0x48 CMakeFiles/usart.elf.dir/Core/Src/sysmem.c.obj
                0x08002090                _sbrk
 .text.SystemInit
                0x080020d8        0x2 CMakeFiles/usart.elf.dir/Core/Src/system_stm32f1xx.c.obj
                0x080020d8                SystemInit
 *fill*         0x080020da        0x2 
 .text.Reset_Handler
                0x080020dc       0x48 CMakeFiles/usart.elf.dir/Core/Startup/startup_stm32f103c8tx.s.obj
                0x080020dc                Reset_Handler
 .text.Default_Handler
                0x08002124        0x2 CMakeFiles/usart.elf.dir/Core/Startup/startup_stm32f103c8tx.s.obj
                0x08002124                RTC_Alarm_IRQHandler
                0x08002124                EXTI2_IRQHandler
                0x08002124                TIM1_CC_IRQHandler
                0x08002124                PVD_IRQHandler
                0x08002124                EXTI3_IRQHandler
                0x08002124                EXTI0_IRQHandler
                0x08002124                I2C2_EV_IRQHandler
                0x08002124                ADC1_2_IRQHandler
                0x08002124                SPI1_IRQHandler
                0x08002124                TAMPER_IRQHandler
                0x08002124                DMA1_Channel4_IRQHandler
                0x08002124                USART3_IRQHandler
                0x08002124                RTC_IRQHandler
                0x08002124                DMA1_Channel7_IRQHandler
                0x08002124                CAN1_RX1_IRQHandler
                0x08002124                TIM4_IRQHandler
                0x08002124                I2C1_EV_IRQHandler
                0x08002124                DMA1_Channel6_IRQHandler
                0x08002124                TIM3_IRQHandler
                0x08002124                RCC_IRQHandler
                0x08002124                TIM1_TRG_COM_IRQHandler
                0x08002124                DMA1_Channel1_IRQHandler
                0x08002124                Default_Handler
                0x08002124                EXTI15_10_IRQHandler
                0x08002124                EXTI9_5_IRQHandler
                0x08002124                SPI2_IRQHandler
                0x08002124                DMA1_Channel5_IRQHandler
                0x08002124                EXTI4_IRQHandler
                0x08002124                USB_HP_CAN1_TX_IRQHandler
                0x08002124                DMA1_Channel3_IRQHandler
                0x08002124                TIM1_UP_IRQHandler
                0x08002124                WWDG_IRQHandler
                0x08002124                TIM2_IRQHandler
                0x08002124                TIM1_BRK_IRQHandler
                0x08002124                EXTI1_IRQHandler
                0x08002124                USART2_IRQHandler
                0x08002124                I2C2_ER_IRQHandler
                0x08002124                DMA1_Channel2_IRQHandler
                0x08002124                CAN1_SCE_IRQHandler
                0x08002124                FLASH_IRQHandler
                0x08002124                USART1_IRQHandler
                0x08002124                I2C1_ER_IRQHandler
                0x08002124                USBWakeUp_IRQHandler
 *fill*         0x08002126        0x2 
 .text.HAL_InitTick
                0x08002128       0x4c CMakeFiles/usart.elf.dir/Drivers/STM32F1xx_HAL_Driver/Src/stm32f1xx_hal.c.obj
                0x08002128                HAL_InitTick
 .text.HAL_Init
                0x08002174       0x24 CMakeFiles/usart.elf.dir/Drivers/STM32F1xx_HAL_Driver/Src/stm32f1xx_hal.c.obj
                0x08002174                HAL_Init
 .text.HAL_IncTick
                0x08002198       0x18 CMakeFiles/usart.elf.dir/Drivers/STM32F1xx_HAL_Driver/Src/stm32f1xx_hal.c.obj
                0x08002198                HAL_IncTick
 .text.HAL_GetTick
                0x080021b0        0xc CMakeFiles/usart.elf.dir/Drivers/STM32F1xx_HAL_Driver/Src/stm32f1xx_hal.c.obj
                0x080021b0                HAL_GetTick
 .text.HAL_Delay
                0x080021bc       0x28 CMakeFiles/usart.elf.dir/Drivers/STM32F1xx_HAL_Driver/Src/stm32f1xx_hal.c.obj
                0x080021bc                HAL_Delay
 .text.HAL_CAN_Init
                0x080021e4      0x14c CMakeFiles/usart.elf.dir/Drivers/STM32F1xx_HAL_Driver/Src/stm32f1xx_hal_can.c.obj
                0x080021e4                HAL_CAN_Init
 .text.HAL_CAN_ConfigFilter
                0x08002330      0x10c CMakeFiles/usart.elf.dir/Drivers/STM32F1xx_HAL_Driver/Src/stm32f1xx_hal_can.c.obj
                0x08002330                HAL_CAN_ConfigFilter
 .text.HAL_CAN_Start
                0x0800243c       0x5c CMakeFiles/usart.elf.dir/Drivers/STM32F1xx_HAL_Driver/Src/stm32f1xx_hal_can.c.obj
                0x0800243c                HAL_CAN_Start
 .text.HAL_CAN_AddTxMessage
                0x08002498       0xea CMakeFiles/usart.elf.dir/Drivers/STM32F1xx_HAL_Driver/Src/stm32f1xx_hal_can.c.obj
                0x08002498                HAL_CAN_AddTxMessage
 .text.HAL_CAN_GetRxMessage
                0x08002582      0x16a CMakeFiles/usart.elf.dir/Drivers/STM32F1xx_HAL_Driver/Src/stm32f1xx_hal_can.c.obj
                0x08002582                HAL_CAN_GetRxMessage
 .text.HAL_CAN_ActivateNotification
                0x080026ec       0x24 CMakeFiles/usart.elf.dir/Drivers/STM32F1xx_HAL_Driver/Src/stm32f1xx_hal_can.c.obj
                0x080026ec                HAL_CAN_ActivateNotification
 .text.HAL_CAN_TxMailbox0CompleteCallback
                0x08002710        0x2 CMakeFiles/usart.elf.dir/Drivers/STM32F1xx_HAL_Driver/Src/stm32f1xx_hal_can.c.obj
                0x08002710                HAL_CAN_TxMailbox0CompleteCallback
 .text.HAL_CAN_TxMailbox1CompleteCallback
                0x08002712        0x2 CMakeFiles/usart.elf.dir/Drivers/STM32F1xx_HAL_Driver/Src/stm32f1xx_hal_can.c.obj
                0x08002712                HAL_CAN_TxMailbox1CompleteCallback
 .text.HAL_CAN_TxMailbox2CompleteCallback
                0x08002714        0x2 CMakeFiles/usart.elf.dir/Drivers/STM32F1xx_HAL_Driver/Src/stm32f1xx_hal_can.c.obj
                0x08002714                HAL_CAN_TxMailbox2CompleteCallback
 .text.HAL_CAN_TxMailbox0AbortCallback
                0x08002716        0x2 CMakeFiles/usart.elf.dir/Drivers/STM32F1xx_HAL_Driver/Src/stm32f1xx_hal_can.c.obj
                0x08002716                HAL_CAN_TxMailbox0AbortCallback
 .text.HAL_CAN_TxMailbox1AbortCallback
                0x08002718        0x2 CMakeFiles/usart.elf.dir/Drivers/STM32F1xx_HAL_Driver/Src/stm32f1xx_hal_can.c.obj
                0x08002718                HAL_CAN_TxMailbox1AbortCallback
 .text.HAL_CAN_TxMailbox2AbortCallback
                0x0800271a        0x2 CMakeFiles/usart.elf.dir/Drivers/STM32F1xx_HAL_Driver/Src/stm32f1xx_hal_can.c.obj
                0x0800271a                HAL_CAN_TxMailbox2AbortCallback
 .text.HAL_CAN_RxFifo0FullCallback
                0x0800271c        0x2 CMakeFiles/usart.elf.dir/Drivers/STM32F1xx_HAL_Driver/Src/stm32f1xx_hal_can.c.obj
                0x0800271c                HAL_CAN_RxFifo0FullCallback
 .text.HAL_CAN_RxFifo1MsgPendingCallback
                0x0800271e        0x2 CMakeFiles/usart.elf.dir/Drivers/STM32F1xx_HAL_Driver/Src/stm32f1xx_hal_can.c.obj
                0x0800271e                HAL_CAN_RxFifo1MsgPendingCallback
 .text.HAL_CAN_RxFifo1FullCallback
                0x08002720        0x2 CMakeFiles/usart.elf.dir/Drivers/STM32F1xx_HAL_Driver/Src/stm32f1xx_hal_can.c.obj
                0x08002720                HAL_CAN_RxFifo1FullCallback
 .text.HAL_CAN_SleepCallback
                0x08002722        0x2 CMakeFiles/usart.elf.dir/Drivers/STM32F1xx_HAL_Driver/Src/stm32f1xx_hal_can.c.obj
                0x08002722                HAL_CAN_SleepCallback
 .text.HAL_CAN_WakeUpFromRxMsgCallback
                0x08002724        0x2 CMakeFiles/usart.elf.dir/Drivers/STM32F1xx_HAL_Driver/Src/stm32f1xx_hal_can.c.obj
                0x08002724                HAL_CAN_WakeUpFromRxMsgCallback
 .text.HAL_CAN_ErrorCallback
                0x08002726        0x2 CMakeFiles/usart.elf.dir/Drivers/STM32F1xx_HAL_Driver/Src/stm32f1xx_hal_can.c.obj
                0x08002726                HAL_CAN_ErrorCallback
 .text.HAL_CAN_IRQHandler
                0x08002728      0x24a CMakeFiles/usart.elf.dir/Drivers/STM32F1xx_HAL_Driver/Src/stm32f1xx_hal_can.c.obj
                0x08002728                HAL_CAN_IRQHandler
 *fill*         0x08002972        0x2 
 .text.__NVIC_SetPriority
                0x08002974       0x28 CMakeFiles/usart.elf.dir/Drivers/STM32F1xx_HAL_Driver/Src/stm32f1xx_hal_cortex.c.obj
 .text.NVIC_EncodePriority
                0x0800299c       0x3e CMakeFiles/usart.elf.dir/Drivers/STM32F1xx_HAL_Driver/Src/stm32f1xx_hal_cortex.c.obj
 *fill*         0x080029da        0x2 
 .text.HAL_NVIC_SetPriorityGrouping
                0x080029dc       0x24 CMakeFiles/usart.elf.dir/Drivers/STM32F1xx_HAL_Driver/Src/stm32f1xx_hal_cortex.c.obj
                0x080029dc                HAL_NVIC_SetPriorityGrouping
 .text.HAL_NVIC_SetPriority
                0x08002a00       0x20 CMakeFiles/usart.elf.dir/Drivers/STM32F1xx_HAL_Driver/Src/stm32f1xx_hal_cortex.c.obj
                0x08002a00                HAL_NVIC_SetPriority
 .text.HAL_NVIC_EnableIRQ
                0x08002a20       0x1c CMakeFiles/usart.elf.dir/Drivers/STM32F1xx_HAL_Driver/Src/stm32f1xx_hal_cortex.c.obj
                0x08002a20                HAL_NVIC_EnableIRQ
 .text.HAL_SYSTICK_Config
                0x08002a3c       0x28 CMakeFiles/usart.elf.dir/Drivers/STM32F1xx_HAL_Driver/Src/stm32f1xx_hal_cortex.c.obj
                0x08002a3c                HAL_SYSTICK_Config
 .text.HAL_GPIO_Init
                0x08002a64      0x21c CMakeFiles/usart.elf.dir/Drivers/STM32F1xx_HAL_Driver/Src/stm32f1xx_hal_gpio.c.obj
                0x08002a64                HAL_GPIO_Init
 .text.HAL_GPIO_WritePin
                0x08002c80        0xc CMakeFiles/usart.elf.dir/Drivers/STM32F1xx_HAL_Driver/Src/stm32f1xx_hal_gpio.c.obj
                0x08002c80                HAL_GPIO_WritePin
 .text.HAL_GPIO_TogglePin
                0x08002c8c       0x12 CMakeFiles/usart.elf.dir/Drivers/STM32F1xx_HAL_Driver/Src/stm32f1xx_hal_gpio.c.obj
                0x08002c8c                HAL_GPIO_TogglePin
 *fill*         0x08002c9e        0x2 
 .text.RCC_Delay
                0x08002ca0       0x2c CMakeFiles/usart.elf.dir/Drivers/STM32F1xx_HAL_Driver/Src/stm32f1xx_hal_rcc.c.obj
 .text.HAL_RCC_OscConfig
                0x08002ccc      0x410 CMakeFiles/usart.elf.dir/Drivers/STM32F1xx_HAL_Driver/Src/stm32f1xx_hal_rcc.c.obj
                0x08002ccc                HAL_RCC_OscConfig
 .text.HAL_RCC_GetSysClockFreq
                0x080030dc       0x54 CMakeFiles/usart.elf.dir/Drivers/STM32F1xx_HAL_Driver/Src/stm32f1xx_hal_rcc.c.obj
                0x080030dc                HAL_RCC_GetSysClockFreq
 .text.HAL_RCC_ClockConfig
                0x08003130      0x16c CMakeFiles/usart.elf.dir/Drivers/STM32F1xx_HAL_Driver/Src/stm32f1xx_hal_rcc.c.obj
                0x08003130                HAL_RCC_ClockConfig
 .text.HAL_RCC_GetHCLKFreq
                0x0800329c        0xc CMakeFiles/usart.elf.dir/Drivers/STM32F1xx_HAL_Driver/Src/stm32f1xx_hal_rcc.c.obj
                0x0800329c                HAL_RCC_GetHCLKFreq
 .text.HAL_RCC_GetPCLK1Freq
                0x080032a8       0x20 CMakeFiles/usart.elf.dir/Drivers/STM32F1xx_HAL_Driver/Src/stm32f1xx_hal_rcc.c.obj
                0x080032a8                HAL_RCC_GetPCLK1Freq
 .text.HAL_RCC_GetPCLK2Freq
                0x080032c8       0x20 CMakeFiles/usart.elf.dir/Drivers/STM32F1xx_HAL_Driver/Src/stm32f1xx_hal_rcc.c.obj
                0x080032c8                HAL_RCC_GetPCLK2Freq
 .text.SPI_WaitFlagStateUntilTimeout
                0x080032e8       0xc8 CMakeFiles/usart.elf.dir/Drivers/STM32F1xx_HAL_Driver/Src/stm32f1xx_hal_spi.c.obj
 .text.SPI_EndRxTxTransaction
                0x080033b0       0x24 CMakeFiles/usart.elf.dir/Drivers/STM32F1xx_HAL_Driver/Src/stm32f1xx_hal_spi.c.obj
 .text.SPI_EndRxTransaction
                0x080033d4       0x74 CMakeFiles/usart.elf.dir/Drivers/STM32F1xx_HAL_Driver/Src/stm32f1xx_hal_spi.c.obj
 .text.HAL_SPI_Init
                0x08003448       0xb6 CMakeFiles/usart.elf.dir/Drivers/STM32F1xx_HAL_Driver/Src/stm32f1xx_hal_spi.c.obj
                0x08003448                HAL_SPI_Init
 .text.HAL_SPI_Transmit
                0x080034fe      0x1b8 CMakeFiles/usart.elf.dir/Drivers/STM32F1xx_HAL_Driver/Src/stm32f1xx_hal_spi.c.obj
                0x080034fe                HAL_SPI_Transmit
 .text.HAL_SPI_TransmitReceive
                0x080036b6      0x244 CMakeFiles/usart.elf.dir/Drivers/STM32F1xx_HAL_Driver/Src/stm32f1xx_hal_spi.c.obj
                0x080036b6                HAL_SPI_TransmitReceive
 .text.HAL_SPI_Receive
                0x080038fa      0x17e CMakeFiles/usart.elf.dir/Drivers/STM32F1xx_HAL_Driver/Src/stm32f1xx_hal_spi.c.obj
                0x080038fa                HAL_SPI_Receive
 .text.UART_SetConfig
                0x08003a78       0x94 CMakeFiles/usart.elf.dir/Drivers/STM32F1xx_HAL_Driver/Src/stm32f1xx_hal_uart.c.obj
 .text.UART_WaitOnFlagUntilTimeout
                0x08003b0c       0x84 CMakeFiles/usart.elf.dir/Drivers/STM32F1xx_HAL_Driver/Src/stm32f1xx_hal_uart.c.obj
 .text.HAL_UART_Init
                0x08003b90       0x60 CMakeFiles/usart.elf.dir/Drivers/STM32F1xx_HAL_Driver/Src/stm32f1xx_hal_uart.c.obj
                0x08003b90                HAL_UART_Init
 .text.HAL_HalfDuplex_Init
                0x08003bf0       0x6c CMakeFiles/usart.elf.dir/Drivers/STM32F1xx_HAL_Driver/Src/stm32f1xx_hal_uart.c.obj
                0x08003bf0                HAL_HalfDuplex_Init
 .text.HAL_UART_Transmit
                0x08003c5c       0xbe CMakeFiles/usart.elf.dir/Drivers/STM32F1xx_HAL_Driver/Src/stm32f1xx_hal_uart.c.obj
                0x08003c5c                HAL_UART_Transmit
 .text.HAL_UART_Receive
                0x08003d1a       0xca CMakeFiles/usart.elf.dir/Drivers/STM32F1xx_HAL_Driver/Src/stm32f1xx_hal_uart.c.obj
                0x08003d1a                HAL_UART_Receive
 .text.CalculateChecksum
                0x08003de4       0x3c CMakeFiles/usart.elf.dir/Modules/DS18B20/ds18b20.c.obj
 .text.ExecuteCommand
                0x08003e20       0x72 CMakeFiles/usart.elf.dir/Modules/DS18B20/ds18b20.c.obj
 .text.WaitForConversionFinished
                0x08003e92       0x1c CMakeFiles/usart.elf.dir/Modules/DS18B20/ds18b20.c.obj
 *fill*         0x08003eae        0x2 
 .text.DS18B20_ConvertT
                0x08003eb0       0x64 CMakeFiles/usart.elf.dir/Modules/DS18B20/ds18b20.c.obj
                0x08003eb0                DS18B20_ConvertT
 .text.DS18B20_ReadScratchpad
                0x08003f14       0x94 CMakeFiles/usart.elf.dir/Modules/DS18B20/ds18b20.c.obj
                0x08003f14                DS18B20_ReadScratchpad
 .text.DS18B20_WriteScratchpad
                0x08003fa8       0x24 CMakeFiles/usart.elf.dir/Modules/DS18B20/ds18b20.c.obj
                0x08003fa8                DS18B20_WriteScratchpad
 .text.DS18B20_InitializationCommand
                0x08003fcc       0x22 CMakeFiles/usart.elf.dir/Modules/DS18B20/ds18b20.c.obj
                0x08003fcc                DS18B20_InitializationCommand
 *fill*         0x08003fee        0x2 
 .text.DS18B20_ReadRom
                0x08003ff0       0x34 CMakeFiles/usart.elf.dir/Modules/DS18B20/ds18b20.c.obj
                0x08003ff0                DS18B20_ReadRom
 .text.DS18B20_SkipRom
                0x08004024       0x1c CMakeFiles/usart.elf.dir/Modules/DS18B20/ds18b20.c.obj
                0x08004024                DS18B20_SkipRom
 .text.DS18B20_Init
                0x08004040        0xc CMakeFiles/usart.elf.dir/Modules/DS18B20/ds18b20.c.obj
                0x08004040                DS18B20_Init
 .text.SetBaudrate
                0x0800404c       0x60 CMakeFiles/usart.elf.dir/Modules/OneWire/onewire.c.obj
 .text.OneWire_ProcessBit
                0x080040ac       0x3c CMakeFiles/usart.elf.dir/Modules/OneWire/onewire.c.obj
                0x080040ac                OneWire_ProcessBit
 .text.OneWire_ProcessByte
                0x080040e8       0x3e CMakeFiles/usart.elf.dir/Modules/OneWire/onewire.c.obj
                0x080040e8                OneWire_ProcessByte
 .text.OneWire_Reset
                0x08004126       0x56 CMakeFiles/usart.elf.dir/Modules/OneWire/onewire.c.obj
                0x08004126                OneWire_Reset
 .text.WIZCHIP_READ
                0x0800417c       0x64 CMakeFiles/usart.elf.dir/Modules/ioLibrary_Driver/Ethernet/W5500/w5500.c.obj
                0x0800417c                WIZCHIP_READ
 .text.WIZCHIP_WRITE
                0x080041e0       0x68 CMakeFiles/usart.elf.dir/Modules/ioLibrary_Driver/Ethernet/W5500/w5500.c.obj
                0x080041e0                WIZCHIP_WRITE
 .text.WIZCHIP_READ_BUF
                0x08004248       0x7c CMakeFiles/usart.elf.dir/Modules/ioLibrary_Driver/Ethernet/W5500/w5500.c.obj
                0x08004248                WIZCHIP_READ_BUF
 .text.WIZCHIP_WRITE_BUF
                0x080042c4       0x7c CMakeFiles/usart.elf.dir/Modules/ioLibrary_Driver/Ethernet/W5500/w5500.c.obj
                0x080042c4                WIZCHIP_WRITE_BUF
 .text.getSn_TX_FSR
                0x08004340       0x56 CMakeFiles/usart.elf.dir/Modules/ioLibrary_Driver/Ethernet/W5500/w5500.c.obj
                0x08004340                getSn_TX_FSR
 .text.getSn_RX_RSR
                0x08004396       0x56 CMakeFiles/usart.elf.dir/Modules/ioLibrary_Driver/Ethernet/W5500/w5500.c.obj
                0x08004396                getSn_RX_RSR
 .text.wiz_send_data
                0x080043ec       0x5c CMakeFiles/usart.elf.dir/Modules/ioLibrary_Driver/Ethernet/W5500/w5500.c.obj
                0x080043ec                wiz_send_data
 .text.wiz_recv_data
                0x08004448       0x5c CMakeFiles/usart.elf.dir/Modules/ioLibrary_Driver/Ethernet/W5500/w5500.c.obj
                0x08004448                wiz_recv_data
 .text.close    0x080044a4       0x78 CMakeFiles/usart.elf.dir/Modules/ioLibrary_Driver/Ethernet/socket.c.obj
                0x080044a4                close
 .text.socket   0x0800451c      0x160 CMakeFiles/usart.elf.dir/Modules/ioLibrary_Driver/Ethernet/socket.c.obj
                0x0800451c                socket
 .text.listen   0x0800467c       0x6c CMakeFiles/usart.elf.dir/Modules/ioLibrary_Driver/Ethernet/socket.c.obj
                0x0800467c                listen
 .text.disconnect
                0x080046e8       0x90 CMakeFiles/usart.elf.dir/Modules/ioLibrary_Driver/Ethernet/socket.c.obj
                0x080046e8                disconnect
 .text.send     0x08004778      0x124 CMakeFiles/usart.elf.dir/Modules/ioLibrary_Driver/Ethernet/socket.c.obj
                0x08004778                send
 .text.recv     0x0800489c       0xdc CMakeFiles/usart.elf.dir/Modules/ioLibrary_Driver/Ethernet/socket.c.obj
                0x0800489c                recv
 .text.wizchip_cris_enter
                0x08004978        0x2 CMakeFiles/usart.elf.dir/Modules/ioLibrary_Driver/Ethernet/wizchip_conf.c.obj
                0x08004978                wizchip_cris_enter
 .text.wizchip_cris_exit
                0x0800497a        0x2 CMakeFiles/usart.elf.dir/Modules/ioLibrary_Driver/Ethernet/wizchip_conf.c.obj
                0x0800497a                wizchip_cris_exit
 .text.wizchip_cs_select
                0x0800497c        0x2 CMakeFiles/usart.elf.dir/Modules/ioLibrary_Driver/Ethernet/wizchip_conf.c.obj
                0x0800497c                wizchip_cs_select
 .text.wizchip_cs_deselect
                0x0800497e        0x2 CMakeFiles/usart.elf.dir/Modules/ioLibrary_Driver/Ethernet/wizchip_conf.c.obj
                0x0800497e                wizchip_cs_deselect
 .text.wizchip_bus_readdata
                0x08004980        0x4 CMakeFiles/usart.elf.dir/Modules/ioLibrary_Driver/Ethernet/wizchip_conf.c.obj
                0x08004980                wizchip_bus_readdata
 .text.wizchip_bus_writedata
                0x08004984        0x4 CMakeFiles/usart.elf.dir/Modules/ioLibrary_Driver/Ethernet/wizchip_conf.c.obj
                0x08004984                wizchip_bus_writedata
 .text.wizchip_spi_readbyte
                0x08004988        0x4 CMakeFiles/usart.elf.dir/Modules/ioLibrary_Driver/Ethernet/wizchip_conf.c.obj
                0x08004988                wizchip_spi_readbyte
 .text.wizchip_spi_writebyte
                0x0800498c        0x2 CMakeFiles/usart.elf.dir/Modules/ioLibrary_Driver/Ethernet/wizchip_conf.c.obj
                0x0800498c                wizchip_spi_writebyte
 *fill*         0x0800498e        0x2 
 .text.reg_wizchip_cs_cbfunc
                0x08004990       0x24 CMakeFiles/usart.elf.dir/Modules/ioLibrary_Driver/Ethernet/wizchip_conf.c.obj
                0x08004990                reg_wizchip_cs_cbfunc
 .text.reg_wizchip_spi_cbfunc
                0x080049b4       0x30 CMakeFiles/usart.elf.dir/Modules/ioLibrary_Driver/Ethernet/wizchip_conf.c.obj
                0x080049b4                reg_wizchip_spi_cbfunc
 .text.wizchip_sw_reset
                0x080049e4       0x78 CMakeFiles/usart.elf.dir/Modules/ioLibrary_Driver/Ethernet/wizchip_conf.c.obj
                0x080049e4                wizchip_sw_reset
 .text.wizchip_init
                0x08004a5c       0x8a CMakeFiles/usart.elf.dir/Modules/ioLibrary_Driver/Ethernet/wizchip_conf.c.obj
                0x08004a5c                wizchip_init
 *fill*         0x08004ae6        0x2 
 .text.wizchip_setnetinfo
                0x08004ae8       0x5c CMakeFiles/usart.elf.dir/Modules/ioLibrary_Driver/Ethernet/wizchip_conf.c.obj
                0x08004ae8                wizchip_setnetinfo
 .text.wizchip_getnetinfo
                0x08004b44       0x5c CMakeFiles/usart.elf.dir/Modules/ioLibrary_Driver/Ethernet/wizchip_conf.c.obj
                0x08004b44                wizchip_getnetinfo
 .text._malloc_r
                0x08004ba0      0x570 d:/sdk/arm-none-eabi/12.2/bin/../lib/gcc/arm-none-eabi/12.2.1/thumb/v7-m/nofp\libg.a(libc_a-mallocr.o)
                0x08004ba0                _malloc_r
 .text.__malloc_lock
                0x08005110        0xc d:/sdk/arm-none-eabi/12.2/bin/../lib/gcc/arm-none-eabi/12.2.1/thumb/v7-m/nofp\libg.a(libc_a-mlock.o)
                0x08005110                __malloc_lock
 .text.__malloc_unlock
                0x0800511c        0xc d:/sdk/arm-none-eabi/12.2/bin/../lib/gcc/arm-none-eabi/12.2.1/thumb/v7-m/nofp\libg.a(libc_a-mlock.o)
                0x0800511c                __malloc_unlock
 .text._strtol_l.constprop.0
                0x08005128      0x138 d:/sdk/arm-none-eabi/12.2/bin/../lib/gcc/arm-none-eabi/12.2.1/thumb/v7-m/nofp\libg.a(libc_a-strtol.o)
 .text.strtol   0x08005260       0x1c d:/sdk/arm-none-eabi/12.2/bin/../lib/gcc/arm-none-eabi/12.2.1/thumb/v7-m/nofp\libg.a(libc_a-strtol.o)
                0x08005260                strtol
 .text.stdio_exit_handler
                0x0800527c       0x18 d:/sdk/arm-none-eabi/12.2/bin/../lib/gcc/arm-none-eabi/12.2.1/thumb/v7-m/nofp\libg.a(libc_a-findfp.o)
 .text.cleanup_stdio
                0x08005294       0x40 d:/sdk/arm-none-eabi/12.2/bin/../lib/gcc/arm-none-eabi/12.2.1/thumb/v7-m/nofp\libg.a(libc_a-findfp.o)
 .text.global_stdio_init.part.0
                0x080052d4       0xf0 d:/sdk/arm-none-eabi/12.2/bin/../lib/gcc/arm-none-eabi/12.2.1/thumb/v7-m/nofp\libg.a(libc_a-findfp.o)
 .text.__sinit  0x080053c4       0x3c d:/sdk/arm-none-eabi/12.2/bin/../lib/gcc/arm-none-eabi/12.2.1/thumb/v7-m/nofp\libg.a(libc_a-findfp.o)
                0x080053c4                __sinit
 .text.__sfp_lock_acquire
                0x08005400        0xc d:/sdk/arm-none-eabi/12.2/bin/../lib/gcc/arm-none-eabi/12.2.1/thumb/v7-m/nofp\libg.a(libc_a-findfp.o)
                0x08005400                __sfp_lock_acquire
 .text.__sfp_lock_release
                0x0800540c        0xc d:/sdk/arm-none-eabi/12.2/bin/../lib/gcc/arm-none-eabi/12.2.1/thumb/v7-m/nofp\libg.a(libc_a-findfp.o)
                0x0800540c                __sfp_lock_release
 .text._fwalk_sglue
                0x08005418       0x44 d:/sdk/arm-none-eabi/12.2/bin/../lib/gcc/arm-none-eabi/12.2.1/thumb/v7-m/nofp\libg.a(libc_a-fwalk.o)
                0x08005418                _fwalk_sglue
 .text.snprintf
                0x0800545c       0x84 d:/sdk/arm-none-eabi/12.2/bin/../lib/gcc/arm-none-eabi/12.2.1/thumb/v7-m/nofp\libg.a(libc_a-snprintf.o)
                0x0800545c                snprintf
 .text.__sread  0x080054e0       0x24 d:/sdk/arm-none-eabi/12.2/bin/../lib/gcc/arm-none-eabi/12.2.1/thumb/v7-m/nofp\libg.a(libc_a-stdio.o)
                0x080054e0                __sread
 .text.__swrite
                0x08005504       0x40 d:/sdk/arm-none-eabi/12.2/bin/../lib/gcc/arm-none-eabi/12.2.1/thumb/v7-m/nofp\libg.a(libc_a-stdio.o)
                0x08005504                __swrite
 .text.__sseek  0x08005544       0x24 d:/sdk/arm-none-eabi/12.2/bin/../lib/gcc/arm-none-eabi/12.2.1/thumb/v7-m/nofp\libg.a(libc_a-stdio.o)
                0x08005544                __sseek
 .text.__sclose
                0x08005568        0x8 d:/sdk/arm-none-eabi/12.2/bin/../lib/gcc/arm-none-eabi/12.2.1/thumb/v7-m/nofp\libg.a(libc_a-stdio.o)
                0x08005568                __sclose
 .text.memset   0x08005570       0xa0 d:/sdk/arm-none-eabi/12.2/bin/../lib/gcc/arm-none-eabi/12.2.1/thumb/v7-m/nofp\libg.a(libc_a-memset.o)
                0x08005570                memset
 .text.strncpy  0x08005610       0x6c d:/sdk/arm-none-eabi/12.2/bin/../lib/gcc/arm-none-eabi/12.2.1/thumb/v7-m/nofp\libg.a(libc_a-strncpy.o)
                0x08005610                strncpy
 .text.strtok   0x0800567c       0x10 d:/sdk/arm-none-eabi/12.2/bin/../lib/gcc/arm-none-eabi/12.2.1/thumb/v7-m/nofp\libg.a(libc_a-strtok.o)
                0x0800567c                strtok
 .text.__strtok_r
                0x0800568c       0x68 d:/sdk/arm-none-eabi/12.2/bin/../lib/gcc/arm-none-eabi/12.2.1/thumb/v7-m/nofp\libg.a(libc_a-strtok_r.o)
                0x0800568c                __strtok_r
 .text._close_r
                0x080056f4       0x24 d:/sdk/arm-none-eabi/12.2/bin/../lib/gcc/arm-none-eabi/12.2.1/thumb/v7-m/nofp\libg.a(libc_a-closer.o)
                0x080056f4                _close_r
 .text._lseek_r
                0x08005718       0x2c d:/sdk/arm-none-eabi/12.2/bin/../lib/gcc/arm-none-eabi/12.2.1/thumb/v7-m/nofp\libg.a(libc_a-lseekr.o)
                0x08005718                _lseek_r
 .text._read_r  0x08005744       0x2c d:/sdk/arm-none-eabi/12.2/bin/../lib/gcc/arm-none-eabi/12.2.1/thumb/v7-m/nofp\libg.a(libc_a-readr.o)
                0x08005744                _read_r
 .text._sbrk_r  0x08005770       0x24 d:/sdk/arm-none-eabi/12.2/bin/../lib/gcc/arm-none-eabi/12.2.1/thumb/v7-m/nofp\libg.a(libc_a-sbrkr.o)
                0x08005770                _sbrk_r
 .text._write_r
                0x08005794       0x2c d:/sdk/arm-none-eabi/12.2/bin/../lib/gcc/arm-none-eabi/12.2.1/thumb/v7-m/nofp\libg.a(libc_a-writer.o)
                0x08005794                _write_r
 .text.__errno  0x080057c0        0xc d:/sdk/arm-none-eabi/12.2/bin/../lib/gcc/arm-none-eabi/12.2.1/thumb/v7-m/nofp\libg.a(libc_a-errno.o)
                0x080057c0                __errno
 .text.__libc_init_array
                0x080057cc       0x50 d:/sdk/arm-none-eabi/12.2/bin/../lib/gcc/arm-none-eabi/12.2.1/thumb/v7-m/nofp\libg.a(libc_a-init.o)
                0x080057cc                __libc_init_array
 .text.__retarget_lock_init_recursive
                0x0800581c        0x4 d:/sdk/arm-none-eabi/12.2/bin/../lib/gcc/arm-none-eabi/12.2.1/thumb/v7-m/nofp\libg.a(libc_a-lock.o)
                0x0800581c                __retarget_lock_init_recursive
 .text.__retarget_lock_close_recursive
                0x08005820        0x4 d:/sdk/arm-none-eabi/12.2/bin/../lib/gcc/arm-none-eabi/12.2.1/thumb/v7-m/nofp\libg.a(libc_a-lock.o)
                0x08005820                __retarget_lock_close_recursive
 .text.__retarget_lock_acquire_recursive
                0x08005824        0x4 d:/sdk/arm-none-eabi/12.2/bin/../lib/gcc/arm-none-eabi/12.2.1/thumb/v7-m/nofp\libg.a(libc_a-lock.o)
                0x08005824                __retarget_lock_acquire_recursive
 .text.__retarget_lock_release_recursive
                0x08005828        0x4 d:/sdk/arm-none-eabi/12.2/bin/../lib/gcc/arm-none-eabi/12.2.1/thumb/v7-m/nofp\libg.a(libc_a-lock.o)
                0x08005828                __retarget_lock_release_recursive
 .text.sysconf  0x0800582c       0x1c d:/sdk/arm-none-eabi/12.2/bin/../lib/gcc/arm-none-eabi/12.2.1/thumb/v7-m/nofp\libg.a(libc_a-sysconf.o)
                0x0800582c                sysconf
 .text.strcpy   0x08005848       0xbc d:/sdk/arm-none-eabi/12.2/bin/../lib/gcc/arm-none-eabi/12.2.1/thumb/v7-m/nofp\libg.a(libc_a-strcpy.o)
                0x08005848                strcpy
 .text.strlen   0x08005904       0x5c d:/sdk/arm-none-eabi/12.2/bin/../lib/gcc/arm-none-eabi/12.2.1/thumb/v7-m/nofp\libg.a(libc_a-strlen-stub.o)
                0x08005904                strlen
 .text.startup.register_fini
                0x08005960       0x14 d:/sdk/arm-none-eabi/12.2/bin/../lib/gcc/arm-none-eabi/12.2.1/thumb/v7-m/nofp\libg.a(libc_a-__call_atexit.o)
 .text.atexit   0x08005974        0xc d:/sdk/arm-none-eabi/12.2/bin/../lib/gcc/arm-none-eabi/12.2.1/thumb/v7-m/nofp\libg.a(libc_a-atexit.o)
                0x08005974                atexit
 .text._malloc_trim_r
                0x08005980       0xb8 d:/sdk/arm-none-eabi/12.2/bin/../lib/gcc/arm-none-eabi/12.2.1/thumb/v7-m/nofp\libg.a(libc_a-freer.o)
                0x08005980                _malloc_trim_r
 .text._free_r  0x08005a38      0x1fc d:/sdk/arm-none-eabi/12.2/bin/../lib/gcc/arm-none-eabi/12.2.1/thumb/v7-m/nofp\libg.a(libc_a-freer.o)
                0x08005a38                _free_r
 .text._svfprintf_r
                0x08005c34     0x1bb8 d:/sdk/arm-none-eabi/12.2/bin/../lib/gcc/arm-none-eabi/12.2.1/thumb/v7-m/nofp\libg.a(libc_a-svfprintf.o)
                0x08005c34                _svfprintf_r
 .text.__sprint_r.part.0
                0x080077ec       0x78 d:/sdk/arm-none-eabi/12.2/bin/../lib/gcc/arm-none-eabi/12.2.1/thumb/v7-m/nofp\libg.a(libc_a-vfiprintf.o)
 .text._vfiprintf_r
                0x08007864      0xf9c d:/sdk/arm-none-eabi/12.2/bin/../lib/gcc/arm-none-eabi/12.2.1/thumb/v7-m/nofp\libg.a(libc_a-vfiprintf.o)
                0x08007864                _vfiprintf_r
 .text.__sbprintf
                0x08008800       0x80 d:/sdk/arm-none-eabi/12.2/bin/../lib/gcc/arm-none-eabi/12.2.1/thumb/v7-m/nofp\libg.a(libc_a-vfiprintf.o)
 .text._fclose_r
                0x08008880       0xc0 d:/sdk/arm-none-eabi/12.2/bin/../lib/gcc/arm-none-eabi/12.2.1/thumb/v7-m/nofp\libg.a(libc_a-fclose.o)
                0x08008880                _fclose_r
 .text.__sflush_r
                0x08008940      0x128 d:/sdk/arm-none-eabi/12.2/bin/../lib/gcc/arm-none-eabi/12.2.1/thumb/v7-m/nofp\libg.a(libc_a-fflush.o)
                0x08008940                __sflush_r
 .text._fflush_r
                0x08008a68       0x54 d:/sdk/arm-none-eabi/12.2/bin/../lib/gcc/arm-none-eabi/12.2.1/thumb/v7-m/nofp\libg.a(libc_a-fflush.o)
                0x08008a68                _fflush_r
 .text.__sfvwrite_r
                0x08008abc      0x2ec d:/sdk/arm-none-eabi/12.2/bin/../lib/gcc/arm-none-eabi/12.2.1/thumb/v7-m/nofp\libg.a(libc_a-fvwrite.o)
                0x08008abc                __sfvwrite_r
 .text.__swbuf_r
                0x08008da8       0xac d:/sdk/arm-none-eabi/12.2/bin/../lib/gcc/arm-none-eabi/12.2.1/thumb/v7-m/nofp\libg.a(libc_a-wbuf.o)
                0x08008da8                __swbuf_r
 .text.__swsetup_r
                0x08008e54       0xc0 d:/sdk/arm-none-eabi/12.2/bin/../lib/gcc/arm-none-eabi/12.2.1/thumb/v7-m/nofp\libg.a(libc_a-wsetup.o)
                0x08008e54                __swsetup_r
 .text.__fputwc
                0x08008f14       0x7c d:/sdk/arm-none-eabi/12.2/bin/../lib/gcc/arm-none-eabi/12.2.1/thumb/v7-m/nofp\libg.a(libc_a-fputwc.o)
                0x08008f14                __fputwc
 .text._fputwc_r
                0x08008f90       0x60 d:/sdk/arm-none-eabi/12.2/bin/../lib/gcc/arm-none-eabi/12.2.1/thumb/v7-m/nofp\libg.a(libc_a-fputwc.o)
                0x08008f90                _fputwc_r
 .text.memmove  0x08008ff0       0xfc d:/sdk/arm-none-eabi/12.2/bin/../lib/gcc/arm-none-eabi/12.2.1/thumb/v7-m/nofp\libg.a(libc_a-memmove.o)
                0x08008ff0                memmove
 .text.__locale_mb_cur_max
                0x080090ec        0xc d:/sdk/arm-none-eabi/12.2/bin/../lib/gcc/arm-none-eabi/12.2.1/thumb/v7-m/nofp\libg.a(libc_a-locale.o)
                0x080090ec                __locale_mb_cur_max
 .text._localeconv_r
                0x080090f8        0x8 d:/sdk/arm-none-eabi/12.2/bin/../lib/gcc/arm-none-eabi/12.2.1/thumb/v7-m/nofp\libg.a(libc_a-localeconv.o)
                0x080090f8                _localeconv_r
 .text.__libc_fini_array
                0x08009100       0x28 d:/sdk/arm-none-eabi/12.2/bin/../lib/gcc/arm-none-eabi/12.2.1/thumb/v7-m/nofp\libg.a(libc_a-fini.o)
                0x08009100                __libc_fini_array
 .text.memchr   0x08009128       0x98 d:/sdk/arm-none-eabi/12.2/bin/../lib/gcc/arm-none-eabi/12.2.1/thumb/v7-m/nofp\libg.a(libc_a-memchr-stub.o)
                0x08009128                memchr
 .text.frexp    0x080091c0       0x70 d:/sdk/arm-none-eabi/12.2/bin/../lib/gcc/arm-none-eabi/12.2.1/thumb/v7-m/nofp\libg.a(libm_a-s_frexp.o)
                0x080091c0                frexp
 .text.__register_exitproc
                0x08009230       0x80 d:/sdk/arm-none-eabi/12.2/bin/../lib/gcc/arm-none-eabi/12.2.1/thumb/v7-m/nofp\libg.a(libc_a-__atexit.o)
                0x08009230                __register_exitproc
 .text.quorem   0x080092b0      0x13c d:/sdk/arm-none-eabi/12.2/bin/../lib/gcc/arm-none-eabi/12.2.1/thumb/v7-m/nofp\libg.a(libc_a-dtoa.o)
 *fill*         0x080093ec        0x4 
 .text._dtoa_r  0x080093f0      0xe54 d:/sdk/arm-none-eabi/12.2/bin/../lib/gcc/arm-none-eabi/12.2.1/thumb/v7-m/nofp\libg.a(libc_a-dtoa.o)
                0x080093f0                _dtoa_r
 .text.__ascii_mbtowc
                0x0800a244       0x2c d:/sdk/arm-none-eabi/12.2/bin/../lib/gcc/arm-none-eabi/12.2.1/thumb/v7-m/nofp\libg.a(libc_a-mbtowc_r.o)
                0x0800a244                __ascii_mbtowc
 .text._Balloc  0x0800a270       0x4c d:/sdk/arm-none-eabi/12.2/bin/../lib/gcc/arm-none-eabi/12.2.1/thumb/v7-m/nofp\libg.a(libc_a-mprec.o)
                0x0800a270                _Balloc
 .text._Bfree   0x0800a2bc       0x14 d:/sdk/arm-none-eabi/12.2/bin/../lib/gcc/arm-none-eabi/12.2.1/thumb/v7-m/nofp\libg.a(libc_a-mprec.o)
                0x0800a2bc                _Bfree
 .text.__multadd
                0x0800a2d0       0xa4 d:/sdk/arm-none-eabi/12.2/bin/../lib/gcc/arm-none-eabi/12.2.1/thumb/v7-m/nofp\libg.a(libc_a-mprec.o)
                0x0800a2d0                __multadd
 .text.__hi0bits
                0x0800a374       0x44 d:/sdk/arm-none-eabi/12.2/bin/../lib/gcc/arm-none-eabi/12.2.1/thumb/v7-m/nofp\libg.a(libc_a-mprec.o)
                0x0800a374                __hi0bits
 .text.__lo0bits
                0x0800a3b8       0x5c d:/sdk/arm-none-eabi/12.2/bin/../lib/gcc/arm-none-eabi/12.2.1/thumb/v7-m/nofp\libg.a(libc_a-mprec.o)
                0x0800a3b8                __lo0bits
 .text.__i2b    0x0800a414       0x5c d:/sdk/arm-none-eabi/12.2/bin/../lib/gcc/arm-none-eabi/12.2.1/thumb/v7-m/nofp\libg.a(libc_a-mprec.o)
                0x0800a414                __i2b
 .text.__multiply
                0x0800a470      0x164 d:/sdk/arm-none-eabi/12.2/bin/../lib/gcc/arm-none-eabi/12.2.1/thumb/v7-m/nofp\libg.a(libc_a-mprec.o)
                0x0800a470                __multiply
 .text.__pow5mult
                0x0800a5d4       0xb4 d:/sdk/arm-none-eabi/12.2/bin/../lib/gcc/arm-none-eabi/12.2.1/thumb/v7-m/nofp\libg.a(libc_a-mprec.o)
                0x0800a5d4                __pow5mult
 .text.__lshift
                0x0800a688       0xec d:/sdk/arm-none-eabi/12.2/bin/../lib/gcc/arm-none-eabi/12.2.1/thumb/v7-m/nofp\libg.a(libc_a-mprec.o)
                0x0800a688                __lshift
 .text.__mcmp   0x0800a774       0x40 d:/sdk/arm-none-eabi/12.2/bin/../lib/gcc/arm-none-eabi/12.2.1/thumb/v7-m/nofp\libg.a(libc_a-mprec.o)
                0x0800a774                __mcmp
 .text.__mdiff  0x0800a7b4      0x160 d:/sdk/arm-none-eabi/12.2/bin/../lib/gcc/arm-none-eabi/12.2.1/thumb/v7-m/nofp\libg.a(libc_a-mprec.o)
                0x0800a7b4                __mdiff
 .text.__d2b    0x0800a914       0xbc d:/sdk/arm-none-eabi/12.2/bin/../lib/gcc/arm-none-eabi/12.2.1/thumb/v7-m/nofp\libg.a(libc_a-mprec.o)
                0x0800a914                __d2b
 .text._realloc_r
                0x0800a9d0      0x34c d:/sdk/arm-none-eabi/12.2/bin/../lib/gcc/arm-none-eabi/12.2.1/thumb/v7-m/nofp\libg.a(libc_a-reallocr.o)
                0x0800a9d0                _realloc_r
 .text.__ascii_wctomb
                0x0800ad1c       0x1c d:/sdk/arm-none-eabi/12.2/bin/../lib/gcc/arm-none-eabi/12.2.1/thumb/v7-m/nofp\libg.a(libc_a-wctomb_r.o)
                0x0800ad1c                __ascii_wctomb
 .text._wcrtomb_r
                0x0800ad38       0x4c d:/sdk/arm-none-eabi/12.2/bin/../lib/gcc/arm-none-eabi/12.2.1/thumb/v7-m/nofp\libg.a(libc_a-wcrtomb.o)
                0x0800ad38                _wcrtomb_r
 .text._wcsrtombs_r
                0x0800ad84       0x18 d:/sdk/arm-none-eabi/12.2/bin/../lib/gcc/arm-none-eabi/12.2.1/thumb/v7-m/nofp\libg.a(libc_a-wcsrtombs.o)
                0x0800ad84                _wcsrtombs_r
 .text.__ssprint_r
                0x0800ad9c      0x110 d:/sdk/arm-none-eabi/12.2/bin/../lib/gcc/arm-none-eabi/12.2.1/thumb/v7-m/nofp\libg.a(libc_a-svfiprintf.o)
                0x0800ad9c                __ssprint_r
 .text.__smakebuf_r
                0x0800aeac       0xdc d:/sdk/arm-none-eabi/12.2/bin/../lib/gcc/arm-none-eabi/12.2.1/thumb/v7-m/nofp\libg.a(libc_a-makebuf.o)
                0x0800aeac                __smakebuf_r
 .text._fstat_r
                0x0800af88       0x28 d:/sdk/arm-none-eabi/12.2/bin/../lib/gcc/arm-none-eabi/12.2.1/thumb/v7-m/nofp\libg.a(libc_a-fstatr.o)
                0x0800af88                _fstat_r
 .text._isatty_r
                0x0800afb0       0x24 d:/sdk/arm-none-eabi/12.2/bin/../lib/gcc/arm-none-eabi/12.2.1/thumb/v7-m/nofp\libg.a(libc_a-isattyr.o)
                0x0800afb0                _isatty_r
 .text.__assert_func
                0x0800afd4       0x40 d:/sdk/arm-none-eabi/12.2/bin/../lib/gcc/arm-none-eabi/12.2.1/thumb/v7-m/nofp\libg.a(libc_a-assert.o)
                0x0800afd4                __assert_func
 .text._calloc_r
                0x0800b014       0x6c d:/sdk/arm-none-eabi/12.2/bin/../lib/gcc/arm-none-eabi/12.2.1/thumb/v7-m/nofp\libg.a(libc_a-callocr.o)
                0x0800b014                _calloc_r
 .text._wcsnrtombs_l
                0x0800b080       0xec d:/sdk/arm-none-eabi/12.2/bin/../lib/gcc/arm-none-eabi/12.2.1/thumb/v7-m/nofp\libg.a(libc_a-wcsnrtombs.o)
                0x0800b080                _wcsnrtombs_l
 .text._wcsnrtombs_r
                0x0800b16c       0x24 d:/sdk/arm-none-eabi/12.2/bin/../lib/gcc/arm-none-eabi/12.2.1/thumb/v7-m/nofp\libg.a(libc_a-wcsnrtombs.o)
                0x0800b16c                _wcsnrtombs_r
 .text.fiprintf
                0x0800b190       0x28 d:/sdk/arm-none-eabi/12.2/bin/../lib/gcc/arm-none-eabi/12.2.1/thumb/v7-m/nofp\libg.a(libc_a-fiprintf.o)
                0x0800b190                fiprintf
 .text.abort    0x0800b1b8       0x10 d:/sdk/arm-none-eabi/12.2/bin/../lib/gcc/arm-none-eabi/12.2.1/thumb/v7-m/nofp\libg.a(libc_a-abort.o)
                0x0800b1b8                abort
 .text.raise    0x0800b1c8       0x58 d:/sdk/arm-none-eabi/12.2/bin/../lib/gcc/arm-none-eabi/12.2.1/thumb/v7-m/nofp\libg.a(libc_a-signal.o)
                0x0800b1c8                raise
 .text._kill_r  0x0800b220       0x28 d:/sdk/arm-none-eabi/12.2/bin/../lib/gcc/arm-none-eabi/12.2.1/thumb/v7-m/nofp\libg.a(libc_a-signalr.o)
                0x0800b220                _kill_r
 .text._getpid_r
                0x0800b248        0x4 d:/sdk/arm-none-eabi/12.2/bin/../lib/gcc/arm-none-eabi/12.2.1/thumb/v7-m/nofp\libg.a(libc_a-signalr.o)
                0x0800b248                _getpid_r
 *(.glue_7)
 .glue_7        0x0800b24c        0x0 linker stubs
 *(.glue_7t)
 .glue_7t       0x0800b24c        0x0 linker stubs
 *(.eh_frame)
 .eh_frame      0x0800b24c        0x0 d:/sdk/arm-none-eabi/12.2/bin/../lib/gcc/arm-none-eabi/12.2.1/thumb/v7-m/nofp/crtbegin.o
 *(.init)
 .init          0x0800b24c        0x4 d:/sdk/arm-none-eabi/12.2/bin/../lib/gcc/arm-none-eabi/12.2.1/thumb/v7-m/nofp/crti.o
                0x0800b24c                _init
 .init          0x0800b250        0x8 d:/sdk/arm-none-eabi/12.2/bin/../lib/gcc/arm-none-eabi/12.2.1/thumb/v7-m/nofp/crtn.o
 *(.fini)
 .fini          0x0800b258        0x4 d:/sdk/arm-none-eabi/12.2/bin/../lib/gcc/arm-none-eabi/12.2.1/thumb/v7-m/nofp/crti.o
                0x0800b258                _fini
 .fini          0x0800b25c        0x8 d:/sdk/arm-none-eabi/12.2/bin/../lib/gcc/arm-none-eabi/12.2.1/thumb/v7-m/nofp/crtn.o
                0x0800b264                        . = ALIGN (0x4)
                0x0800b264                        _etext = .

.vfp11_veneer   0x0800b264        0x0
 .vfp11_veneer  0x0800b264        0x0 linker stubs

.v4_bx          0x0800b264        0x0
 .v4_bx         0x0800b264        0x0 linker stubs

.iplt           0x0800b264        0x0
 .iplt          0x0800b264        0x0 d:/sdk/arm-none-eabi/12.2/bin/../lib/gcc/arm-none-eabi/12.2.1/thumb/v7-m/nofp/crtbegin.o

.rodata         0x0800b268      0x8f8
                0x0800b268                        . = ALIGN (0x4)
 *(.rodata)
 .rodata        0x0800b268        0x6 CMakeFiles/usart.elf.dir/Core/Src/main.c.obj
 *(.rodata*)
 *fill*         0x0800b26e        0x2 
 .rodata.sendCommandToCANSlave.str1.4
                0x0800b270       0x37 CMakeFiles/usart.elf.dir/Core/Src/main.c.obj
 *fill*         0x0800b2a7        0x1 
 .rodata.sendToSocket.str1.4
                0x0800b2a8       0x35 CMakeFiles/usart.elf.dir/Core/Src/main.c.obj
                                 0x39 (size before relaxing)
 *fill*         0x0800b2dd        0x3 
 .rodata.tcp_server.str1.4
                0x0800b2e0      0x408 CMakeFiles/usart.elf.dir/Core/Src/main.c.obj
 .rodata.MX_SPI2_Init.str1.4
                0x0800b6e8       0x11 CMakeFiles/usart.elf.dir/Core/Src/main.c.obj
 *fill*         0x0800b6f9        0x3 
 .rodata.HAL_CAN_RxFifo0MsgPendingCallback.str1.4
                0x0800b6fc       0x26 CMakeFiles/usart.elf.dir/Core/Src/main.c.obj
 *fill*         0x0800b722        0x2 
 .rodata.APBPrescTable
                0x0800b724        0x8 CMakeFiles/usart.elf.dir/Core/Src/system_stm32f1xx.c.obj
                0x0800b724                APBPrescTable
 .rodata.AHBPrescTable
                0x0800b72c       0x10 CMakeFiles/usart.elf.dir/Core/Src/system_stm32f1xx.c.obj
                0x0800b72c                AHBPrescTable
 .rodata.aPredivFactorTable.0
                0x0800b73c        0x2 CMakeFiles/usart.elf.dir/Drivers/STM32F1xx_HAL_Driver/Src/stm32f1xx_hal_rcc.c.obj
 *fill*         0x0800b73e        0x2 
 .rodata.aPLLMULFactorTable.1
                0x0800b740       0x10 CMakeFiles/usart.elf.dir/Drivers/STM32F1xx_HAL_Driver/Src/stm32f1xx_hal_rcc.c.obj
 .rodata.convertT
                0x0800b750        0x3 CMakeFiles/usart.elf.dir/Modules/DS18B20/ds18b20.c.obj
 *fill*         0x0800b753        0x1 
 .rodata.writeScratchpad
                0x0800b754        0x3 CMakeFiles/usart.elf.dir/Modules/DS18B20/ds18b20.c.obj
 *fill*         0x0800b757        0x1 
 .rodata.readScratchpad
                0x0800b758        0x3 CMakeFiles/usart.elf.dir/Modules/DS18B20/ds18b20.c.obj
 *fill*         0x0800b75b        0x1 
 .rodata.skipRom
                0x0800b75c        0x3 CMakeFiles/usart.elf.dir/Modules/DS18B20/ds18b20.c.obj
 *fill*         0x0800b75f        0x1 
 .rodata.readRom
                0x0800b760        0x3 CMakeFiles/usart.elf.dir/Modules/DS18B20/ds18b20.c.obj
 *fill*         0x0800b763        0x1 
 .rodata._ctype_
                0x0800b764      0x101 d:/sdk/arm-none-eabi/12.2/bin/../lib/gcc/arm-none-eabi/12.2.1/thumb/v7-m/nofp\libg.a(libc_a-ctype_.o)
                0x0800b764                _ctype_
 *fill*         0x0800b865        0x3 
 .rodata._svfprintf_r.str1.4
                0x0800b868       0x42 d:/sdk/arm-none-eabi/12.2/bin/../lib/gcc/arm-none-eabi/12.2.1/thumb/v7-m/nofp\libg.a(libc_a-svfprintf.o)
 *fill*         0x0800b8aa        0x2 
 .rodata.zeroes.0
                0x0800b8ac       0x10 d:/sdk/arm-none-eabi/12.2/bin/../lib/gcc/arm-none-eabi/12.2.1/thumb/v7-m/nofp\libg.a(libc_a-svfprintf.o)
 .rodata.blanks.1
                0x0800b8bc       0x10 d:/sdk/arm-none-eabi/12.2/bin/../lib/gcc/arm-none-eabi/12.2.1/thumb/v7-m/nofp\libg.a(libc_a-svfprintf.o)
 .rodata._vfiprintf_r.str1.4
                0x0800b8cc       0x2f d:/sdk/arm-none-eabi/12.2/bin/../lib/gcc/arm-none-eabi/12.2.1/thumb/v7-m/nofp\libg.a(libc_a-vfiprintf.o)
 .rodata.zeroes.0
                0x0800b8cc       0x10 d:/sdk/arm-none-eabi/12.2/bin/../lib/gcc/arm-none-eabi/12.2.1/thumb/v7-m/nofp\libg.a(libc_a-vfiprintf.o)
 .rodata.blanks.1
                0x0800b8dc       0x10 d:/sdk/arm-none-eabi/12.2/bin/../lib/gcc/arm-none-eabi/12.2.1/thumb/v7-m/nofp\libg.a(libc_a-vfiprintf.o)
 .rodata.str1.4
                0x0800b8ec       0x48 d:/sdk/arm-none-eabi/12.2/bin/../lib/gcc/arm-none-eabi/12.2.1/thumb/v7-m/nofp\libg.a(libc_a-locale.o)
                                 0x4c (size before relaxing)
 .rodata._dtoa_r.str1.4
                0x0800b934       0x85 d:/sdk/arm-none-eabi/12.2/bin/../lib/gcc/arm-none-eabi/12.2.1/thumb/v7-m/nofp\libg.a(libc_a-dtoa.o)
                                 0x89 (size before relaxing)
 *fill*         0x0800b9b9        0x3 
 .rodata.__multadd.str1.4
                0x0800b9bc       0x62 d:/sdk/arm-none-eabi/12.2/bin/../lib/gcc/arm-none-eabi/12.2.1/thumb/v7-m/nofp\libg.a(libc_a-mprec.o)
                                 0x76 (size before relaxing)
 *fill*         0x0800ba1e        0x2 
 .rodata.p05.0  0x0800ba20        0xc d:/sdk/arm-none-eabi/12.2/bin/../lib/gcc/arm-none-eabi/12.2.1/thumb/v7-m/nofp\libg.a(libc_a-mprec.o)
 *fill*         0x0800ba2c        0x4 
 .rodata.__mprec_bigtens
                0x0800ba30       0x28 d:/sdk/arm-none-eabi/12.2/bin/../lib/gcc/arm-none-eabi/12.2.1/thumb/v7-m/nofp\libg.a(libc_a-mprec.o)
                0x0800ba30                __mprec_bigtens
 .rodata.__mprec_tens
                0x0800ba58       0xc8 d:/sdk/arm-none-eabi/12.2/bin/../lib/gcc/arm-none-eabi/12.2.1/thumb/v7-m/nofp\libg.a(libc_a-mprec.o)
                0x0800ba58                __mprec_tens
 .rodata.__assert_func.str1.4
                0x0800bb20       0x3f d:/sdk/arm-none-eabi/12.2/bin/../lib/gcc/arm-none-eabi/12.2.1/thumb/v7-m/nofp\libg.a(libc_a-assert.o)
                                 0x43 (size before relaxing)
                0x0800bb60                        . = ALIGN (0x4)
 *fill*         0x0800bb5f        0x1 

.ARM.extab      0x0800bb60        0x0
                0x0800bb60                        . = ALIGN (0x4)
 *(.ARM.extab* .gnu.linkonce.armextab.*)
                0x0800bb60                        . = ALIGN (0x4)

.ARM            0x0800bb60        0x8
                0x0800bb60                        . = ALIGN (0x4)
                0x0800bb60                        __exidx_start = .
 *(.ARM.exidx*)
 .ARM.exidx     0x0800bb60        0x8 d:/sdk/arm-none-eabi/12.2/bin/../lib/gcc/arm-none-eabi/12.2.1/thumb/v7-m/nofp\libg.a(libc_a-strcmp.o)
 .ARM.exidx     0x0800bb68        0x0 d:/sdk/arm-none-eabi/12.2/bin/../lib/gcc/arm-none-eabi/12.2.1/thumb/v7-m/nofp\libg.a(libc_a-memcpy.o)
                                  0x8 (size before relaxing)
                0x0800bb68                        __exidx_end = .
                0x0800bb68                        . = ALIGN (0x4)

.rel.dyn        0x0800bb68        0x0
 .rel.iplt      0x0800bb68        0x0 d:/sdk/arm-none-eabi/12.2/bin/../lib/gcc/arm-none-eabi/12.2.1/thumb/v7-m/nofp/crtbegin.o

.preinit_array  0x0800bb68        0x0
                0x0800bb68                        . = ALIGN (0x4)
                0x0800bb68                        PROVIDE (__preinit_array_start = .)
 *(.preinit_array*)
                0x0800bb68                        PROVIDE (__preinit_array_end = .)
                0x0800bb68                        . = ALIGN (0x4)

.init_array     0x0800bb68        0x8
                0x0800bb68                        . = ALIGN (0x4)
                0x0800bb68                        PROVIDE (__init_array_start = .)
 *(SORT_BY_NAME(.init_array.*))
 .init_array.00000
                0x0800bb68        0x4 d:/sdk/arm-none-eabi/12.2/bin/../lib/gcc/arm-none-eabi/12.2.1/thumb/v7-m/nofp\libg.a(libc_a-__call_atexit.o)
 *(.init_array*)
 .init_array    0x0800bb6c        0x4 d:/sdk/arm-none-eabi/12.2/bin/../lib/gcc/arm-none-eabi/12.2.1/thumb/v7-m/nofp/crtbegin.o
                0x0800bb70                        PROVIDE (__init_array_end = .)
                0x0800bb70                        . = ALIGN (0x4)

.fini_array     0x0800bb70        0x4
                0x0800bb70                        . = ALIGN (0x4)
                0x0800bb70                        PROVIDE (__fini_array_start = .)
 *(SORT_BY_NAME(.fini_array.*))
 *(.fini_array*)
 .fini_array    0x0800bb70        0x4 d:/sdk/arm-none-eabi/12.2/bin/../lib/gcc/arm-none-eabi/12.2.1/thumb/v7-m/nofp/crtbegin.o
                0x0800bb74                        PROVIDE (__fini_array_end = .)
                0x0800bb74                        . = ALIGN (0x4)
                0x0800bb74                        _sidata = LOADADDR (.data)

.data           0x20000000      0x710 load address 0x0800bb74
                0x20000000                        . = ALIGN (0x4)
                0x20000000                        _sdata = .
 *(.data)
 *(.data*)
 .data.ids      0x20000000       0x20 CMakeFiles/usart.elf.dir/Core/Src/main.c.obj
                0x20000000                ids
 .data.SystemCoreClock
                0x20000020        0x4 CMakeFiles/usart.elf.dir/Core/Src/system_stm32f1xx.c.obj
                0x20000020                SystemCoreClock
 .data.uwTickFreq
                0x20000024        0x1 CMakeFiles/usart.elf.dir/Drivers/STM32F1xx_HAL_Driver/Src/stm32f1xx_hal.c.obj
                0x20000024                uwTickFreq
 *fill*         0x20000025        0x3 
 .data.uwTickPrio
                0x20000028        0x4 CMakeFiles/usart.elf.dir/Drivers/STM32F1xx_HAL_Driver/Src/stm32f1xx_hal.c.obj
                0x20000028                uwTickPrio
 .data.sock_any_port
                0x2000002c        0x2 CMakeFiles/usart.elf.dir/Modules/ioLibrary_Driver/Ethernet/socket.c.obj
 *fill*         0x2000002e        0x2 
 .data.WIZCHIP  0x20000030       0x2c CMakeFiles/usart.elf.dir/Modules/ioLibrary_Driver/Ethernet/wizchip_conf.c.obj
                0x20000030                WIZCHIP
 .data.__malloc_sbrk_base
                0x2000005c        0x4 d:/sdk/arm-none-eabi/12.2/bin/../lib/gcc/arm-none-eabi/12.2.1/thumb/v7-m/nofp\libg.a(libc_a-mallocr.o)
                0x2000005c                __malloc_sbrk_base
 .data.__malloc_trim_threshold
                0x20000060        0x4 d:/sdk/arm-none-eabi/12.2/bin/../lib/gcc/arm-none-eabi/12.2.1/thumb/v7-m/nofp\libg.a(libc_a-mallocr.o)
                0x20000060                __malloc_trim_threshold
 *fill*         0x20000064        0x4 
 .data.__malloc_av_
                0x20000068      0x408 d:/sdk/arm-none-eabi/12.2/bin/../lib/gcc/arm-none-eabi/12.2.1/thumb/v7-m/nofp\libg.a(libc_a-mallocr.o)
                0x20000068                __malloc_av_
 .data.__sglue  0x20000470        0xc d:/sdk/arm-none-eabi/12.2/bin/../lib/gcc/arm-none-eabi/12.2.1/thumb/v7-m/nofp\libg.a(libc_a-findfp.o)
                0x20000470                __sglue
 .data._impure_ptr
                0x2000047c        0x4 d:/sdk/arm-none-eabi/12.2/bin/../lib/gcc/arm-none-eabi/12.2.1/thumb/v7-m/nofp\libg.a(libc_a-impure.o)
                0x2000047c                _impure_ptr
 .data._impure_data
                0x20000480      0x120 d:/sdk/arm-none-eabi/12.2/bin/../lib/gcc/arm-none-eabi/12.2.1/thumb/v7-m/nofp\libg.a(libc_a-impure.o)
                0x20000480                _impure_data
 .data.__atexit_recursive_mutex
                0x200005a0        0x4 d:/sdk/arm-none-eabi/12.2/bin/../lib/gcc/arm-none-eabi/12.2.1/thumb/v7-m/nofp\libg.a(libc_a-__call_atexit.o)
                0x200005a0                __atexit_recursive_mutex
 .data.__global_locale
                0x200005a4      0x16c d:/sdk/arm-none-eabi/12.2/bin/../lib/gcc/arm-none-eabi/12.2.1/thumb/v7-m/nofp\libg.a(libc_a-locale.o)
                0x200005a4                __global_locale
 *(.RamFunc)
 *(.RamFunc*)
                0x20000710                        . = ALIGN (0x4)
                0x20000710                        _edata = .

.tm_clone_table
                0x20000710        0x0 load address 0x0800c284
 .tm_clone_table
                0x20000710        0x0 d:/sdk/arm-none-eabi/12.2/bin/../lib/gcc/arm-none-eabi/12.2.1/thumb/v7-m/nofp/crtbegin.o
 .tm_clone_table
                0x20000710        0x0 d:/sdk/arm-none-eabi/12.2/bin/../lib/gcc/arm-none-eabi/12.2.1/thumb/v7-m/nofp/crtend.o

.igot.plt       0x20000710        0x0 load address 0x0800c284
 .igot.plt      0x20000710        0x0 d:/sdk/arm-none-eabi/12.2/bin/../lib/gcc/arm-none-eabi/12.2.1/thumb/v7-m/nofp/crtbegin.o
                0x20000710                        . = ALIGN (0x4)

.bss            0x20000710      0x50c load address 0x0800c284
                0x20000710                        _sbss = .
                0x20000710                        __bss_start__ = _sbss
 *(.bss)
 *(.bss*)
 .bss.completed.1
                0x20000710        0x1 d:/sdk/arm-none-eabi/12.2/bin/../lib/gcc/arm-none-eabi/12.2.1/thumb/v7-m/nofp/crtbegin.o
 *fill*         0x20000711        0x3 
 .bss.object.0  0x20000714       0x18 d:/sdk/arm-none-eabi/12.2/bin/../lib/gcc/arm-none-eabi/12.2.1/thumb/v7-m/nofp/crtbegin.o
 .bss.tempBuff  0x2000072c        0x8 CMakeFiles/usart.elf.dir/Core/Src/main.c.obj
                0x2000072c                tempBuff
 .bss.pEnd      0x20000734        0x4 CMakeFiles/usart.elf.dir/Core/Src/main.c.obj
                0x20000734                pEnd
 .bss.r         0x20000738        0x1 CMakeFiles/usart.elf.dir/Core/Src/main.c.obj
                0x20000738                r
 *fill*         0x20000739        0x3 
 .bss.temp      0x2000073c        0x4 CMakeFiles/usart.elf.dir/Core/Src/main.c.obj
                0x2000073c                temp
 .bss.id        0x20000740        0x1 CMakeFiles/usart.elf.dir/Core/Src/main.c.obj
                0x20000740                id
 *fill*         0x20000741        0x3 
 .bss.p         0x20000744        0x4 CMakeFiles/usart.elf.dir/Core/Src/main.c.obj
                0x20000744                p
 .bss.i         0x20000748        0x1 CMakeFiles/usart.elf.dir/Core/Src/main.c.obj
                0x20000748                i
 *fill*         0x20000749        0x3 
 .bss.ret       0x2000074c        0x4 CMakeFiles/usart.elf.dir/Core/Src/main.c.obj
                0x2000074c                ret
 .bss.arr       0x20000750        0x8 CMakeFiles/usart.elf.dir/Core/Src/main.c.obj
                0x20000750                arr
 .bss.buff      0x20000758        0xa CMakeFiles/usart.elf.dir/Core/Src/main.c.obj
                0x20000758                buff
 *fill*         0x20000762        0x2 
 .bss.currentId
                0x20000764        0x4 CMakeFiles/usart.elf.dir/Core/Src/main.c.obj
                0x20000764                currentId
 .bss.attempts  0x20000768        0x1 CMakeFiles/usart.elf.dir/Core/Src/main.c.obj
                0x20000768                attempts
 .bss.newData   0x20000769        0x1 CMakeFiles/usart.elf.dir/Core/Src/main.c.obj
                0x20000769                newData
 .bss.failsafe  0x2000076a        0x2 CMakeFiles/usart.elf.dir/Core/Src/main.c.obj
                0x2000076a                failsafe
 .bss.canMailbox
                0x2000076c        0x4 CMakeFiles/usart.elf.dir/Core/Src/main.c.obj
                0x2000076c                canMailbox
 .bss.canTX     0x20000770        0x8 CMakeFiles/usart.elf.dir/Core/Src/main.c.obj
                0x20000770                canTX
 .bss.canRX     0x20000778        0x8 CMakeFiles/usart.elf.dir/Core/Src/main.c.obj
                0x20000778                canRX
 .bss.txHeader  0x20000780       0x18 CMakeFiles/usart.elf.dir/Core/Src/main.c.obj
                0x20000780                txHeader
 .bss.rxHeader  0x20000798       0x1c CMakeFiles/usart.elf.dir/Core/Src/main.c.obj
                0x20000798                rxHeader
 .bss.temperatureSensor
                0x200007b4       0x18 CMakeFiles/usart.elf.dir/Core/Src/main.c.obj
                0x200007b4                temperatureSensor
 .bss.huart2    0x200007cc       0x48 CMakeFiles/usart.elf.dir/Core/Src/main.c.obj
                0x200007cc                huart2
 .bss.huart1    0x20000814       0x48 CMakeFiles/usart.elf.dir/Core/Src/main.c.obj
                0x20000814                huart1
 .bss.hspi2     0x2000085c       0x58 CMakeFiles/usart.elf.dir/Core/Src/main.c.obj
                0x2000085c                hspi2
 .bss.hcan      0x200008b4       0x28 CMakeFiles/usart.elf.dir/Core/Src/main.c.obj
                0x200008b4                hcan
 .bss.__sbrk_heap_end
                0x200008dc        0x4 CMakeFiles/usart.elf.dir/Core/Src/sysmem.c.obj
 .bss.uwTick    0x200008e0        0x4 CMakeFiles/usart.elf.dir/Drivers/STM32F1xx_HAL_Driver/Src/stm32f1xx_hal.c.obj
                0x200008e0                uwTick
 .bss.sock_pack_info
                0x200008e4        0x8 CMakeFiles/usart.elf.dir/Modules/ioLibrary_Driver/Ethernet/socket.c.obj
                0x200008e4                sock_pack_info
 .bss.sock_remained_size
                0x200008ec       0x10 CMakeFiles/usart.elf.dir/Modules/ioLibrary_Driver/Ethernet/socket.c.obj
 .bss.sock_is_sending
                0x200008fc        0x2 CMakeFiles/usart.elf.dir/Modules/ioLibrary_Driver/Ethernet/socket.c.obj
 .bss.sock_io_mode
                0x200008fe        0x2 CMakeFiles/usart.elf.dir/Modules/ioLibrary_Driver/Ethernet/socket.c.obj
 .bss._DHCP_    0x20000900        0x1 CMakeFiles/usart.elf.dir/Modules/ioLibrary_Driver/Ethernet/wizchip_conf.c.obj
 *fill*         0x20000901        0x3 
 .bss._DNS_     0x20000904        0x4 CMakeFiles/usart.elf.dir/Modules/ioLibrary_Driver/Ethernet/wizchip_conf.c.obj
 .bss.__malloc_current_mallinfo
                0x20000908       0x28 d:/sdk/arm-none-eabi/12.2/bin/../lib/gcc/arm-none-eabi/12.2.1/thumb/v7-m/nofp\libg.a(libc_a-mallocr.o)
                0x20000908                __malloc_current_mallinfo
 .bss.__malloc_max_total_mem
                0x20000930        0x4 d:/sdk/arm-none-eabi/12.2/bin/../lib/gcc/arm-none-eabi/12.2.1/thumb/v7-m/nofp\libg.a(libc_a-mallocr.o)
                0x20000930                __malloc_max_total_mem
 .bss.__malloc_max_sbrked_mem
                0x20000934        0x4 d:/sdk/arm-none-eabi/12.2/bin/../lib/gcc/arm-none-eabi/12.2.1/thumb/v7-m/nofp\libg.a(libc_a-mallocr.o)
                0x20000934                __malloc_max_sbrked_mem
 .bss.__malloc_top_pad
                0x20000938        0x4 d:/sdk/arm-none-eabi/12.2/bin/../lib/gcc/arm-none-eabi/12.2.1/thumb/v7-m/nofp\libg.a(libc_a-mallocr.o)
                0x20000938                __malloc_top_pad
 .bss.__sf      0x2000093c      0x138 d:/sdk/arm-none-eabi/12.2/bin/../lib/gcc/arm-none-eabi/12.2.1/thumb/v7-m/nofp\libg.a(libc_a-findfp.o)
                0x2000093c                __sf
 .bss.__stdio_exit_handler
                0x20000a74        0x4 d:/sdk/arm-none-eabi/12.2/bin/../lib/gcc/arm-none-eabi/12.2.1/thumb/v7-m/nofp\libg.a(libc_a-findfp.o)
                0x20000a74                __stdio_exit_handler
 .bss.errno     0x20000a78        0x4 d:/sdk/arm-none-eabi/12.2/bin/../lib/gcc/arm-none-eabi/12.2.1/thumb/v7-m/nofp\libg.a(libc_a-reent.o)
                0x20000a78                errno
 .bss.__lock___malloc_recursive_mutex
                0x20000a7c        0x1 d:/sdk/arm-none-eabi/12.2/bin/../lib/gcc/arm-none-eabi/12.2.1/thumb/v7-m/nofp\libg.a(libc_a-lock.o)
                0x20000a7c                __lock___malloc_recursive_mutex
 *fill*         0x20000a7d        0x3 
 .bss.__lock___atexit_recursive_mutex
                0x20000a80        0x1 d:/sdk/arm-none-eabi/12.2/bin/../lib/gcc/arm-none-eabi/12.2.1/thumb/v7-m/nofp\libg.a(libc_a-lock.o)
                0x20000a80                __lock___atexit_recursive_mutex
 *fill*         0x20000a81        0x3 
 .bss.__lock___sfp_recursive_mutex
                0x20000a84        0x1 d:/sdk/arm-none-eabi/12.2/bin/../lib/gcc/arm-none-eabi/12.2.1/thumb/v7-m/nofp\libg.a(libc_a-lock.o)
                0x20000a84                __lock___sfp_recursive_mutex
 *fill*         0x20000a85        0x3 
 .bss.__atexit  0x20000a88        0x4 d:/sdk/arm-none-eabi/12.2/bin/../lib/gcc/arm-none-eabi/12.2.1/thumb/v7-m/nofp\libg.a(libc_a-__call_atexit.o)
                0x20000a88                __atexit
 .bss.__atexit0
                0x20000a8c      0x190 d:/sdk/arm-none-eabi/12.2/bin/../lib/gcc/arm-none-eabi/12.2.1/thumb/v7-m/nofp\libg.a(libc_a-__atexit.o)
                0x20000a8c                __atexit0
 *(COMMON)
                0x20000c1c                        . = ALIGN (0x4)
                0x20000c1c                        _ebss = .
                0x20000c1c                        __bss_end__ = _ebss

._user_heap_stack
                0x20000c1c      0x604 load address 0x0800c284
                0x20000c20                        . = ALIGN (0x8)
 *fill*         0x20000c1c        0x4 
                [!provide]                        PROVIDE (end = .)
                0x20000c20                        PROVIDE (_end = .)
                0x20000e20                        . = (. + _Min_Heap_Size)
 *fill*         0x20000c20      0x200 
                0x20001220                        . = (. + _Min_Stack_Size)
 *fill*         0x20000e20      0x400 
                0x20001220                        . = ALIGN (0x8)

/DISCARD/
 libc.a(*)
 libm.a(*)
 libgcc.a(*)

.ARM.attributes
                0x00000000       0x29
 *(.ARM.attributes)
 .ARM.attributes
                0x00000000       0x1d d:/sdk/arm-none-eabi/12.2/bin/../lib/gcc/arm-none-eabi/12.2.1/thumb/v7-m/nofp/crti.o
 .ARM.attributes
                0x0000001d       0x2d d:/sdk/arm-none-eabi/12.2/bin/../lib/gcc/arm-none-eabi/12.2.1/thumb/v7-m/nofp/crtbegin.o
 .ARM.attributes
                0x0000004a       0x2d CMakeFiles/usart.elf.dir/Core/Src/main.c.obj
 .ARM.attributes
                0x00000077       0x2d CMakeFiles/usart.elf.dir/Core/Src/stm32f1xx_hal_msp.c.obj
 .ARM.attributes
                0x000000a4       0x2d CMakeFiles/usart.elf.dir/Core/Src/stm32f1xx_it.c.obj
 .ARM.attributes
                0x000000d1       0x2d CMakeFiles/usart.elf.dir/Core/Src/syscalls.c.obj
 .ARM.attributes
                0x000000fe       0x2d CMakeFiles/usart.elf.dir/Core/Src/sysmem.c.obj
 .ARM.attributes
                0x0000012b       0x2d CMakeFiles/usart.elf.dir/Core/Src/system_stm32f1xx.c.obj
 .ARM.attributes
                0x00000158       0x21 CMakeFiles/usart.elf.dir/Core/Startup/startup_stm32f103c8tx.s.obj
 .ARM.attributes
                0x00000179       0x2d CMakeFiles/usart.elf.dir/Drivers/STM32F1xx_HAL_Driver/Src/stm32f1xx_hal.c.obj
 .ARM.attributes
                0x000001a6       0x2d CMakeFiles/usart.elf.dir/Drivers/STM32F1xx_HAL_Driver/Src/stm32f1xx_hal_can.c.obj
 .ARM.attributes
                0x000001d3       0x2d CMakeFiles/usart.elf.dir/Drivers/STM32F1xx_HAL_Driver/Src/stm32f1xx_hal_cortex.c.obj
 .ARM.attributes
                0x00000200       0x2d CMakeFiles/usart.elf.dir/Drivers/STM32F1xx_HAL_Driver/Src/stm32f1xx_hal_gpio.c.obj
 .ARM.attributes
                0x0000022d       0x2d CMakeFiles/usart.elf.dir/Drivers/STM32F1xx_HAL_Driver/Src/stm32f1xx_hal_rcc.c.obj
 .ARM.attributes
                0x0000025a       0x2d CMakeFiles/usart.elf.dir/Drivers/STM32F1xx_HAL_Driver/Src/stm32f1xx_hal_spi.c.obj
 .ARM.attributes
                0x00000287       0x2d CMakeFiles/usart.elf.dir/Drivers/STM32F1xx_HAL_Driver/Src/stm32f1xx_hal_uart.c.obj
 .ARM.attributes
                0x000002b4       0x2d CMakeFiles/usart.elf.dir/Modules/DS18B20/ds18b20.c.obj
 .ARM.attributes
                0x000002e1       0x2d CMakeFiles/usart.elf.dir/Modules/OneWire/onewire.c.obj
 .ARM.attributes
                0x0000030e       0x2d CMakeFiles/usart.elf.dir/Modules/ioLibrary_Driver/Ethernet/W5500/w5500.c.obj
 .ARM.attributes
                0x0000033b       0x2d CMakeFiles/usart.elf.dir/Modules/ioLibrary_Driver/Ethernet/socket.c.obj
 .ARM.attributes
                0x00000368       0x2d CMakeFiles/usart.elf.dir/Modules/ioLibrary_Driver/Ethernet/wizchip_conf.c.obj
 .ARM.attributes
                0x00000395       0x1d d:/sdk/arm-none-eabi/12.2/bin/../lib/gcc/arm-none-eabi/12.2.1/thumb/v7-m/nofp\libgcc.a(_arm_mulsf3.o)
 .ARM.attributes
                0x000003b2       0x1d d:/sdk/arm-none-eabi/12.2/bin/../lib/gcc/arm-none-eabi/12.2.1/thumb/v7-m/nofp\libgcc.a(_arm_addsubdf3.o)
 .ARM.attributes
                0x000003cf       0x1d d:/sdk/arm-none-eabi/12.2/bin/../lib/gcc/arm-none-eabi/12.2.1/thumb/v7-m/nofp\libgcc.a(_arm_addsubsf3.o)
 .ARM.attributes
                0x000003ec       0x2d d:/sdk/arm-none-eabi/12.2/bin/../lib/gcc/arm-none-eabi/12.2.1/thumb/v7-m/nofp\libg.a(libc_a-mallocr.o)
 .ARM.attributes
                0x00000419       0x2d d:/sdk/arm-none-eabi/12.2/bin/../lib/gcc/arm-none-eabi/12.2.1/thumb/v7-m/nofp\libg.a(libc_a-mlock.o)
 .ARM.attributes
                0x00000446       0x2d d:/sdk/arm-none-eabi/12.2/bin/../lib/gcc/arm-none-eabi/12.2.1/thumb/v7-m/nofp\libg.a(libc_a-strtol.o)
 .ARM.attributes
                0x00000473       0x2d d:/sdk/arm-none-eabi/12.2/bin/../lib/gcc/arm-none-eabi/12.2.1/thumb/v7-m/nofp\libg.a(libc_a-ctype_.o)
 .ARM.attributes
                0x000004a0       0x2d d:/sdk/arm-none-eabi/12.2/bin/../lib/gcc/arm-none-eabi/12.2.1/thumb/v7-m/nofp\libg.a(libc_a-findfp.o)
 .ARM.attributes
                0x000004cd       0x2d d:/sdk/arm-none-eabi/12.2/bin/../lib/gcc/arm-none-eabi/12.2.1/thumb/v7-m/nofp\libg.a(libc_a-fwalk.o)
 .ARM.attributes
                0x000004fa       0x2d d:/sdk/arm-none-eabi/12.2/bin/../lib/gcc/arm-none-eabi/12.2.1/thumb/v7-m/nofp\libg.a(libc_a-snprintf.o)
 .ARM.attributes
                0x00000527       0x2d d:/sdk/arm-none-eabi/12.2/bin/../lib/gcc/arm-none-eabi/12.2.1/thumb/v7-m/nofp\libg.a(libc_a-stdio.o)
 .ARM.attributes
                0x00000554       0x2d d:/sdk/arm-none-eabi/12.2/bin/../lib/gcc/arm-none-eabi/12.2.1/thumb/v7-m/nofp\libg.a(libc_a-memset.o)
 .ARM.attributes
                0x00000581       0x2d d:/sdk/arm-none-eabi/12.2/bin/../lib/gcc/arm-none-eabi/12.2.1/thumb/v7-m/nofp\libg.a(libc_a-strncpy.o)
 .ARM.attributes
                0x000005ae       0x2d d:/sdk/arm-none-eabi/12.2/bin/../lib/gcc/arm-none-eabi/12.2.1/thumb/v7-m/nofp\libg.a(libc_a-strtok.o)
 .ARM.attributes
                0x000005db       0x2d d:/sdk/arm-none-eabi/12.2/bin/../lib/gcc/arm-none-eabi/12.2.1/thumb/v7-m/nofp\libg.a(libc_a-strtok_r.o)
 .ARM.attributes
                0x00000608       0x2d d:/sdk/arm-none-eabi/12.2/bin/../lib/gcc/arm-none-eabi/12.2.1/thumb/v7-m/nofp\libg.a(libc_a-closer.o)
 .ARM.attributes
                0x00000635       0x2d d:/sdk/arm-none-eabi/12.2/bin/../lib/gcc/arm-none-eabi/12.2.1/thumb/v7-m/nofp\libg.a(libc_a-reent.o)
 .ARM.attributes
                0x00000662       0x2d d:/sdk/arm-none-eabi/12.2/bin/../lib/gcc/arm-none-eabi/12.2.1/thumb/v7-m/nofp\libg.a(libc_a-impure.o)
 .ARM.attributes
                0x0000068f       0x2d d:/sdk/arm-none-eabi/12.2/bin/../lib/gcc/arm-none-eabi/12.2.1/thumb/v7-m/nofp\libg.a(libc_a-lseekr.o)
 .ARM.attributes
                0x000006bc       0x2d d:/sdk/arm-none-eabi/12.2/bin/../lib/gcc/arm-none-eabi/12.2.1/thumb/v7-m/nofp\libg.a(libc_a-readr.o)
 .ARM.attributes
                0x000006e9       0x2d d:/sdk/arm-none-eabi/12.2/bin/../lib/gcc/arm-none-eabi/12.2.1/thumb/v7-m/nofp\libg.a(libc_a-sbrkr.o)
 .ARM.attributes
                0x00000716       0x2d d:/sdk/arm-none-eabi/12.2/bin/../lib/gcc/arm-none-eabi/12.2.1/thumb/v7-m/nofp\libg.a(libc_a-writer.o)
 .ARM.attributes
                0x00000743       0x2d d:/sdk/arm-none-eabi/12.2/bin/../lib/gcc/arm-none-eabi/12.2.1/thumb/v7-m/nofp\libg.a(libc_a-errno.o)
 .ARM.attributes
                0x00000770       0x2d d:/sdk/arm-none-eabi/12.2/bin/../lib/gcc/arm-none-eabi/12.2.1/thumb/v7-m/nofp\libg.a(libc_a-init.o)
 .ARM.attributes
                0x0000079d       0x2d d:/sdk/arm-none-eabi/12.2/bin/../lib/gcc/arm-none-eabi/12.2.1/thumb/v7-m/nofp\libg.a(libc_a-lock.o)
 .ARM.attributes
                0x000007ca       0x2d d:/sdk/arm-none-eabi/12.2/bin/../lib/gcc/arm-none-eabi/12.2.1/thumb/v7-m/nofp\libg.a(libc_a-sysconf.o)
 .ARM.attributes
                0x000007f7       0x1b d:/sdk/arm-none-eabi/12.2/bin/../lib/gcc/arm-none-eabi/12.2.1/thumb/v7-m/nofp\libg.a(libc_a-strcmp.o)
 .ARM.attributes
                0x00000812       0x2d d:/sdk/arm-none-eabi/12.2/bin/../lib/gcc/arm-none-eabi/12.2.1/thumb/v7-m/nofp\libg.a(libc_a-strcpy.o)
 .ARM.attributes
                0x0000083f       0x1b d:/sdk/arm-none-eabi/12.2/bin/../lib/gcc/arm-none-eabi/12.2.1/thumb/v7-m/nofp\libg.a(libc_a-memcpy.o)
 .ARM.attributes
                0x0000085a       0x2d d:/sdk/arm-none-eabi/12.2/bin/../lib/gcc/arm-none-eabi/12.2.1/thumb/v7-m/nofp\libg.a(libc_a-strlen-stub.o)
 .ARM.attributes
                0x00000887       0x2d d:/sdk/arm-none-eabi/12.2/bin/../lib/gcc/arm-none-eabi/12.2.1/thumb/v7-m/nofp\libg.a(libc_a-__call_atexit.o)
 .ARM.attributes
                0x000008b4       0x2d d:/sdk/arm-none-eabi/12.2/bin/../lib/gcc/arm-none-eabi/12.2.1/thumb/v7-m/nofp\libg.a(libc_a-atexit.o)
 .ARM.attributes
                0x000008e1       0x2d d:/sdk/arm-none-eabi/12.2/bin/../lib/gcc/arm-none-eabi/12.2.1/thumb/v7-m/nofp\libg.a(libc_a-freer.o)
 .ARM.attributes
                0x0000090e       0x2d d:/sdk/arm-none-eabi/12.2/bin/../lib/gcc/arm-none-eabi/12.2.1/thumb/v7-m/nofp\libg.a(libc_a-svfprintf.o)
 .ARM.attributes
                0x0000093b       0x2d d:/sdk/arm-none-eabi/12.2/bin/../lib/gcc/arm-none-eabi/12.2.1/thumb/v7-m/nofp\libg.a(libc_a-vfiprintf.o)
 .ARM.attributes
                0x00000968       0x2d d:/sdk/arm-none-eabi/12.2/bin/../lib/gcc/arm-none-eabi/12.2.1/thumb/v7-m/nofp\libg.a(libc_a-fclose.o)
 .ARM.attributes
                0x00000995       0x2d d:/sdk/arm-none-eabi/12.2/bin/../lib/gcc/arm-none-eabi/12.2.1/thumb/v7-m/nofp\libg.a(libc_a-fflush.o)
 .ARM.attributes
                0x000009c2       0x2d d:/sdk/arm-none-eabi/12.2/bin/../lib/gcc/arm-none-eabi/12.2.1/thumb/v7-m/nofp\libg.a(libc_a-fvwrite.o)
 .ARM.attributes
                0x000009ef       0x2d d:/sdk/arm-none-eabi/12.2/bin/../lib/gcc/arm-none-eabi/12.2.1/thumb/v7-m/nofp\libg.a(libc_a-wbuf.o)
 .ARM.attributes
                0x00000a1c       0x2d d:/sdk/arm-none-eabi/12.2/bin/../lib/gcc/arm-none-eabi/12.2.1/thumb/v7-m/nofp\libg.a(libc_a-wsetup.o)
 .ARM.attributes
                0x00000a49       0x2d d:/sdk/arm-none-eabi/12.2/bin/../lib/gcc/arm-none-eabi/12.2.1/thumb/v7-m/nofp\libg.a(libc_a-fputwc.o)
 .ARM.attributes
                0x00000a76       0x2d d:/sdk/arm-none-eabi/12.2/bin/../lib/gcc/arm-none-eabi/12.2.1/thumb/v7-m/nofp\libg.a(libc_a-memmove.o)
 .ARM.attributes
                0x00000aa3       0x2d d:/sdk/arm-none-eabi/12.2/bin/../lib/gcc/arm-none-eabi/12.2.1/thumb/v7-m/nofp\libg.a(libc_a-locale.o)
 .ARM.attributes
                0x00000ad0       0x2d d:/sdk/arm-none-eabi/12.2/bin/../lib/gcc/arm-none-eabi/12.2.1/thumb/v7-m/nofp\libg.a(libc_a-localeconv.o)
 .ARM.attributes
                0x00000afd       0x2d d:/sdk/arm-none-eabi/12.2/bin/../lib/gcc/arm-none-eabi/12.2.1/thumb/v7-m/nofp\libg.a(libc_a-fini.o)
 .ARM.attributes
                0x00000b2a       0x2d d:/sdk/arm-none-eabi/12.2/bin/../lib/gcc/arm-none-eabi/12.2.1/thumb/v7-m/nofp\libg.a(libc_a-memchr-stub.o)
 .ARM.attributes
                0x00000b57       0x2d d:/sdk/arm-none-eabi/12.2/bin/../lib/gcc/arm-none-eabi/12.2.1/thumb/v7-m/nofp\libg.a(libm_a-s_frexp.o)
 .ARM.attributes
                0x00000b84       0x2d d:/sdk/arm-none-eabi/12.2/bin/../lib/gcc/arm-none-eabi/12.2.1/thumb/v7-m/nofp\libg.a(libc_a-__atexit.o)
 .ARM.attributes
                0x00000bb1       0x2d d:/sdk/arm-none-eabi/12.2/bin/../lib/gcc/arm-none-eabi/12.2.1/thumb/v7-m/nofp\libg.a(libc_a-dtoa.o)
 .ARM.attributes
                0x00000bde       0x2d d:/sdk/arm-none-eabi/12.2/bin/../lib/gcc/arm-none-eabi/12.2.1/thumb/v7-m/nofp\libg.a(libc_a-mbtowc_r.o)
 .ARM.attributes
                0x00000c0b       0x2d d:/sdk/arm-none-eabi/12.2/bin/../lib/gcc/arm-none-eabi/12.2.1/thumb/v7-m/nofp\libg.a(libc_a-mprec.o)
 .ARM.attributes
                0x00000c38       0x2d d:/sdk/arm-none-eabi/12.2/bin/../lib/gcc/arm-none-eabi/12.2.1/thumb/v7-m/nofp\libg.a(libc_a-reallocr.o)
 .ARM.attributes
                0x00000c65       0x2d d:/sdk/arm-none-eabi/12.2/bin/../lib/gcc/arm-none-eabi/12.2.1/thumb/v7-m/nofp\libg.a(libc_a-wctomb_r.o)
 .ARM.attributes
                0x00000c92       0x2d d:/sdk/arm-none-eabi/12.2/bin/../lib/gcc/arm-none-eabi/12.2.1/thumb/v7-m/nofp\libg.a(libc_a-wcrtomb.o)
 .ARM.attributes
                0x00000cbf       0x2d d:/sdk/arm-none-eabi/12.2/bin/../lib/gcc/arm-none-eabi/12.2.1/thumb/v7-m/nofp\libg.a(libc_a-wcsrtombs.o)
 .ARM.attributes
                0x00000cec       0x2d d:/sdk/arm-none-eabi/12.2/bin/../lib/gcc/arm-none-eabi/12.2.1/thumb/v7-m/nofp\libg.a(libc_a-svfiprintf.o)
 .ARM.attributes
                0x00000d19       0x2d d:/sdk/arm-none-eabi/12.2/bin/../lib/gcc/arm-none-eabi/12.2.1/thumb/v7-m/nofp\libg.a(libc_a-makebuf.o)
 .ARM.attributes
                0x00000d46       0x2d d:/sdk/arm-none-eabi/12.2/bin/../lib/gcc/arm-none-eabi/12.2.1/thumb/v7-m/nofp\libg.a(libc_a-fstatr.o)
 .ARM.attributes
                0x00000d73       0x2d d:/sdk/arm-none-eabi/12.2/bin/../lib/gcc/arm-none-eabi/12.2.1/thumb/v7-m/nofp\libg.a(libc_a-isattyr.o)
 .ARM.attributes
                0x00000da0       0x2d d:/sdk/arm-none-eabi/12.2/bin/../lib/gcc/arm-none-eabi/12.2.1/thumb/v7-m/nofp\libg.a(libc_a-assert.o)
 .ARM.attributes
                0x00000dcd       0x2d d:/sdk/arm-none-eabi/12.2/bin/../lib/gcc/arm-none-eabi/12.2.1/thumb/v7-m/nofp\libg.a(libc_a-callocr.o)
 .ARM.attributes
                0x00000dfa       0x2d d:/sdk/arm-none-eabi/12.2/bin/../lib/gcc/arm-none-eabi/12.2.1/thumb/v7-m/nofp\libg.a(libc_a-wcsnrtombs.o)
 .ARM.attributes
                0x00000e27       0x2d d:/sdk/arm-none-eabi/12.2/bin/../lib/gcc/arm-none-eabi/12.2.1/thumb/v7-m/nofp\libg.a(libc_a-fiprintf.o)
 .ARM.attributes
                0x00000e54       0x2d d:/sdk/arm-none-eabi/12.2/bin/../lib/gcc/arm-none-eabi/12.2.1/thumb/v7-m/nofp\libg.a(libc_a-abort.o)
 .ARM.attributes
                0x00000e81       0x2d d:/sdk/arm-none-eabi/12.2/bin/../lib/gcc/arm-none-eabi/12.2.1/thumb/v7-m/nofp\libg.a(libc_a-signal.o)
 .ARM.attributes
                0x00000eae       0x2d d:/sdk/arm-none-eabi/12.2/bin/../lib/gcc/arm-none-eabi/12.2.1/thumb/v7-m/nofp\libg.a(libc_a-signalr.o)
 .ARM.attributes
                0x00000edb       0x1d d:/sdk/arm-none-eabi/12.2/bin/../lib/gcc/arm-none-eabi/12.2.1/thumb/v7-m/nofp\libgcc.a(_arm_muldivdf3.o)
 .ARM.attributes
                0x00000ef8       0x1d d:/sdk/arm-none-eabi/12.2/bin/../lib/gcc/arm-none-eabi/12.2.1/thumb/v7-m/nofp\libgcc.a(_arm_cmpdf2.o)
 .ARM.attributes
                0x00000f15       0x1d d:/sdk/arm-none-eabi/12.2/bin/../lib/gcc/arm-none-eabi/12.2.1/thumb/v7-m/nofp\libgcc.a(_arm_unorddf2.o)
 .ARM.attributes
                0x00000f32       0x1d d:/sdk/arm-none-eabi/12.2/bin/../lib/gcc/arm-none-eabi/12.2.1/thumb/v7-m/nofp\libgcc.a(_arm_fixdfsi.o)
 .ARM.attributes
                0x00000f4f       0x2d d:/sdk/arm-none-eabi/12.2/bin/../lib/gcc/arm-none-eabi/12.2.1/thumb/v7-m/nofp/crtend.o
 .ARM.attributes
                0x00000f7c       0x1d d:/sdk/arm-none-eabi/12.2/bin/../lib/gcc/arm-none-eabi/12.2.1/thumb/v7-m/nofp/crtn.o
OUTPUT(usart.elf elf32-littlearm)
LOAD linker stubs
LOAD d:/sdk/arm-none-eabi/12.2/bin/../lib/gcc/arm-none-eabi/12.2.1/thumb/v7-m/nofp\libc.a
LOAD d:/sdk/arm-none-eabi/12.2/bin/../lib/gcc/arm-none-eabi/12.2.1/thumb/v7-m/nofp\libm.a
LOAD d:/sdk/arm-none-eabi/12.2/bin/../lib/gcc/arm-none-eabi/12.2.1/thumb/v7-m/nofp\libgcc.a

.debug_info     0x00000000    0x12996
 .debug_info    0x00000000     0x2f9c CMakeFiles/usart.elf.dir/Core/Src/main.c.obj
 .debug_info    0x00002f9c     0x1282 CMakeFiles/usart.elf.dir/Core/Src/stm32f1xx_hal_msp.c.obj
 .debug_info    0x0000421e      0x547 CMakeFiles/usart.elf.dir/Core/Src/stm32f1xx_it.c.obj
 .debug_info    0x00004765      0x783 CMakeFiles/usart.elf.dir/Core/Src/syscalls.c.obj
 .debug_info    0x00004ee8      0x171 CMakeFiles/usart.elf.dir/Core/Src/sysmem.c.obj
 .debug_info    0x00005059      0x22d CMakeFiles/usart.elf.dir/Core/Src/system_stm32f1xx.c.obj
 .debug_info    0x00005286       0x30 CMakeFiles/usart.elf.dir/Core/Startup/startup_stm32f103c8tx.s.obj
 .debug_info    0x000052b6      0x7a2 CMakeFiles/usart.elf.dir/Drivers/STM32F1xx_HAL_Driver/Src/stm32f1xx_hal.c.obj
 .debug_info    0x00005a58     0x11d1 CMakeFiles/usart.elf.dir/Drivers/STM32F1xx_HAL_Driver/Src/stm32f1xx_hal_can.c.obj
 .debug_info    0x00006c29      0xcad CMakeFiles/usart.elf.dir/Drivers/STM32F1xx_HAL_Driver/Src/stm32f1xx_hal_cortex.c.obj
 .debug_info    0x000078d6      0x604 CMakeFiles/usart.elf.dir/Drivers/STM32F1xx_HAL_Driver/Src/stm32f1xx_hal_gpio.c.obj