Archive member included to satisfy reference by file (symbol)

d:/programs/arm-none-eabi/12.2/bin/../lib/gcc/arm-none-eabi/12.2.1/thumb/v7-m/nofp\libgcc.a(_arm_mulsf3.o)
                              CMakeFiles/usart.elf.dir/Core/Src/main.c.obj (__aeabi_fmul)
d:/programs/arm-none-eabi/12.2/bin/../lib/gcc/arm-none-eabi/12.2.1/thumb/v7-m/nofp\libgcc.a(_arm_addsubsf3.o)
                              CMakeFiles/usart.elf.dir/Core/Src/main.c.obj (__aeabi_fsub)
d:/programs/arm-none-eabi/12.2/bin/../lib/gcc/arm-none-eabi/12.2.1/thumb/v7-m/nofp\libgcc.a(_arm_fixunssfsi.o)
                              CMakeFiles/usart.elf.dir/Core/Src/main.c.obj (__aeabi_f2uiz)
d:/programs/arm-none-eabi/12.2/bin/../lib/gcc/arm-none-eabi/12.2.1/thumb/v7-m/nofp\libgcc.a(_aeabi_uldivmod.o)
                              CMakeFiles/usart.elf.dir/Modules/ioLibrary_Driver/Internet/SNTP/sntp.c.obj (__aeabi_uldivmod)
d:/programs/arm-none-eabi/12.2/bin/../lib/gcc/arm-none-eabi/12.2.1/thumb/v7-m/nofp\libgcc.a(_udivmoddi4.o)
                              d:/programs/arm-none-eabi/12.2/bin/../lib/gcc/arm-none-eabi/12.2.1/thumb/v7-m/nofp\libgcc.a(_aeabi_uldivmod.o) (__udivmoddi4)
d:/programs/arm-none-eabi/12.2/bin/../lib/gcc/arm-none-eabi/12.2.1/thumb/v7-m/nofp\libgcc.a(_dvmd_tls.o)
                              d:/programs/arm-none-eabi/12.2/bin/../lib/gcc/arm-none-eabi/12.2.1/thumb/v7-m/nofp\libgcc.a(_aeabi_uldivmod.o) (__aeabi_ldiv0)
d:/programs/arm-none-eabi/12.2/bin/../lib/gcc/arm-none-eabi/12.2.1/thumb/v7-m/nofp\libg.a(libc_a-exit.o)
                              d:/programs/arm-none-eabi/12.2/bin/../lib/gcc/arm-none-eabi/12.2.1/thumb/v7-m/nofp/crt0.o (exit)
d:/programs/arm-none-eabi/12.2/bin/../lib/gcc/arm-none-eabi/12.2.1/thumb/v7-m/nofp\libg.a(libc_a-malloc.o)
                              CMakeFiles/usart.elf.dir/Modules/ioLibrary_Driver/Internet/httpServer/httpServer.c.obj (malloc)
d:/programs/arm-none-eabi/12.2/bin/../lib/gcc/arm-none-eabi/12.2.1/thumb/v7-m/nofp\libg.a(libc_a-mallocr.o)
                              d:/programs/arm-none-eabi/12.2/bin/../lib/gcc/arm-none-eabi/12.2.1/thumb/v7-m/nofp\libg.a(libc_a-malloc.o) (_malloc_r)
d:/programs/arm-none-eabi/12.2/bin/../lib/gcc/arm-none-eabi/12.2.1/thumb/v7-m/nofp\libg.a(libc_a-mlock.o)
                              d:/programs/arm-none-eabi/12.2/bin/../lib/gcc/arm-none-eabi/12.2.1/thumb/v7-m/nofp\libg.a(libc_a-mallocr.o) (__malloc_lock)
d:/programs/arm-none-eabi/12.2/bin/../lib/gcc/arm-none-eabi/12.2.1/thumb/v7-m/nofp\libg.a(libc_a-ctype_.o)
                              CMakeFiles/usart.elf.dir/Modules/ioLibrary_Driver/Internet/SNMP/snmp.c.obj (_ctype_)
d:/programs/arm-none-eabi/12.2/bin/../lib/gcc/arm-none-eabi/12.2.1/thumb/v7-m/nofp\libg.a(libc_a-findfp.o)
                              d:/programs/arm-none-eabi/12.2/bin/../lib/gcc/arm-none-eabi/12.2.1/thumb/v7-m/nofp\libg.a(libc_a-exit.o) (__stdio_exit_handler)
d:/programs/arm-none-eabi/12.2/bin/../lib/gcc/arm-none-eabi/12.2.1/thumb/v7-m/nofp\libg.a(libc_a-fwalk.o)
                              d:/programs/arm-none-eabi/12.2/bin/../lib/gcc/arm-none-eabi/12.2.1/thumb/v7-m/nofp\libg.a(libc_a-findfp.o) (_fwalk_sglue)
d:/programs/arm-none-eabi/12.2/bin/../lib/gcc/arm-none-eabi/12.2.1/thumb/v7-m/nofp\libg.a(libc_a-printf.o)
                              CMakeFiles/usart.elf.dir/Modules/ioLibrary_Driver/Application/loopback/loopback.c.obj (printf)
d:/programs/arm-none-eabi/12.2/bin/../lib/gcc/arm-none-eabi/12.2.1/thumb/v7-m/nofp\libg.a(libc_a-putchar.o)
                              CMakeFiles/usart.elf.dir/Modules/ioLibrary_Driver/Application/multicast/multicast.c.obj (putchar)
d:/programs/arm-none-eabi/12.2/bin/../lib/gcc/arm-none-eabi/12.2.1/thumb/v7-m/nofp\libg.a(libc_a-puts.o)
                              CMakeFiles/usart.elf.dir/Modules/ioLibrary_Driver/Application/multicast/multicast.c.obj (puts)
d:/programs/arm-none-eabi/12.2/bin/../lib/gcc/arm-none-eabi/12.2.1/thumb/v7-m/nofp\libg.a(libc_a-snprintf.o)
                              CMakeFiles/usart.elf.dir/Modules/ioLibrary_Driver/Internet/MQTT/MQTTPacket/src/MQTTFormat.c.obj (snprintf)
d:/programs/arm-none-eabi/12.2/bin/../lib/gcc/arm-none-eabi/12.2.1/thumb/v7-m/nofp\libg.a(libc_a-sprintf.o)
                              CMakeFiles/usart.elf.dir/Core/Src/main.c.obj (sprintf)
d:/programs/arm-none-eabi/12.2/bin/../lib/gcc/arm-none-eabi/12.2.1/thumb/v7-m/nofp\libg.a(libc_a-sscanf.o)
                              CMakeFiles/usart.elf.dir/Modules/ioLibrary_Driver/Internet/SNMP/snmp.c.obj (sscanf)
d:/programs/arm-none-eabi/12.2/bin/../lib/gcc/arm-none-eabi/12.2.1/thumb/v7-m/nofp\libg.a(libc_a-stdio.o)
                              d:/programs/arm-none-eabi/12.2/bin/../lib/gcc/arm-none-eabi/12.2.1/thumb/v7-m/nofp\libg.a(libc_a-findfp.o) (__sread)
d:/programs/arm-none-eabi/12.2/bin/../lib/gcc/arm-none-eabi/12.2.1/thumb/v7-m/nofp\libg.a(libc_a-memcmp.o)
[...]
Memory Configuration

Name             Origin             Length             Attributes
RAM              0x20000000         0x00005000         xrw
FLASH            0x08000000         0x00010000         xr
*default*        0x00000000         0xffffffff

Linker script and memory map

LOAD d:/programs/arm-none-eabi/12.2/bin/../lib/gcc/arm-none-eabi/12.2.1/thumb/v7-m/nofp/crti.o
LOAD d:/programs/arm-none-eabi/12.2/bin/../lib/gcc/arm-none-eabi/12.2.1/thumb/v7-m/nofp/crtbegin.o
LOAD d:/programs/arm-none-eabi/12.2/bin/../lib/gcc/arm-none-eabi/12.2.1/thumb/v7-m/nofp/crt0.o
LOAD CMakeFiles/usart.elf.dir/Core/Src/main.c.obj
LOAD CMakeFiles/usart.elf.dir/Core/Src/stm32f1xx_hal_msp.c.obj
LOAD CMakeFiles/usart.elf.dir/Core/Src/stm32f1xx_it.c.obj
LOAD CMakeFiles/usart.elf.dir/Core/Src/syscalls.c.obj
LOAD CMakeFiles/usart.elf.dir/Core/Src/sysmem.c.obj
LOAD CMakeFiles/usart.elf.dir/Core/Src/system_stm32f1xx.c.obj
LOAD CMakeFiles/usart.elf.dir/Core/Startup/startup_stm32f103c8tx.s.obj
LOAD CMakeFiles/usart.elf.dir/Drivers/STM32F1xx_HAL_Driver/Src/stm32f1xx_hal.c.obj
LOAD CMakeFiles/usart.elf.dir/Drivers/STM32F1xx_HAL_Driver/Src/stm32f1xx_hal_cortex.c.obj
LOAD CMakeFiles/usart.elf.dir/Drivers/STM32F1xx_HAL_Driver/Src/stm32f1xx_hal_dma.c.obj
LOAD CMakeFiles/usart.elf.dir/Drivers/STM32F1xx_HAL_Driver/Src/stm32f1xx_hal_exti.c.obj
LOAD CMakeFiles/usart.elf.dir/Drivers/STM32F1xx_HAL_Driver/Src/stm32f1xx_hal_flash.c.obj
LOAD CMakeFiles/usart.elf.dir/Drivers/STM32F1xx_HAL_Driver/Src/stm32f1xx_hal_flash_ex.c.obj
LOAD CMakeFiles/usart.elf.dir/Drivers/STM32F1xx_HAL_Driver/Src/stm32f1xx_hal_gpio.c.obj
LOAD CMakeFiles/usart.elf.dir/Drivers/STM32F1xx_HAL_Driver/Src/stm32f1xx_hal_gpio_ex.c.obj
LOAD CMakeFiles/usart.elf.dir/Drivers/STM32F1xx_HAL_Driver/Src/stm32f1xx_hal_pwr.c.obj
LOAD CMakeFiles/usart.elf.dir/Drivers/STM32F1xx_HAL_Driver/Src/stm32f1xx_hal_rcc.c.obj
LOAD CMakeFiles/usart.elf.dir/Drivers/STM32F1xx_HAL_Driver/Src/stm32f1xx_hal_rcc_ex.c.obj
LOAD CMakeFiles/usart.elf.dir/Drivers/STM32F1xx_HAL_Driver/Src/stm32f1xx_hal_spi.c.obj
LOAD CMakeFiles/usart.elf.dir/Drivers/STM32F1xx_HAL_Driver/Src/stm32f1xx_hal_tim.c.obj
LOAD CMakeFiles/usart.elf.dir/Drivers/STM32F1xx_HAL_Driver/Src/stm32f1xx_hal_tim_ex.c.obj
LOAD CMakeFiles/usart.elf.dir/Drivers/STM32F1xx_HAL_Driver/Src/stm32f1xx_hal_uart.c.obj
LOAD CMakeFiles/usart.elf.dir/Modules/DS18B20/ds18b20.c.obj
LOAD CMakeFiles/usart.elf.dir/Modules/OneWire/onewire.c.obj
LOAD CMakeFiles/usart.elf.dir/Modules/ioLibrary_Driver/Application/loopback/loopback.c.obj
LOAD CMakeFiles/usart.elf.dir/Modules/ioLibrary_Driver/Application/multicast/multicast.c.obj
LOAD CMakeFiles/usart.elf.dir/Modules/ioLibrary_Driver/Ethernet/W5500/w5500.c.obj
LOAD CMakeFiles/usart.elf.dir/Modules/ioLibrary_Driver/Ethernet/socket.c.obj
LOAD CMakeFiles/usart.elf.dir/Modules/ioLibrary_Driver/Ethernet/wizchip_conf.c.obj
LOAD CMakeFiles/usart.elf.dir/Modules/ioLibrary_Driver/Internet/DHCP/dhcp.c.obj
LOAD CMakeFiles/usart.elf.dir/Modules/ioLibrary_Driver/Internet/DNS/dns.c.obj
LOAD CMakeFiles/usart.elf.dir/Modules/ioLibrary_Driver/Internet/MQTT/MQTTClient.c.obj
LOAD CMakeFiles/usart.elf.dir/Modules/ioLibrary_Driver/Internet/MQTT/MQTTPacket/src/MQTTConnectClient.c.obj
LOAD CMakeFiles/usart.elf.dir/Modules/ioLibrary_Driver/Internet/MQTT/MQTTPacket/src/MQTTConnectServer.c.obj
LOAD CMakeFiles/usart.elf.dir/Modules/ioLibrary_Driver/Internet/MQTT/MQTTPacket/src/MQTTDeserializePublish.c.obj
LOAD CMakeFiles/usart.elf.dir/Modules/ioLibrary_Driver/Internet/MQTT/MQTTPacket/src/MQTTFormat.c.obj
LOAD CMakeFiles/usart.elf.dir/Modules/ioLibrary_Driver/Internet/MQTT/MQTTPacket/src/MQTTPacket.c.obj
LOAD CMakeFiles/usart.elf.dir/Modules/ioLibrary_Driver/Internet/MQTT/MQTTPacket/src/MQTTSerializePublish.c.obj
LOAD CMakeFiles/usart.elf.dir/Modules/ioLibrary_Driver/Internet/MQTT/MQTTPacket/src/MQTTSubscribeClient.c.obj
LOAD CMakeFiles/usart.elf.dir/Modules/ioLibrary_Driver/Internet/MQTT/MQTTPacket/src/MQTTSubscribeServer.c.obj
LOAD CMakeFiles/usart.elf.dir/Modules/ioLibrary_Driver/Internet/MQTT/MQTTPacket/src/MQTTUnsubscribeClient.c.obj
LOAD CMakeFiles/usart.elf.dir/Modules/ioLibrary_Driver/Internet/MQTT/MQTTPacket/src/MQTTUnsubscribeServer.c.obj
LOAD CMakeFiles/usart.elf.dir/Modules/ioLibrary_Driver/Internet/MQTT/mqtt_interface.c.obj
LOAD CMakeFiles/usart.elf.dir/Modules/ioLibrary_Driver/Internet/SNMP/snmp.c.obj
LOAD CMakeFiles/usart.elf.dir/Modules/ioLibrary_Driver/Internet/SNMP/snmp_custom.c.obj
LOAD CMakeFiles/usart.elf.dir/Modules/ioLibrary_Driver/Internet/SNTP/sntp.c.obj
LOAD CMakeFiles/usart.elf.dir/Modules/ioLibrary_Driver/Internet/httpServer/httpParser.c.obj
LOAD CMakeFiles/usart.elf.dir/Modules/ioLibrary_Driver/Internet/httpServer/httpServer.c.obj
LOAD CMakeFiles/usart.elf.dir/Modules/ioLibrary_Driver/Internet/httpServer/httpUtil.c.obj
START GROUP
LOAD d:/programs/arm-none-eabi/12.2/bin/../lib/gcc/arm-none-eabi/12.2.1/thumb/v7-m/nofp\libgcc.a
LOAD d:/programs/arm-none-eabi/12.2/bin/../lib/gcc/arm-none-eabi/12.2.1/thumb/v7-m/nofp\libg.a
LOAD d:/programs/arm-none-eabi/12.2/bin/../lib/gcc/arm-none-eabi/12.2.1/thumb/v7-m/nofp\libc.a
END GROUP
LOAD d:/programs/arm-none-eabi/12.2/bin/../lib/gcc/arm-none-eabi/12.2.1/thumb/v7-m/nofp/crtend.o
LOAD d:/programs/arm-none-eabi/12.2/bin/../lib/gcc/arm-none-eabi/12.2.1/thumb/v7-m/nofp/crtn.o
                0x20005000                        _estack = (ORIGIN (RAM) + LENGTH (RAM))
                0x00000200                        _Min_Heap_Size = 0x200
                0x00000400                        _Min_Stack_Size = 0x400

.isr_vector     0x08000000      0x10c
                0x08000000                        . = ALIGN (0x4)
 *(.isr_vector)
 .isr_vector    0x08000000      0x10c CMakeFiles/usart.elf.dir/Core/Startup/startup_stm32f103c8tx.s.obj
                0x08000000                g_pfnVectors
                0x0800010c                        . = ALIGN (0x4)

.text           0x08000110     0x9c6c
                0x08000110                        . = ALIGN (0x4)
 *(.text)
 .text          0x08000110      0x168 d:/programs/arm-none-eabi/12.2/bin/../lib/gcc/arm-none-eabi/12.2.1/thumb/v7-m/nofp\libgcc.a(_arm_mulsf3.o)
                0x08000110                __aeabi_fmul
                0x08000110                __mulsf3
 .text          0x08000278      0x21c d:/programs/arm-none-eabi/12.2/bin/../lib/gcc/arm-none-eabi/12.2.1/thumb/v7-m/nofp\libgcc.a(_arm_addsubsf3.o)
                0x08000278                __aeabi_frsub
                0x08000280                __subsf3
                0x08000280                __aeabi_fsub
                0x08000284                __aeabi_fadd
                0x08000284                __addsf3
                0x080003e4                __aeabi_ui2f
                0x080003e4                __floatunsisf
                0x080003ec                __aeabi_i2f
                0x080003ec                __floatsisf
                0x08000408                __aeabi_ul2f
                0x08000408                __floatundisf
                0x08000418                __aeabi_l2f
                0x08000418                __floatdisf
 .text          0x08000494       0x40 d:/programs/arm-none-eabi/12.2/bin/../lib/gcc/arm-none-eabi/12.2.1/thumb/v7-m/nofp\libgcc.a(_arm_fixunssfsi.o)
                0x08000494                __fixunssfsi
                0x08000494                __aeabi_f2uiz
 .text          0x080004d4       0xec d:/programs/arm-none-eabi/12.2/bin/../lib/gcc/arm-none-eabi/12.2.1/thumb/v7-m/nofp\libg.a(libc_a-memcpy.o)
                0x080004d4                memcpy
 .text          0x080005c0      0x378 d:/programs/arm-none-eabi/12.2/bin/../lib/gcc/arm-none-eabi/12.2.1/thumb/v7-m/nofp\libgcc.a(_arm_addsubdf3.o)
                0x080005c0                __aeabi_drsub
                0x080005c8                __aeabi_dsub
                0x080005c8                __subdf3
                0x080005cc                __aeabi_dadd
                0x080005cc                __adddf3
                0x08000844                __floatunsidf
                0x08000844                __aeabi_ui2d
                0x08000864                __floatsidf
                0x08000864                __aeabi_i2d
                0x08000888                __aeabi_f2d
                0x08000888                __extendsfdf2
                0x080008cc                __floatundidf
                0x080008cc                __aeabi_ul2d
                0x080008dc                __floatdidf
                0x080008dc                __aeabi_l2d
 .text          0x08000938      0x424 d:/programs/arm-none-eabi/12.2/bin/../lib/gcc/arm-none-eabi/12.2.1/thumb/v7-m/nofp\libgcc.a(_arm_muldivdf3.o)
                0x08000938                __aeabi_dmul
                0x08000938                __muldf3
                0x08000b8c                __divdf3
                0x08000b8c                __aeabi_ddiv
 .text          0x08000d5c      0x110 d:/programs/arm-none-eabi/12.2/bin/../lib/gcc/arm-none-eabi/12.2.1/thumb/v7-m/nofp\libgcc.a(_arm_cmpdf2.o)
                0x08000d5c                __gtdf2
                0x08000d5c                __gedf2
                0x08000d64                __ltdf2
                0x08000d64                __ledf2
                0x08000d6c                __nedf2
                0x08000d6c                __eqdf2
                0x08000d6c                __cmpdf2
                0x08000de8                __aeabi_cdrcmple
                0x08000df8                __aeabi_cdcmpeq
                0x08000df8                __aeabi_cdcmple
                0x08000e08                __aeabi_dcmpeq
                0x08000e1c                __aeabi_dcmplt
                0x08000e30                __aeabi_dcmple
                0x08000e44                __aeabi_dcmpge
                0x08000e58                __aeabi_dcmpgt
 .text          0x08000e6c       0x2c d:/programs/arm-none-eabi/12.2/bin/../lib/gcc/arm-none-eabi/12.2.1/thumb/v7-m/nofp\libgcc.a(_arm_unorddf2.o)
                0x08000e6c                __unorddf2
                0x08000e6c                __aeabi_dcmpun
 .text          0x08000e98       0x50 d:/programs/arm-none-eabi/12.2/bin/../lib/gcc/arm-none-eabi/12.2.1/thumb/v7-m/nofp\libgcc.a(_arm_fixdfsi.o)
                0x08000e98                __aeabi_d2iz
                0x08000e98                __fixdfsi
 *(.text*)
 .text.deregister_tm_clones
                0x08000ee8       0x1c d:/programs/arm-none-eabi/12.2/bin/../lib/gcc/arm-none-eabi/12.2.1/thumb/v7-m/nofp/crtbegin.o
 .text.register_tm_clones
                0x08000f04       0x24 d:/programs/arm-none-eabi/12.2/bin/../lib/gcc/arm-none-eabi/12.2.1/thumb/v7-m/nofp/crtbegin.o
 .text.__do_global_dtors_aux
                0x08000f28       0x28 d:/programs/arm-none-eabi/12.2/bin/../lib/gcc/arm-none-eabi/12.2.1/thumb/v7-m/nofp/crtbegin.o
 .text.frame_dummy
                0x08000f50       0x24 d:/programs/arm-none-eabi/12.2/bin/../lib/gcc/arm-none-eabi/12.2.1/thumb/v7-m/nofp/crtbegin.o
 .text.cs_sel   0x08000f74       0x14 CMakeFiles/usart.elf.dir/Core/Src/main.c.obj
                0x08000f74                cs_sel
 .text.cs_desel
                0x08000f88       0x14 CMakeFiles/usart.elf.dir/Core/Src/main.c.obj
                0x08000f88                cs_desel
 .text.spi_rb   0x08000f9c       0x24 CMakeFiles/usart.elf.dir/Core/Src/main.c.obj
                0x08000f9c                spi_rb
 .text.spi_wb   0x08000fc0       0x24 CMakeFiles/usart.elf.dir/Core/Src/main.c.obj
                0x08000fc0                spi_wb
 .text.MX_GPIO_Init
                0x08000fe4       0xb8 CMakeFiles/usart.elf.dir/Core/Src/main.c.obj
 .text.trace    0x0800109c       0x20 CMakeFiles/usart.elf.dir/Core/Src/main.c.obj
                0x0800109c                trace
 .text.tcp_server
                0x080010bc      0x10c CMakeFiles/usart.elf.dir/Core/Src/main.c.obj
                0x080010bc                tcp_server
 .text.Error_Handler
                0x080011c8        0x4 CMakeFiles/usart.elf.dir/Core/Src/main.c.obj
                0x080011c8                Error_Handler
 .text.MX_USART1_UART_Init
                0x080011cc       0x34 CMakeFiles/usart.elf.dir/Core/Src/main.c.obj
 .text.MX_USART2_UART_Init
                0x08001200       0x34 CMakeFiles/usart.elf.dir/Core/Src/main.c.obj
 .text.MX_SPI2_Init
                0x08001234       0x40 CMakeFiles/usart.elf.dir/Core/Src/main.c.obj
 .text.SystemClock_Config
                0x08001274       0x64 CMakeFiles/usart.elf.dir/Core/Src/main.c.obj
                0x08001274                SystemClock_Config
 .text.main     0x080012d8      0x1a0 CMakeFiles/usart.elf.dir/Core/Src/main.c.obj
                0x080012d8                main
 .text.HAL_MspInit
                0x08001478       0x44 CMakeFiles/usart.elf.dir/Core/Src/stm32f1xx_hal_msp.c.obj
                0x08001478                HAL_MspInit
 .text.HAL_SPI_MspInit
                0x080014bc       0x78 CMakeFiles/usart.elf.dir/Core/Src/stm32f1xx_hal_msp.c.obj
                0x080014bc                HAL_SPI_MspInit
 .text.HAL_UART_MspInit
                0x08001534       0xc0 CMakeFiles/usart.elf.dir/Core/Src/stm32f1xx_hal_msp.c.obj
                0x08001534                HAL_UART_MspInit
 .text.NMI_Handler
                0x080015f4        0x2 CMakeFiles/usart.elf.dir/Core/Src/stm32f1xx_it.c.obj
                0x080015f4                NMI_Handler
 .text.HardFault_Handler
                0x080015f6        0x2 CMakeFiles/usart.elf.dir/Core/Src/stm32f1xx_it.c.obj
                0x080015f6                HardFault_Handler
 .text.MemManage_Handler
                0x080015f8        0x2 CMakeFiles/usart.elf.dir/Core/Src/stm32f1xx_it.c.obj
                0x080015f8                MemManage_Handler
 .text.BusFault_Handler
                0x080015fa        0x2 CMakeFiles/usart.elf.dir/Core/Src/stm32f1xx_it.c.obj
                0x080015fa                BusFault_Handler
 .text.UsageFault_Handler
                0x080015fc        0x2 CMakeFiles/usart.elf.dir/Core/Src/stm32f1xx_it.c.obj
                0x080015fc                UsageFault_Handler
 .text.SVC_Handler
                0x080015fe        0x2 CMakeFiles/usart.elf.dir/Core/Src/stm32f1xx_it.c.obj
                0x080015fe                SVC_Handler
 .text.DebugMon_Handler
                0x08001600        0x2 CMakeFiles/usart.elf.dir/Core/Src/stm32f1xx_it.c.obj
                0x08001600                DebugMon_Handler
 .text.PendSV_Handler
                0x08001602        0x2 CMakeFiles/usart.elf.dir/Core/Src/stm32f1xx_it.c.obj
                0x08001602                PendSV_Handler
 .text.SysTick_Handler
                0x08001604        0x8 CMakeFiles/usart.elf.dir/Core/Src/stm32f1xx_it.c.obj
                0x08001604                SysTick_Handler
 .text._getpid  0x0800160c        0x4 CMakeFiles/usart.elf.dir/Core/Src/syscalls.c.obj
                0x0800160c                _getpid
 .text._kill    0x08001610       0x10 CMakeFiles/usart.elf.dir/Core/Src/syscalls.c.obj
                0x08001610                _kill
 .text._exit    0x08001620        0xc CMakeFiles/usart.elf.dir/Core/Src/syscalls.c.obj
                0x08001620                _exit
 .text._read    0x0800162c       0x20 CMakeFiles/usart.elf.dir/Core/Src/syscalls.c.obj
                0x0800162c                _read
 .text._write   0x0800164c       0x1c CMakeFiles/usart.elf.dir/Core/Src/syscalls.c.obj
                0x0800164c                _write
 .text._close   0x08001668        0x6 CMakeFiles/usart.elf.dir/Core/Src/syscalls.c.obj
                0x08001668                _close
 .text._fstat   0x0800166e        0xa CMakeFiles/usart.elf.dir/Core/Src/syscalls.c.obj
                0x0800166e                _fstat
 .text._isatty  0x08001678        0x4 CMakeFiles/usart.elf.dir/Core/Src/syscalls.c.obj
                0x08001678                _isatty
 .text._lseek   0x0800167c        0x4 CMakeFiles/usart.elf.dir/Core/Src/syscalls.c.obj
                0x0800167c                _lseek
 .text._sbrk    0x08001680       0x48 CMakeFiles/usart.elf.dir/Core/Src/sysmem.c.obj
                0x08001680                _sbrk
 .text.SystemInit
                0x080016c8        0x2 CMakeFiles/usart.elf.dir/Core/Src/system_stm32f1xx.c.obj
                0x080016c8                SystemInit
 *fill*         0x080016ca        0x2 
 .text.Reset_Handler
                0x080016cc       0x48 CMakeFiles/usart.elf.dir/Core/Startup/startup_stm32f103c8tx.s.obj
                0x080016cc                Reset_Handler
 .text.Default_Handler
                0x08001714        0x2 CMakeFiles/usart.elf.dir/Core/Startup/startup_stm32f103c8tx.s.obj
                0x08001714                RTC_Alarm_IRQHandler
                0x08001714                EXTI2_IRQHandler
                0x08001714                TIM1_CC_IRQHandler
                0x08001714                PVD_IRQHandler
                0x08001714                EXTI3_IRQHandler
                0x08001714                EXTI0_IRQHandler
                0x08001714                I2C2_EV_IRQHandler
                0x08001714                ADC1_2_IRQHandler
                0x08001714                SPI1_IRQHandler
                0x08001714                TAMPER_IRQHandler
                0x08001714                DMA1_Channel4_IRQHandler
                0x08001714                USART3_IRQHandler
                0x08001714                RTC_IRQHandler
                0x08001714                DMA1_Channel7_IRQHandler
                0x08001714                CAN1_RX1_IRQHandler
                0x08001714                TIM4_IRQHandler
                0x08001714                I2C1_EV_IRQHandler
                0x08001714                DMA1_Channel6_IRQHandler
                0x08001714                TIM3_IRQHandler
                0x08001714                RCC_IRQHandler
                0x08001714                TIM1_TRG_COM_IRQHandler
                0x08001714                DMA1_Channel1_IRQHandler
                0x08001714                Default_Handler
                0x08001714                EXTI15_10_IRQHandler
                0x08001714                EXTI9_5_IRQHandler
                0x08001714                SPI2_IRQHandler
                0x08001714                DMA1_Channel5_IRQHandler
                0x08001714                EXTI4_IRQHandler
                0x08001714                USB_LP_CAN1_RX0_IRQHandler
                0x08001714                USB_HP_CAN1_TX_IRQHandler
                0x08001714                DMA1_Channel3_IRQHandler
                0x08001714                TIM1_UP_IRQHandler
                0x08001714                WWDG_IRQHandler
                0x08001714                TIM2_IRQHandler
                0x08001714                TIM1_BRK_IRQHandler
                0x08001714                EXTI1_IRQHandler
                0x08001714                USART2_IRQHandler
                0x08001714                I2C2_ER_IRQHandler
                0x08001714                DMA1_Channel2_IRQHandler
                0x08001714                CAN1_SCE_IRQHandler
                0x08001714                FLASH_IRQHandler
                0x08001714                USART1_IRQHandler
                0x08001714                I2C1_ER_IRQHandler
                0x08001714                USBWakeUp_IRQHandler
 *fill*         0x08001716        0x2 
 .text.HAL_InitTick
                0x08001718       0x4c CMakeFiles/usart.elf.dir/Drivers/STM32F1xx_HAL_Driver/Src/stm32f1xx_hal.c.obj
                0x08001718                HAL_InitTick
 .text.HAL_Init
                0x08001764       0x24 CMakeFiles/usart.elf.dir/Drivers/STM32F1xx_HAL_Driver/Src/stm32f1xx_hal.c.obj
                0x08001764                HAL_Init
 .text.HAL_IncTick
                0x08001788       0x18 CMakeFiles/usart.elf.dir/Drivers/STM32F1xx_HAL_Driver/Src/stm32f1xx_hal.c.obj
                0x08001788                HAL_IncTick
 .text.HAL_GetTick
                0x080017a0        0xc CMakeFiles/usart.elf.dir/Drivers/STM32F1xx_HAL_Driver/Src/stm32f1xx_hal.c.obj
                0x080017a0                HAL_GetTick
 .text.HAL_Delay
                0x080017ac       0x28 CMakeFiles/usart.elf.dir/Drivers/STM32F1xx_HAL_Driver/Src/stm32f1xx_hal.c.obj
                0x080017ac                HAL_Delay
 .text.__NVIC_SetPriority
                0x080017d4       0x28 CMakeFiles/usart.elf.dir/Drivers/STM32F1xx_HAL_Driver/Src/stm32f1xx_hal_cortex.c.obj
 .text.NVIC_EncodePriority
                0x080017fc       0x3e CMakeFiles/usart.elf.dir/Drivers/STM32F1xx_HAL_Driver/Src/stm32f1xx_hal_cortex.c.obj
 *fill*         0x0800183a        0x2 
 .text.HAL_NVIC_SetPriorityGrouping
                0x0800183c       0x24 CMakeFiles/usart.elf.dir/Drivers/STM32F1xx_HAL_Driver/Src/stm32f1xx_hal_cortex.c.obj
                0x0800183c                HAL_NVIC_SetPriorityGrouping
 .text.HAL_NVIC_SetPriority
                0x08001860       0x20 CMakeFiles/usart.elf.dir/Drivers/STM32F1xx_HAL_Driver/Src/stm32f1xx_hal_cortex.c.obj
                0x08001860                HAL_NVIC_SetPriority
 .text.HAL_SYSTICK_Config
                0x08001880       0x28 CMakeFiles/usart.elf.dir/Drivers/STM32F1xx_HAL_Driver/Src/stm32f1xx_hal_cortex.c.obj
                0x08001880                HAL_SYSTICK_Config
 .text.HAL_GPIO_Init
                0x080018a8      0x21c CMakeFiles/usart.elf.dir/Drivers/STM32F1xx_HAL_Driver/Src/stm32f1xx_hal_gpio.c.obj
                0x080018a8                HAL_GPIO_Init
 .text.HAL_GPIO_WritePin
                0x08001ac4        0xc CMakeFiles/usart.elf.dir/Drivers/STM32F1xx_HAL_Driver/Src/stm32f1xx_hal_gpio.c.obj
                0x08001ac4                HAL_GPIO_WritePin
 .text.HAL_GPIO_TogglePin
                0x08001ad0       0x12 CMakeFiles/usart.elf.dir/Drivers/STM32F1xx_HAL_Driver/Src/stm32f1xx_hal_gpio.c.obj
                0x08001ad0                HAL_GPIO_TogglePin
 *fill*         0x08001ae2        0x2 
 .text.RCC_Delay
                0x08001ae4       0x2c CMakeFiles/usart.elf.dir/Drivers/STM32F1xx_HAL_Driver/Src/stm32f1xx_hal_rcc.c.obj
 .text.HAL_RCC_OscConfig
                0x08001b10      0x410 CMakeFiles/usart.elf.dir/Drivers/STM32F1xx_HAL_Driver/Src/stm32f1xx_hal_rcc.c.obj
                0x08001b10                HAL_RCC_OscConfig
 .text.HAL_RCC_GetSysClockFreq
                0x08001f20       0x54 CMakeFiles/usart.elf.dir/Drivers/STM32F1xx_HAL_Driver/Src/stm32f1xx_hal_rcc.c.obj
                0x08001f20                HAL_RCC_GetSysClockFreq
 .text.HAL_RCC_ClockConfig
                0x08001f74      0x16c CMakeFiles/usart.elf.dir/Drivers/STM32F1xx_HAL_Driver/Src/stm32f1xx_hal_rcc.c.obj
                0x08001f74                HAL_RCC_ClockConfig
 .text.HAL_RCC_GetHCLKFreq
                0x080020e0        0xc CMakeFiles/usart.elf.dir/Drivers/STM32F1xx_HAL_Driver/Src/stm32f1xx_hal_rcc.c.obj
                0x080020e0                HAL_RCC_GetHCLKFreq
 .text.HAL_RCC_GetPCLK1Freq
                0x080020ec       0x20 CMakeFiles/usart.elf.dir/Drivers/STM32F1xx_HAL_Driver/Src/stm32f1xx_hal_rcc.c.obj
                0x080020ec                HAL_RCC_GetPCLK1Freq
 .text.HAL_RCC_GetPCLK2Freq
                0x0800210c       0x20 CMakeFiles/usart.elf.dir/Drivers/STM32F1xx_HAL_Driver/Src/stm32f1xx_hal_rcc.c.obj
                0x0800210c                HAL_RCC_GetPCLK2Freq
 .text.SPI_WaitFlagStateUntilTimeout
                0x0800212c       0xc8 CMakeFiles/usart.elf.dir/Drivers/STM32F1xx_HAL_Driver/Src/stm32f1xx_hal_spi.c.obj
 .text.SPI_EndRxTxTransaction
                0x080021f4       0x24 CMakeFiles/usart.elf.dir/Drivers/STM32F1xx_HAL_Driver/Src/stm32f1xx_hal_spi.c.obj
 .text.SPI_EndRxTransaction
                0x08002218       0x74 CMakeFiles/usart.elf.dir/Drivers/STM32F1xx_HAL_Driver/Src/stm32f1xx_hal_spi.c.obj
 .text.HAL_SPI_Init
                0x0800228c       0xb6 CMakeFiles/usart.elf.dir/Drivers/STM32F1xx_HAL_Driver/Src/stm32f1xx_hal_spi.c.obj
                0x0800228c                HAL_SPI_Init
 .text.HAL_SPI_Transmit
                0x08002342      0x1b8 CMakeFiles/usart.elf.dir/Drivers/STM32F1xx_HAL_Driver/Src/stm32f1xx_hal_spi.c.obj
                0x08002342                HAL_SPI_Transmit
 .text.HAL_SPI_TransmitReceive
                0x080024fa      0x244 CMakeFiles/usart.elf.dir/Drivers/STM32F1xx_HAL_Driver/Src/stm32f1xx_hal_spi.c.obj
                0x080024fa                HAL_SPI_TransmitReceive
 .text.HAL_SPI_Receive
                0x0800273e      0x17e CMakeFiles/usart.elf.dir/Drivers/STM32F1xx_HAL_Driver/Src/stm32f1xx_hal_spi.c.obj
                0x0800273e                HAL_SPI_Receive
 .text.UART_SetConfig
                0x080028bc       0x94 CMakeFiles/usart.elf.dir/Drivers/STM32F1xx_HAL_Driver/Src/stm32f1xx_hal_uart.c.obj
 .text.UART_WaitOnFlagUntilTimeout
                0x08002950       0x84 CMakeFiles/usart.elf.dir/Drivers/STM32F1xx_HAL_Driver/Src/stm32f1xx_hal_uart.c.obj
 .text.HAL_UART_Init
                0x080029d4       0x60 CMakeFiles/usart.elf.dir/Drivers/STM32F1xx_HAL_Driver/Src/stm32f1xx_hal_uart.c.obj
                0x080029d4                HAL_UART_Init
 .text.HAL_HalfDuplex_Init
                0x08002a34       0x6c CMakeFiles/usart.elf.dir/Drivers/STM32F1xx_HAL_Driver/Src/stm32f1xx_hal_uart.c.obj
                0x08002a34                HAL_HalfDuplex_Init
 .text.HAL_UART_Transmit
                0x08002aa0       0xbe CMakeFiles/usart.elf.dir/Drivers/STM32F1xx_HAL_Driver/Src/stm32f1xx_hal_uart.c.obj
                0x08002aa0                HAL_UART_Transmit
 .text.HAL_UART_Receive
                0x08002b5e       0xca CMakeFiles/usart.elf.dir/Drivers/STM32F1xx_HAL_Driver/Src/stm32f1xx_hal_uart.c.obj
                0x08002b5e                HAL_UART_Receive
 .text.CalculateChecksum
                0x08002c28       0x3c CMakeFiles/usart.elf.dir/Modules/DS18B20/ds18b20.c.obj
 .text.ExecuteCommand
                0x08002c64       0x72 CMakeFiles/usart.elf.dir/Modules/DS18B20/ds18b20.c.obj
 .text.WaitForConversionFinished
                0x08002cd6       0x1c CMakeFiles/usart.elf.dir/Modules/DS18B20/ds18b20.c.obj
 *fill*         0x08002cf2        0x2 
 .text.DS18B20_ConvertT
                0x08002cf4       0x64 CMakeFiles/usart.elf.dir/Modules/DS18B20/ds18b20.c.obj
                0x08002cf4                DS18B20_ConvertT
 .text.DS18B20_ReadScratchpad
                0x08002d58       0x94 CMakeFiles/usart.elf.dir/Modules/DS18B20/ds18b20.c.obj
                0x08002d58                DS18B20_ReadScratchpad
 .text.DS18B20_WriteScratchpad
                0x08002dec       0x24 CMakeFiles/usart.elf.dir/Modules/DS18B20/ds18b20.c.obj
                0x08002dec                DS18B20_WriteScratchpad
 .text.DS18B20_InitializationCommand
                0x08002e10       0x22 CMakeFiles/usart.elf.dir/Modules/DS18B20/ds18b20.c.obj
                0x08002e10                DS18B20_InitializationCommand
 *fill*         0x08002e32        0x2 
 .text.DS18B20_ReadRom
                0x08002e34       0x34 CMakeFiles/usart.elf.dir/Modules/DS18B20/ds18b20.c.obj
                0x08002e34                DS18B20_ReadRom
 .text.DS18B20_SkipRom
                0x08002e68       0x1c CMakeFiles/usart.elf.dir/Modules/DS18B20/ds18b20.c.obj
                0x08002e68                DS18B20_SkipRom
 .text.DS18B20_Init
                0x08002e84        0xc CMakeFiles/usart.elf.dir/Modules/DS18B20/ds18b20.c.obj
                0x08002e84                DS18B20_Init
 .text.SetBaudrate
                0x08002e90       0x60 CMakeFiles/usart.elf.dir/Modules/OneWire/onewire.c.obj
 .text.OneWire_ProcessBit
                0x08002ef0       0x3c CMakeFiles/usart.elf.dir/Modules/OneWire/onewire.c.obj
                0x08002ef0                OneWire_ProcessBit
 .text.OneWire_ProcessByte
                0x08002f2c       0x3e CMakeFiles/usart.elf.dir/Modules/OneWire/onewire.c.obj
                0x08002f2c                OneWire_ProcessByte
 .text.OneWire_Reset
                0x08002f6a       0x56 CMakeFiles/usart.elf.dir/Modules/OneWire/onewire.c.obj
                0x08002f6a                OneWire_Reset
 .text.WIZCHIP_READ
                0x08002fc0       0x64 CMakeFiles/usart.elf.dir/Modules/ioLibrary_Driver/Ethernet/W5500/w5500.c.obj
                0x08002fc0                WIZCHIP_READ
 .text.WIZCHIP_WRITE
                0x08003024       0x68 CMakeFiles/usart.elf.dir/Modules/ioLibrary_Driver/Ethernet/W5500/w5500.c.obj
                0x08003024                WIZCHIP_WRITE
 .text.WIZCHIP_READ_BUF
                0x0800308c       0x7c CMakeFiles/usart.elf.dir/Modules/ioLibrary_Driver/Ethernet/W5500/w5500.c.obj
                0x0800308c                WIZCHIP_READ_BUF
 .text.WIZCHIP_WRITE_BUF
                0x08003108       0x7c CMakeFiles/usart.elf.dir/Modules/ioLibrary_Driver/Ethernet/W5500/w5500.c.obj
                0x08003108                WIZCHIP_WRITE_BUF
 .text.getSn_TX_FSR
                0x08003184       0x56 CMakeFiles/usart.elf.dir/Modules/ioLibrary_Driver/Ethernet/W5500/w5500.c.obj
                0x08003184                getSn_TX_FSR
 .text.getSn_RX_RSR
                0x080031da       0x56 CMakeFiles/usart.elf.dir/Modules/ioLibrary_Driver/Ethernet/W5500/w5500.c.obj
                0x080031da                getSn_RX_RSR
 .text.wiz_send_data
                0x08003230       0x5c CMakeFiles/usart.elf.dir/Modules/ioLibrary_Driver/Ethernet/W5500/w5500.c.obj
                0x08003230                wiz_send_data
 .text.close    0x0800328c       0x78 CMakeFiles/usart.elf.dir/Modules/ioLibrary_Driver/Ethernet/socket.c.obj
                0x0800328c                close
 .text.socket   0x08003304      0x160 CMakeFiles/usart.elf.dir/Modules/ioLibrary_Driver/Ethernet/socket.c.obj
                0x08003304                socket
 .text.listen   0x08003464       0x6c CMakeFiles/usart.elf.dir/Modules/ioLibrary_Driver/Ethernet/socket.c.obj
                0x08003464                listen
 .text.send     0x080034d0      0x124 CMakeFiles/usart.elf.dir/Modules/ioLibrary_Driver/Ethernet/socket.c.obj
                0x080034d0                send
 .text.getsockopt
                0x080035f4      0x164 CMakeFiles/usart.elf.dir/Modules/ioLibrary_Driver/Ethernet/socket.c.obj
                0x080035f4                getsockopt
 .text.wizchip_cris_enter
                0x08003758        0x2 CMakeFiles/usart.elf.dir/Modules/ioLibrary_Driver/Ethernet/wizchip_conf.c.obj
                0x08003758                wizchip_cris_enter
 .text.wizchip_cris_exit
                0x0800375a        0x2 CMakeFiles/usart.elf.dir/Modules/ioLibrary_Driver/Ethernet/wizchip_conf.c.obj
                0x0800375a                wizchip_cris_exit
 .text.wizchip_cs_select
                0x0800375c        0x2 CMakeFiles/usart.elf.dir/Modules/ioLibrary_Driver/Ethernet/wizchip_conf.c.obj
                0x0800375c                wizchip_cs_select
 .text.wizchip_cs_deselect
                0x0800375e        0x2 CMakeFiles/usart.elf.dir/Modules/ioLibrary_Driver/Ethernet/wizchip_conf.c.obj
                0x0800375e                wizchip_cs_deselect
 .text.wizchip_bus_readdata
                0x08003760        0x4 CMakeFiles/usart.elf.dir/Modules/ioLibrary_Driver/Ethernet/wizchip_conf.c.obj
                0x08003760                wizchip_bus_readdata
 .text.wizchip_bus_writedata
                0x08003764        0x4 CMakeFiles/usart.elf.dir/Modules/ioLibrary_Driver/Ethernet/wizchip_conf.c.obj
                0x08003764                wizchip_bus_writedata
 .text.wizchip_spi_readbyte
                0x08003768        0x4 CMakeFiles/usart.elf.dir/Modules/ioLibrary_Driver/Ethernet/wizchip_conf.c.obj
                0x08003768                wizchip_spi_readbyte
 .text.wizchip_spi_writebyte
                0x0800376c        0x2 CMakeFiles/usart.elf.dir/Modules/ioLibrary_Driver/Ethernet/wizchip_conf.c.obj
                0x0800376c                wizchip_spi_writebyte
 *fill*         0x0800376e        0x2 
 .text.reg_wizchip_cs_cbfunc
                0x08003770       0x24 CMakeFiles/usart.elf.dir/Modules/ioLibrary_Driver/Ethernet/wizchip_conf.c.obj
                0x08003770                reg_wizchip_cs_cbfunc
 .text.reg_wizchip_spi_cbfunc
                0x08003794       0x30 CMakeFiles/usart.elf.dir/Modules/ioLibrary_Driver/Ethernet/wizchip_conf.c.obj
                0x08003794                reg_wizchip_spi_cbfunc
 .text.wizchip_sw_reset
                0x080037c4       0x78 CMakeFiles/usart.elf.dir/Modules/ioLibrary_Driver/Ethernet/wizchip_conf.c.obj
                0x080037c4                wizchip_sw_reset
 .text.wizchip_init
                0x0800383c       0x8a CMakeFiles/usart.elf.dir/Modules/ioLibrary_Driver/Ethernet/wizchip_conf.c.obj
                0x0800383c                wizchip_init
 *fill*         0x080038c6        0x2 
 .text.wizchip_setnetinfo
                0x080038c8       0x5c CMakeFiles/usart.elf.dir/Modules/ioLibrary_Driver/Ethernet/wizchip_conf.c.obj
                0x080038c8                wizchip_setnetinfo
 .text.wizchip_getnetinfo
                0x08003924       0x5c CMakeFiles/usart.elf.dir/Modules/ioLibrary_Driver/Ethernet/wizchip_conf.c.obj
                0x08003924                wizchip_getnetinfo
 .text._malloc_r
                0x08003980      0x570 d:/programs/arm-none-eabi/12.2/bin/../lib/gcc/arm-none-eabi/12.2.1/thumb/v7-m/nofp\libg.a(libc_a-mallocr.o)
                0x08003980                _malloc_r
 .text.__malloc_lock
                0x08003ef0        0xc d:/programs/arm-none-eabi/12.2/bin/../lib/gcc/arm-none-eabi/12.2.1/thumb/v7-m/nofp\libg.a(libc_a-mlock.o)
                0x08003ef0                __malloc_lock
 .text.__malloc_unlock
                0x08003efc        0xc d:/programs/arm-none-eabi/12.2/bin/../lib/gcc/arm-none-eabi/12.2.1/thumb/v7-m/nofp\libg.a(libc_a-mlock.o)
                0x08003efc                __malloc_unlock
 .text.stdio_exit_handler
                0x08003f08       0x18 d:/programs/arm-none-eabi/12.2/bin/../lib/gcc/arm-none-eabi/12.2.1/thumb/v7-m/nofp\libg.a(libc_a-findfp.o)
 .text.cleanup_stdio
                0x08003f20       0x40 d:/programs/arm-none-eabi/12.2/bin/../lib/gcc/arm-none-eabi/12.2.1/thumb/v7-m/nofp\libg.a(libc_a-findfp.o)
 .text.global_stdio_init.part.0
                0x08003f60       0xf0 d:/programs/arm-none-eabi/12.2/bin/../lib/gcc/arm-none-eabi/12.2.1/thumb/v7-m/nofp\libg.a(libc_a-findfp.o)
 .text.__sinit  0x08004050       0x3c d:/programs/arm-none-eabi/12.2/bin/../lib/gcc/arm-none-eabi/12.2.1/thumb/v7-m/nofp\libg.a(libc_a-findfp.o)
                0x08004050                __sinit
 .text.__sfp_lock_acquire
                0x0800408c        0xc d:/programs/arm-none-eabi/12.2/bin/../lib/gcc/arm-none-eabi/12.2.1/thumb/v7-m/nofp\libg.a(libc_a-findfp.o)
                0x0800408c                __sfp_lock_acquire
 .text.__sfp_lock_release
                0x08004098        0xc d:/programs/arm-none-eabi/12.2/bin/../lib/gcc/arm-none-eabi/12.2.1/thumb/v7-m/nofp\libg.a(libc_a-findfp.o)
                0x08004098                __sfp_lock_release
 .text._fwalk_sglue
                0x080040a4       0x44 d:/programs/arm-none-eabi/12.2/bin/../lib/gcc/arm-none-eabi/12.2.1/thumb/v7-m/nofp\libg.a(libc_a-fwalk.o)
                0x080040a4                _fwalk_sglue
 .text.sprintf  0x080040e8       0x44 d:/programs/arm-none-eabi/12.2/bin/../lib/gcc/arm-none-eabi/12.2.1/thumb/v7-m/nofp\libg.a(libc_a-sprintf.o)
                0x080040e8                sprintf
 .text.__sread  0x0800412c       0x24 d:/programs/arm-none-eabi/12.2/bin/../lib/gcc/arm-none-eabi/12.2.1/thumb/v7-m/nofp\libg.a(libc_a-stdio.o)
                0x0800412c                __sread
 .text.__swrite
                0x08004150       0x40 d:/programs/arm-none-eabi/12.2/bin/../lib/gcc/arm-none-eabi/12.2.1/thumb/v7-m/nofp\libg.a(libc_a-stdio.o)
                0x08004150                __swrite
 .text.__sseek  0x08004190       0x24 d:/programs/arm-none-eabi/12.2/bin/../lib/gcc/arm-none-eabi/12.2.1/thumb/v7-m/nofp\libg.a(libc_a-stdio.o)
                0x08004190                __sseek
 .text.__sclose
                0x080041b4        0x8 d:/programs/arm-none-eabi/12.2/bin/../lib/gcc/arm-none-eabi/12.2.1/thumb/v7-m/nofp\libg.a(libc_a-stdio.o)
                0x080041b4                __sclose
 .text.memset   0x080041bc       0xa0 d:/programs/arm-none-eabi/12.2/bin/../lib/gcc/arm-none-eabi/12.2.1/thumb/v7-m/nofp\libg.a(libc_a-memset.o)
                0x080041bc                memset
 .text.strncpy  0x0800425c       0x6c d:/programs/arm-none-eabi/12.2/bin/../lib/gcc/arm-none-eabi/12.2.1/thumb/v7-m/nofp\libg.a(libc_a-strncpy.o)
                0x0800425c                strncpy
 .text._close_r
                0x080042c8       0x24 d:/programs/arm-none-eabi/12.2/bin/../lib/gcc/arm-none-eabi/12.2.1/thumb/v7-m/nofp\libg.a(libc_a-closer.o)
                0x080042c8                _close_r
 .text._lseek_r
                0x080042ec       0x2c d:/programs/arm-none-eabi/12.2/bin/../lib/gcc/arm-none-eabi/12.2.1/thumb/v7-m/nofp\libg.a(libc_a-lseekr.o)
                0x080042ec                _lseek_r
 .text._read_r  0x08004318       0x2c d:/programs/arm-none-eabi/12.2/bin/../lib/gcc/arm-none-eabi/12.2.1/thumb/v7-m/nofp\libg.a(libc_a-readr.o)
                0x08004318                _read_r
 .text._sbrk_r  0x08004344       0x24 d:/programs/arm-none-eabi/12.2/bin/../lib/gcc/arm-none-eabi/12.2.1/thumb/v7-m/nofp\libg.a(libc_a-sbrkr.o)
                0x08004344                _sbrk_r
 .text._write_r
                0x08004368       0x2c d:/programs/arm-none-eabi/12.2/bin/../lib/gcc/arm-none-eabi/12.2.1/thumb/v7-m/nofp\libg.a(libc_a-writer.o)
                0x08004368                _write_r
 .text.__errno  0x08004394        0xc d:/programs/arm-none-eabi/12.2/bin/../lib/gcc/arm-none-eabi/12.2.1/thumb/v7-m/nofp\libg.a(libc_a-errno.o)
                0x08004394                __errno
 .text.__libc_init_array
                0x080043a0       0x50 d:/programs/arm-none-eabi/12.2/bin/../lib/gcc/arm-none-eabi/12.2.1/thumb/v7-m/nofp\libg.a(libc_a-init.o)
                0x080043a0                __libc_init_array
 .text.__retarget_lock_init_recursive
                0x080043f0        0x4 d:/programs/arm-none-eabi/12.2/bin/../lib/gcc/arm-none-eabi/12.2.1/thumb/v7-m/nofp\libg.a(libc_a-lock.o)
                0x080043f0                __retarget_lock_init_recursive
 .text.__retarget_lock_close_recursive
                0x080043f4        0x4 d:/programs/arm-none-eabi/12.2/bin/../lib/gcc/arm-none-eabi/12.2.1/thumb/v7-m/nofp\libg.a(libc_a-lock.o)
                0x080043f4                __retarget_lock_close_recursive
 .text.__retarget_lock_acquire_recursive
                0x080043f8        0x4 d:/programs/arm-none-eabi/12.2/bin/../lib/gcc/arm-none-eabi/12.2.1/thumb/v7-m/nofp\libg.a(libc_a-lock.o)
                0x080043f8                __retarget_lock_acquire_recursive
 .text.__retarget_lock_release_recursive
                0x080043fc        0x4 d:/programs/arm-none-eabi/12.2/bin/../lib/gcc/arm-none-eabi/12.2.1/thumb/v7-m/nofp\libg.a(libc_a-lock.o)
                0x080043fc                __retarget_lock_release_recursive
 .text.sysconf  0x08004400       0x1c d:/programs/arm-none-eabi/12.2/bin/../lib/gcc/arm-none-eabi/12.2.1/thumb/v7-m/nofp\libg.a(libc_a-sysconf.o)
                0x08004400                sysconf
 .text.strlen   0x0800441c       0x5c d:/programs/arm-none-eabi/12.2/bin/../lib/gcc/arm-none-eabi/12.2.1/thumb/v7-m/nofp\libg.a(libc_a-strlen-stub.o)
                0x0800441c                strlen
 .text.startup.register_fini
                0x08004478       0x14 d:/programs/arm-none-eabi/12.2/bin/../lib/gcc/arm-none-eabi/12.2.1/thumb/v7-m/nofp\libg.a(libc_a-__call_atexit.o)
 .text.atexit   0x0800448c        0xc d:/programs/arm-none-eabi/12.2/bin/../lib/gcc/arm-none-eabi/12.2.1/thumb/v7-m/nofp\libg.a(libc_a-atexit.o)
                0x0800448c                atexit
 .text._malloc_trim_r
                0x08004498       0xb8 d:/programs/arm-none-eabi/12.2/bin/../lib/gcc/arm-none-eabi/12.2.1/thumb/v7-m/nofp\libg.a(libc_a-freer.o)
                0x08004498                _malloc_trim_r
 .text._free_r  0x08004550      0x1fc d:/programs/arm-none-eabi/12.2/bin/../lib/gcc/arm-none-eabi/12.2.1/thumb/v7-m/nofp\libg.a(libc_a-freer.o)
                0x08004550                _free_r
 .text._svfprintf_r
                0x0800474c     0x1bb8 d:/programs/arm-none-eabi/12.2/bin/../lib/gcc/arm-none-eabi/12.2.1/thumb/v7-m/nofp\libg.a(libc_a-svfprintf.o)
                0x0800474c                _svfprintf_r
 .text.__sprint_r.part.0
                0x08006304       0x78 d:/programs/arm-none-eabi/12.2/bin/../lib/gcc/arm-none-eabi/12.2.1/thumb/v7-m/nofp\libg.a(libc_a-vfiprintf.o)
 .text._vfiprintf_r
                0x0800637c      0xf9c d:/programs/arm-none-eabi/12.2/bin/../lib/gcc/arm-none-eabi/12.2.1/thumb/v7-m/nofp\libg.a(libc_a-vfiprintf.o)
                0x0800637c                _vfiprintf_r
 .text.__sbprintf
                0x08007318       0x80 d:/programs/arm-none-eabi/12.2/bin/../lib/gcc/arm-none-eabi/12.2.1/thumb/v7-m/nofp\libg.a(libc_a-vfiprintf.o)
 .text._fclose_r
                0x08007398       0xc0 d:/programs/arm-none-eabi/12.2/bin/../lib/gcc/arm-none-eabi/12.2.1/thumb/v7-m/nofp\libg.a(libc_a-fclose.o)
                0x08007398                _fclose_r
 .text.__sflush_r
                0x08007458      0x128 d:/programs/arm-none-eabi/12.2/bin/../lib/gcc/arm-none-eabi/12.2.1/thumb/v7-m/nofp\libg.a(libc_a-fflush.o)
                0x08007458                __sflush_r
 .text._fflush_r
                0x08007580       0x54 d:/programs/arm-none-eabi/12.2/bin/../lib/gcc/arm-none-eabi/12.2.1/thumb/v7-m/nofp\libg.a(libc_a-fflush.o)
                0x08007580                _fflush_r
 .text.__sfvwrite_r
                0x080075d4      0x2ec d:/programs/arm-none-eabi/12.2/bin/../lib/gcc/arm-none-eabi/12.2.1/thumb/v7-m/nofp\libg.a(libc_a-fvwrite.o)
                0x080075d4                __sfvwrite_r
 .text.__swbuf_r
                0x080078c0       0xac d:/programs/arm-none-eabi/12.2/bin/../lib/gcc/arm-none-eabi/12.2.1/thumb/v7-m/nofp\libg.a(libc_a-wbuf.o)
                0x080078c0                __swbuf_r
 .text.__swsetup_r
                0x0800796c       0xc0 d:/programs/arm-none-eabi/12.2/bin/../lib/gcc/arm-none-eabi/12.2.1/thumb/v7-m/nofp\libg.a(libc_a-wsetup.o)
                0x0800796c                __swsetup_r
 .text.__fputwc
                0x08007a2c       0x7c d:/programs/arm-none-eabi/12.2/bin/../lib/gcc/arm-none-eabi/12.2.1/thumb/v7-m/nofp\libg.a(libc_a-fputwc.o)
                0x08007a2c                __fputwc
 .text._fputwc_r
                0x08007aa8       0x60 d:/programs/arm-none-eabi/12.2/bin/../lib/gcc/arm-none-eabi/12.2.1/thumb/v7-m/nofp\libg.a(libc_a-fputwc.o)
                0x08007aa8                _fputwc_r
 .text.memmove  0x08007b08       0xfc d:/programs/arm-none-eabi/12.2/bin/../lib/gcc/arm-none-eabi/12.2.1/thumb/v7-m/nofp\libg.a(libc_a-memmove.o)
                0x08007b08                memmove
 .text.__locale_mb_cur_max
                0x08007c04        0xc d:/programs/arm-none-eabi/12.2/bin/../lib/gcc/arm-none-eabi/12.2.1/thumb/v7-m/nofp\libg.a(libc_a-locale.o)
                0x08007c04                __locale_mb_cur_max
 .text._localeconv_r
                0x08007c10        0x8 d:/programs/arm-none-eabi/12.2/bin/../lib/gcc/arm-none-eabi/12.2.1/thumb/v7-m/nofp\libg.a(libc_a-localeconv.o)
                0x08007c10                _localeconv_r
 .text.__libc_fini_array
                0x08007c18       0x28 d:/programs/arm-none-eabi/12.2/bin/../lib/gcc/arm-none-eabi/12.2.1/thumb/v7-m/nofp\libg.a(libc_a-fini.o)
                0x08007c18                __libc_fini_array
 .text.memchr   0x08007c40       0x98 d:/programs/arm-none-eabi/12.2/bin/../lib/gcc/arm-none-eabi/12.2.1/thumb/v7-m/nofp\libg.a(libc_a-memchr-stub.o)
                0x08007c40                memchr
 .text.frexp    0x08007cd8       0x70 d:/programs/arm-none-eabi/12.2/bin/../lib/gcc/arm-none-eabi/12.2.1/thumb/v7-m/nofp\libg.a(libm_a-s_frexp.o)
                0x08007cd8                frexp
 .text.__register_exitproc
                0x08007d48       0x80 d:/programs/arm-none-eabi/12.2/bin/../lib/gcc/arm-none-eabi/12.2.1/thumb/v7-m/nofp\libg.a(libc_a-__atexit.o)
                0x08007d48                __register_exitproc
 .text.quorem   0x08007dc8      0x13c d:/programs/arm-none-eabi/12.2/bin/../lib/gcc/arm-none-eabi/12.2.1/thumb/v7-m/nofp\libg.a(libc_a-dtoa.o)
 *fill*         0x08007f04        0x4 
 .text._dtoa_r  0x08007f08      0xe54 d:/programs/arm-none-eabi/12.2/bin/../lib/gcc/arm-none-eabi/12.2.1/thumb/v7-m/nofp\libg.a(libc_a-dtoa.o)
                0x08007f08                _dtoa_r
 .text.__ascii_mbtowc
                0x08008d5c       0x2c d:/programs/arm-none-eabi/12.2/bin/../lib/gcc/arm-none-eabi/12.2.1/thumb/v7-m/nofp\libg.a(libc_a-mbtowc_r.o)
                0x08008d5c                __ascii_mbtowc
 .text._Balloc  0x08008d88       0x4c d:/programs/arm-none-eabi/12.2/bin/../lib/gcc/arm-none-eabi/12.2.1/thumb/v7-m/nofp\libg.a(libc_a-mprec.o)
                0x08008d88                _Balloc
 .text._Bfree   0x08008dd4       0x14 d:/programs/arm-none-eabi/12.2/bin/../lib/gcc/arm-none-eabi/12.2.1/thumb/v7-m/nofp\libg.a(libc_a-mprec.o)
                0x08008dd4                _Bfree
 .text.__multadd
                0x08008de8       0xa4 d:/programs/arm-none-eabi/12.2/bin/../lib/gcc/arm-none-eabi/12.2.1/thumb/v7-m/nofp\libg.a(libc_a-mprec.o)
                0x08008de8                __multadd
 .text.__hi0bits
                0x08008e8c       0x44 d:/programs/arm-none-eabi/12.2/bin/../lib/gcc/arm-none-eabi/12.2.1/thumb/v7-m/nofp\libg.a(libc_a-mprec.o)
                0x08008e8c                __hi0bits
 .text.__lo0bits
                0x08008ed0       0x5c d:/programs/arm-none-eabi/12.2/bin/../lib/gcc/arm-none-eabi/12.2.1/thumb/v7-m/nofp\libg.a(libc_a-mprec.o)
                0x08008ed0                __lo0bits
 .text.__i2b    0x08008f2c       0x5c d:/programs/arm-none-eabi/12.2/bin/../lib/gcc/arm-none-eabi/12.2.1/thumb/v7-m/nofp\libg.a(libc_a-mprec.o)
                0x08008f2c                __i2b
 .text.__multiply
                0x08008f88      0x164 d:/programs/arm-none-eabi/12.2/bin/../lib/gcc/arm-none-eabi/12.2.1/thumb/v7-m/nofp\libg.a(libc_a-mprec.o)
                0x08008f88                __multiply
 .text.__pow5mult
                0x080090ec       0xb4 d:/programs/arm-none-eabi/12.2/bin/../lib/gcc/arm-none-eabi/12.2.1/thumb/v7-m/nofp\libg.a(libc_a-mprec.o)
                0x080090ec                __pow5mult
 .text.__lshift
                0x080091a0       0xec d:/programs/arm-none-eabi/12.2/bin/../lib/gcc/arm-none-eabi/12.2.1/thumb/v7-m/nofp\libg.a(libc_a-mprec.o)
                0x080091a0                __lshift
 .text.__mcmp   0x0800928c       0x40 d:/programs/arm-none-eabi/12.2/bin/../lib/gcc/arm-none-eabi/12.2.1/thumb/v7-m/nofp\libg.a(libc_a-mprec.o)
                0x0800928c                __mcmp
 .text.__mdiff  0x080092cc      0x160 d:/programs/arm-none-eabi/12.2/bin/../lib/gcc/arm-none-eabi/12.2.1/thumb/v7-m/nofp\libg.a(libc_a-mprec.o)
                0x080092cc                __mdiff
 .text.__d2b    0x0800942c       0xbc d:/programs/arm-none-eabi/12.2/bin/../lib/gcc/arm-none-eabi/12.2.1/thumb/v7-m/nofp\libg.a(libc_a-mprec.o)
                0x0800942c                __d2b
 .text._realloc_r
                0x080094e8      0x34c d:/programs/arm-none-eabi/12.2/bin/../lib/gcc/arm-none-eabi/12.2.1/thumb/v7-m/nofp\libg.a(libc_a-reallocr.o)
                0x080094e8                _realloc_r
 .text.__ascii_wctomb
                0x08009834       0x1c d:/programs/arm-none-eabi/12.2/bin/../lib/gcc/arm-none-eabi/12.2.1/thumb/v7-m/nofp\libg.a(libc_a-wctomb_r.o)
                0x08009834                __ascii_wctomb
 .text._wcrtomb_r
                0x08009850       0x4c d:/programs/arm-none-eabi/12.2/bin/../lib/gcc/arm-none-eabi/12.2.1/thumb/v7-m/nofp\libg.a(libc_a-wcrtomb.o)
                0x08009850                _wcrtomb_r
 .text._wcsrtombs_r
                0x0800989c       0x18 d:/programs/arm-none-eabi/12.2/bin/../lib/gcc/arm-none-eabi/12.2.1/thumb/v7-m/nofp\libg.a(libc_a-wcsrtombs.o)
                0x0800989c                _wcsrtombs_r
 .text.__ssprint_r
                0x080098b4      0x110 d:/programs/arm-none-eabi/12.2/bin/../lib/gcc/arm-none-eabi/12.2.1/thumb/v7-m/nofp\libg.a(libc_a-svfiprintf.o)
                0x080098b4                __ssprint_r
 .text.__smakebuf_r
                0x080099c4       0xdc d:/programs/arm-none-eabi/12.2/bin/../lib/gcc/arm-none-eabi/12.2.1/thumb/v7-m/nofp\libg.a(libc_a-makebuf.o)
                0x080099c4                __smakebuf_r
 .text._fstat_r
                0x08009aa0       0x28 d:/programs/arm-none-eabi/12.2/bin/../lib/gcc/arm-none-eabi/12.2.1/thumb/v7-m/nofp\libg.a(libc_a-fstatr.o)
                0x08009aa0                _fstat_r
 .text._isatty_r
                0x08009ac8       0x24 d:/programs/arm-none-eabi/12.2/bin/../lib/gcc/arm-none-eabi/12.2.1/thumb/v7-m/nofp\libg.a(libc_a-isattyr.o)
                0x08009ac8                _isatty_r
 .text.__assert_func
                0x08009aec       0x40 d:/programs/arm-none-eabi/12.2/bin/../lib/gcc/arm-none-eabi/12.2.1/thumb/v7-m/nofp\libg.a(libc_a-assert.o)
                0x08009aec                __assert_func
 .text._calloc_r
                0x08009b2c       0x6c d:/programs/arm-none-eabi/12.2/bin/../lib/gcc/arm-none-eabi/12.2.1/thumb/v7-m/nofp\libg.a(libc_a-callocr.o)
                0x08009b2c                _calloc_r
 .text._wcsnrtombs_l
                0x08009b98       0xec d:/programs/arm-none-eabi/12.2/bin/../lib/gcc/arm-none-eabi/12.2.1/thumb/v7-m/nofp\libg.a(libc_a-wcsnrtombs.o)
                0x08009b98                _wcsnrtombs_l
 .text._wcsnrtombs_r
                0x08009c84       0x24 d:/programs/arm-none-eabi/12.2/bin/../lib/gcc/arm-none-eabi/12.2.1/thumb/v7-m/nofp\libg.a(libc_a-wcsnrtombs.o)
                0x08009c84                _wcsnrtombs_r
 .text.fiprintf
                0x08009ca8       0x28 d:/programs/arm-none-eabi/12.2/bin/../lib/gcc/arm-none-eabi/12.2.1/thumb/v7-m/nofp\libg.a(libc_a-fiprintf.o)
                0x08009ca8                fiprintf
 .text.abort    0x08009cd0       0x10 d:/programs/arm-none-eabi/12.2/bin/../lib/gcc/arm-none-eabi/12.2.1/thumb/v7-m/nofp\libg.a(libc_a-abort.o)
                0x08009cd0                abort
 .text.raise    0x08009ce0       0x58 d:/programs/arm-none-eabi/12.2/bin/../lib/gcc/arm-none-eabi/12.2.1/thumb/v7-m/nofp\libg.a(libc_a-signal.o)
                0x08009ce0                raise
 .text._kill_r  0x08009d38       0x28 d:/programs/arm-none-eabi/12.2/bin/../lib/gcc/arm-none-eabi/12.2.1/thumb/v7-m/nofp\libg.a(libc_a-signalr.o)
                0x08009d38                _kill_r
 .text._getpid_r
                0x08009d60        0x4 d:/programs/arm-none-eabi/12.2/bin/../lib/gcc/arm-none-eabi/12.2.1/thumb/v7-m/nofp\libg.a(libc_a-signalr.o)
                0x08009d60                _getpid_r
 *(.glue_7)
 .glue_7        0x08009d64        0x0 linker stubs
 *(.glue_7t)
 .glue_7t       0x08009d64        0x0 linker stubs
 *(.eh_frame)
 .eh_frame      0x08009d64        0x0 d:/programs/arm-none-eabi/12.2/bin/../lib/gcc/arm-none-eabi/12.2.1/thumb/v7-m/nofp/crtbegin.o
 *(.init)
 .init          0x08009d64        0x4 d:/programs/arm-none-eabi/12.2/bin/../lib/gcc/arm-none-eabi/12.2.1/thumb/v7-m/nofp/crti.o
                0x08009d64                _init
 .init          0x08009d68        0x8 d:/programs/arm-none-eabi/12.2/bin/../lib/gcc/arm-none-eabi/12.2.1/thumb/v7-m/nofp/crtn.o
 *(.fini)
 .fini          0x08009d70        0x4 d:/programs/arm-none-eabi/12.2/bin/../lib/gcc/arm-none-eabi/12.2.1/thumb/v7-m/nofp/crti.o
                0x08009d70                _fini
 .fini          0x08009d74        0x8 d:/programs/arm-none-eabi/12.2/bin/../lib/gcc/arm-none-eabi/12.2.1/thumb/v7-m/nofp/crtn.o
                0x08009d7c                        . = ALIGN (0x4)
                0x08009d7c                        _etext = .

.vfp11_veneer   0x08009d7c        0x0
 .vfp11_veneer  0x08009d7c        0x0 linker stubs

.v4_bx          0x08009d7c        0x0
 .v4_bx         0x08009d7c        0x0 linker stubs

.iplt           0x08009d7c        0x0
 .iplt          0x08009d7c        0x0 d:/programs/arm-none-eabi/12.2/bin/../lib/gcc/arm-none-eabi/12.2.1/thumb/v7-m/nofp/crtbegin.o

.rodata         0x08009d80      0x558
                0x08009d80                        . = ALIGN (0x4)
 *(.rodata)
 .rodata        0x08009d80        0x6 CMakeFiles/usart.elf.dir/Core/Src/main.c.obj
 *(.rodata*)
 *fill*         0x08009d86        0x2 
 .rodata.tcp_server.str1.4
                0x08009d88       0xd8 CMakeFiles/usart.elf.dir/Core/Src/main.c.obj
 .rodata.main.str1.4
                0x08009e60       0x29 CMakeFiles/usart.elf.dir/Core/Src/main.c.obj
 *fill*         0x08009e89        0x3 
 .rodata.MSG    0x08009e8c        0xd CMakeFiles/usart.elf.dir/Core/Src/main.c.obj
                0x08009e8c                MSG
 *fill*         0x08009e99        0x3 
 .rodata.APBPrescTable
                0x08009e9c        0x8 CMakeFiles/usart.elf.dir/Core/Src/system_stm32f1xx.c.obj
                0x08009e9c                APBPrescTable
 .rodata.AHBPrescTable
                0x08009ea4       0x10 CMakeFiles/usart.elf.dir/Core/Src/system_stm32f1xx.c.obj
                0x08009ea4                AHBPrescTable
 .rodata.aPredivFactorTable.0
                0x08009eb4        0x2 CMakeFiles/usart.elf.dir/Drivers/STM32F1xx_HAL_Driver/Src/stm32f1xx_hal_rcc.c.obj
 *fill*         0x08009eb6        0x2 
 .rodata.aPLLMULFactorTable.1
                0x08009eb8       0x10 CMakeFiles/usart.elf.dir/Drivers/STM32F1xx_HAL_Driver/Src/stm32f1xx_hal_rcc.c.obj
 .rodata.convertT
                0x08009ec8        0x3 CMakeFiles/usart.elf.dir/Modules/DS18B20/ds18b20.c.obj
 *fill*         0x08009ecb        0x1 
 .rodata.writeScratchpad
                0x08009ecc        0x3 CMakeFiles/usart.elf.dir/Modules/DS18B20/ds18b20.c.obj
 *fill*         0x08009ecf        0x1 
 .rodata.readScratchpad
                0x08009ed0        0x3 CMakeFiles/usart.elf.dir/Modules/DS18B20/ds18b20.c.obj
 *fill*         0x08009ed3        0x1 
 .rodata.skipRom
                0x08009ed4        0x3 CMakeFiles/usart.elf.dir/Modules/DS18B20/ds18b20.c.obj
 *fill*         0x08009ed7        0x1 
 .rodata.readRom
                0x08009ed8        0x3 CMakeFiles/usart.elf.dir/Modules/DS18B20/ds18b20.c.obj
 *fill*         0x08009edb        0x1 
 .rodata._ctype_
                0x08009edc      0x101 d:/programs/arm-none-eabi/12.2/bin/../lib/gcc/arm-none-eabi/12.2.1/thumb/v7-m/nofp\libg.a(libc_a-ctype_.o)
                0x08009edc                _ctype_
 *fill*         0x08009fdd        0x3 
 .rodata._svfprintf_r.str1.4
                0x08009fe0       0x42 d:/programs/arm-none-eabi/12.2/bin/../lib/gcc/arm-none-eabi/12.2.1/thumb/v7-m/nofp\libg.a(libc_a-svfprintf.o)
 *fill*         0x0800a022        0x2 
 .rodata.zeroes.0
                0x0800a024       0x10 d:/programs/arm-none-eabi/12.2/bin/../lib/gcc/arm-none-eabi/12.2.1/thumb/v7-m/nofp\libg.a(libc_a-svfprintf.o)
 .rodata.blanks.1
                0x0800a034       0x10 d:/programs/arm-none-eabi/12.2/bin/../lib/gcc/arm-none-eabi/12.2.1/thumb/v7-m/nofp\libg.a(libc_a-svfprintf.o)
 .rodata._vfiprintf_r.str1.4
                0x0800a044       0x2f d:/programs/arm-none-eabi/12.2/bin/../lib/gcc/arm-none-eabi/12.2.1/thumb/v7-m/nofp\libg.a(libc_a-vfiprintf.o)
 .rodata.zeroes.0
                0x0800a044       0x10 d:/programs/arm-none-eabi/12.2/bin/../lib/gcc/arm-none-eabi/12.2.1/thumb/v7-m/nofp\libg.a(libc_a-vfiprintf.o)
 .rodata.blanks.1
                0x0800a054       0x10 d:/programs/arm-none-eabi/12.2/bin/../lib/gcc/arm-none-eabi/12.2.1/thumb/v7-m/nofp\libg.a(libc_a-vfiprintf.o)
 .rodata.str1.4
                0x0800a064       0x48 d:/programs/arm-none-eabi/12.2/bin/../lib/gcc/arm-none-eabi/12.2.1/thumb/v7-m/nofp\libg.a(libc_a-locale.o)
                                 0x4c (size before relaxing)
 .rodata._dtoa_r.str1.4
                0x0800a0ac       0x85 d:/programs/arm-none-eabi/12.2/bin/../lib/gcc/arm-none-eabi/12.2.1/thumb/v7-m/nofp\libg.a(libc_a-dtoa.o)
                                 0x89 (size before relaxing)
 *fill*         0x0800a131        0x3 
 .rodata.__multadd.str1.4
                0x0800a134       0x62 d:/programs/arm-none-eabi/12.2/bin/../lib/gcc/arm-none-eabi/12.2.1/thumb/v7-m/nofp\libg.a(libc_a-mprec.o)
                                 0x76 (size before relaxing)
 *fill*         0x0800a196        0x2 
 .rodata.p05.0  0x0800a198        0xc d:/programs/arm-none-eabi/12.2/bin/../lib/gcc/arm-none-eabi/12.2.1/thumb/v7-m/nofp\libg.a(libc_a-mprec.o)
 *fill*         0x0800a1a4        0x4 
 .rodata.__mprec_bigtens
                0x0800a1a8       0x28 d:/programs/arm-none-eabi/12.2/bin/../lib/gcc/arm-none-eabi/12.2.1/thumb/v7-m/nofp\libg.a(libc_a-mprec.o)
                0x0800a1a8                __mprec_bigtens
 .rodata.__mprec_tens
                0x0800a1d0       0xc8 d:/programs/arm-none-eabi/12.2/bin/../lib/gcc/arm-none-eabi/12.2.1/thumb/v7-m/nofp\libg.a(libc_a-mprec.o)
                0x0800a1d0                __mprec_tens
 .rodata.__assert_func.str1.4
                0x0800a298       0x3f d:/programs/arm-none-eabi/12.2/bin/../lib/gcc/arm-none-eabi/12.2.1/thumb/v7-m/nofp\libg.a(libc_a-assert.o)
                                 0x43 (size before relaxing)
                0x0800a2d8                        . = ALIGN (0x4)
 *fill*         0x0800a2d7        0x1 

.ARM.extab      0x0800a2d8        0x0
                0x0800a2d8                        . = ALIGN (0x4)
 *(.ARM.extab* .gnu.linkonce.armextab.*)
                0x0800a2d8                        . = ALIGN (0x4)

.ARM            0x0800a2d8        0x8
                0x0800a2d8                        . = ALIGN (0x4)
                0x0800a2d8                        __exidx_start = .
 *(.ARM.exidx*)
 .ARM.exidx     0x0800a2d8        0x8 d:/programs/arm-none-eabi/12.2/bin/../lib/gcc/arm-none-eabi/12.2.1/thumb/v7-m/nofp\libg.a(libc_a-memcpy.o)
                0x0800a2e0                        __exidx_end = .
                0x0800a2e0                        . = ALIGN (0x4)

.rel.dyn        0x0800a2e0        0x0
 .rel.iplt      0x0800a2e0        0x0 d:/programs/arm-none-eabi/12.2/bin/../lib/gcc/arm-none-eabi/12.2.1/thumb/v7-m/nofp/crtbegin.o

.preinit_array  0x0800a2e0        0x0
                0x0800a2e0                        . = ALIGN (0x4)
                0x0800a2e0                        PROVIDE (__preinit_array_start = .)
 *(.preinit_array*)
                0x0800a2e0                        PROVIDE (__preinit_array_end = .)
                0x0800a2e0                        . = ALIGN (0x4)

.init_array     0x0800a2e0        0x8
                0x0800a2e0                        . = ALIGN (0x4)
                0x0800a2e0                        PROVIDE (__init_array_start = .)
 *(SORT_BY_NAME(.init_array.*))
 .init_array.00000
                0x0800a2e0        0x4 d:/programs/arm-none-eabi/12.2/bin/../lib/gcc/arm-none-eabi/12.2.1/thumb/v7-m/nofp\libg.a(libc_a-__call_atexit.o)
 *(.init_array*)
 .init_array    0x0800a2e4        0x4 d:/programs/arm-none-eabi/12.2/bin/../lib/gcc/arm-none-eabi/12.2.1/thumb/v7-m/nofp/crtbegin.o
                0x0800a2e8                        PROVIDE (__init_array_end = .)
                0x0800a2e8                        . = ALIGN (0x4)

.fini_array     0x0800a2e8        0x4
                0x0800a2e8                        . = ALIGN (0x4)
                0x0800a2e8                        PROVIDE (__fini_array_start = .)
 *(SORT_BY_NAME(.fini_array.*))
 *(.fini_array*)
 .fini_array    0x0800a2e8        0x4 d:/programs/arm-none-eabi/12.2/bin/../lib/gcc/arm-none-eabi/12.2.1/thumb/v7-m/nofp/crtbegin.o
                0x0800a2ec                        PROVIDE (__fini_array_end = .)
                0x0800a2ec                        . = ALIGN (0x4)
                0x0800a2ec                        _sidata = LOADADDR (.data)

.data           0x20000000      0x6f0 load address 0x0800a2ec
                0x20000000                        . = ALIGN (0x4)
                0x20000000                        _sdata = .
 *(.data)
 *(.data*)
 .data.SystemCoreClock
                0x20000000        0x4 CMakeFiles/usart.elf.dir/Core/Src/system_stm32f1xx.c.obj
                0x20000000                SystemCoreClock
 .data.uwTickFreq
                0x20000004        0x1 CMakeFiles/usart.elf.dir/Drivers/STM32F1xx_HAL_Driver/Src/stm32f1xx_hal.c.obj
                0x20000004                uwTickFreq
 *fill*         0x20000005        0x3 
 .data.uwTickPrio
                0x20000008        0x4 CMakeFiles/usart.elf.dir/Drivers/STM32F1xx_HAL_Driver/Src/stm32f1xx_hal.c.obj
                0x20000008                uwTickPrio
 .data.sock_any_port
                0x2000000c        0x2 CMakeFiles/usart.elf.dir/Modules/ioLibrary_Driver/Ethernet/socket.c.obj
 *fill*         0x2000000e        0x2 
 .data.WIZCHIP  0x20000010       0x2c CMakeFiles/usart.elf.dir/Modules/ioLibrary_Driver/Ethernet/wizchip_conf.c.obj
                0x20000010                WIZCHIP
 .data.__malloc_sbrk_base
                0x2000003c        0x4 d:/programs/arm-none-eabi/12.2/bin/../lib/gcc/arm-none-eabi/12.2.1/thumb/v7-m/nofp\libg.a(libc_a-mallocr.o)
                0x2000003c                __malloc_sbrk_base
 .data.__malloc_trim_threshold
                0x20000040        0x4 d:/programs/arm-none-eabi/12.2/bin/../lib/gcc/arm-none-eabi/12.2.1/thumb/v7-m/nofp\libg.a(libc_a-mallocr.o)
                0x20000040                __malloc_trim_threshold
 *fill*         0x20000044        0x4 
 .data.__malloc_av_
                0x20000048      0x408 d:/programs/arm-none-eabi/12.2/bin/../lib/gcc/arm-none-eabi/12.2.1/thumb/v7-m/nofp\libg.a(libc_a-mallocr.o)
                0x20000048                __malloc_av_
 .data.__sglue  0x20000450        0xc d:/programs/arm-none-eabi/12.2/bin/../lib/gcc/arm-none-eabi/12.2.1/thumb/v7-m/nofp\libg.a(libc_a-findfp.o)
                0x20000450                __sglue
 .data._impure_ptr
                0x2000045c        0x4 d:/programs/arm-none-eabi/12.2/bin/../lib/gcc/arm-none-eabi/12.2.1/thumb/v7-m/nofp\libg.a(libc_a-impure.o)
                0x2000045c                _impure_ptr
 .data._impure_data
                0x20000460      0x120 d:/programs/arm-none-eabi/12.2/bin/../lib/gcc/arm-none-eabi/12.2.1/thumb/v7-m/nofp\libg.a(libc_a-impure.o)
                0x20000460                _impure_data
 .data.__atexit_recursive_mutex
                0x20000580        0x4 d:/programs/arm-none-eabi/12.2/bin/../lib/gcc/arm-none-eabi/12.2.1/thumb/v7-m/nofp\libg.a(libc_a-__call_atexit.o)
                0x20000580                __atexit_recursive_mutex
 .data.__global_locale
                0x20000584      0x16c d:/programs/arm-none-eabi/12.2/bin/../lib/gcc/arm-none-eabi/12.2.1/thumb/v7-m/nofp\libg.a(libc_a-locale.o)
                0x20000584                __global_locale
 *(.RamFunc)
 *(.RamFunc*)
                0x200006f0                        . = ALIGN (0x4)
                0x200006f0                        _edata = .

.tm_clone_table
                0x200006f0        0x0 load address 0x0800a9dc
 .tm_clone_table
                0x200006f0        0x0 d:/programs/arm-none-eabi/12.2/bin/../lib/gcc/arm-none-eabi/12.2.1/thumb/v7-m/nofp/crtbegin.o
 .tm_clone_table
                0x200006f0        0x0 d:/programs/arm-none-eabi/12.2/bin/../lib/gcc/arm-none-eabi/12.2.1/thumb/v7-m/nofp/crtend.o

.igot.plt       0x200006f0        0x0 load address 0x0800a9dc
 .igot.plt      0x200006f0        0x0 d:/programs/arm-none-eabi/12.2/bin/../lib/gcc/arm-none-eabi/12.2.1/thumb/v7-m/nofp/crtbegin.o
                0x200006f0                        . = ALIGN (0x4)

.bss            0x200006f0      0x45c load address 0x0800a9dc
                0x200006f0                        _sbss = .
                0x200006f0                        __bss_start__ = _sbss
 *(.bss)
 *(.bss*)
 .bss.completed.1
                0x200006f0        0x1 d:/programs/arm-none-eabi/12.2/bin/../lib/gcc/arm-none-eabi/12.2.1/thumb/v7-m/nofp/crtbegin.o
 *fill*         0x200006f1        0x3 
 .bss.object.0  0x200006f4       0x18 d:/programs/arm-none-eabi/12.2/bin/../lib/gcc/arm-none-eabi/12.2.1/thumb/v7-m/nofp/crtbegin.o
 .bss.temperatureSensor
                0x2000070c       0x18 CMakeFiles/usart.elf.dir/Core/Src/main.c.obj
                0x2000070c                temperatureSensor
 .bss.huart2    0x20000724       0x48 CMakeFiles/usart.elf.dir/Core/Src/main.c.obj
                0x20000724                huart2
 .bss.huart1    0x2000076c       0x48 CMakeFiles/usart.elf.dir/Core/Src/main.c.obj
                0x2000076c                huart1
 .bss.hspi2     0x200007b4       0x58 CMakeFiles/usart.elf.dir/Core/Src/main.c.obj
                0x200007b4                hspi2
 .bss.__sbrk_heap_end
                0x2000080c        0x4 CMakeFiles/usart.elf.dir/Core/Src/sysmem.c.obj
 .bss.uwTick    0x20000810        0x4 CMakeFiles/usart.elf.dir/Drivers/STM32F1xx_HAL_Driver/Src/stm32f1xx_hal.c.obj
                0x20000810                uwTick
 .bss.sock_pack_info
                0x20000814        0x8 CMakeFiles/usart.elf.dir/Modules/ioLibrary_Driver/Ethernet/socket.c.obj
                0x20000814                sock_pack_info
 .bss.sock_remained_size
                0x2000081c       0x10 CMakeFiles/usart.elf.dir/Modules/ioLibrary_Driver/Ethernet/socket.c.obj
 .bss.sock_is_sending
                0x2000082c        0x2 CMakeFiles/usart.elf.dir/Modules/ioLibrary_Driver/Ethernet/socket.c.obj
 .bss.sock_io_mode
                0x2000082e        0x2 CMakeFiles/usart.elf.dir/Modules/ioLibrary_Driver/Ethernet/socket.c.obj
 .bss._DHCP_    0x20000830        0x1 CMakeFiles/usart.elf.dir/Modules/ioLibrary_Driver/Ethernet/wizchip_conf.c.obj
 *fill*         0x20000831        0x3 
 .bss._DNS_     0x20000834        0x4 CMakeFiles/usart.elf.dir/Modules/ioLibrary_Driver/Ethernet/wizchip_conf.c.obj
 .bss.__malloc_current_mallinfo
                0x20000838       0x28 d:/programs/arm-none-eabi/12.2/bin/../lib/gcc/arm-none-eabi/12.2.1/thumb/v7-m/nofp\libg.a(libc_a-mallocr.o)
                0x20000838                __malloc_current_mallinfo
 .bss.__malloc_max_total_mem
                0x20000860        0x4 d:/programs/arm-none-eabi/12.2/bin/../lib/gcc/arm-none-eabi/12.2.1/thumb/v7-m/nofp\libg.a(libc_a-mallocr.o)
                0x20000860                __malloc_max_total_mem
 .bss.__malloc_max_sbrked_mem
                0x20000864        0x4 d:/programs/arm-none-eabi/12.2/bin/../lib/gcc/arm-none-eabi/12.2.1/thumb/v7-m/nofp\libg.a(libc_a-mallocr.o)
                0x20000864                __malloc_max_sbrked_mem
 .bss.__malloc_top_pad
                0x20000868        0x4 d:/programs/arm-none-eabi/12.2/bin/../lib/gcc/arm-none-eabi/12.2.1/thumb/v7-m/nofp\libg.a(libc_a-mallocr.o)
                0x20000868                __malloc_top_pad
 .bss.__sf      0x2000086c      0x138 d:/programs/arm-none-eabi/12.2/bin/../lib/gcc/arm-none-eabi/12.2.1/thumb/v7-m/nofp\libg.a(libc_a-findfp.o)
                0x2000086c                __sf
 .bss.__stdio_exit_handler
                0x200009a4        0x4 d:/programs/arm-none-eabi/12.2/bin/../lib/gcc/arm-none-eabi/12.2.1/thumb/v7-m/nofp\libg.a(libc_a-findfp.o)
                0x200009a4                __stdio_exit_handler
 .bss.errno     0x200009a8        0x4 d:/programs/arm-none-eabi/12.2/bin/../lib/gcc/arm-none-eabi/12.2.1/thumb/v7-m/nofp\libg.a(libc_a-reent.o)
                0x200009a8                errno
 .bss.__lock___malloc_recursive_mutex
                0x200009ac        0x1 d:/programs/arm-none-eabi/12.2/bin/../lib/gcc/arm-none-eabi/12.2.1/thumb/v7-m/nofp\libg.a(libc_a-lock.o)
                0x200009ac                __lock___malloc_recursive_mutex
 *fill*         0x200009ad        0x3 
 .bss.__lock___atexit_recursive_mutex
                0x200009b0        0x1 d:/programs/arm-none-eabi/12.2/bin/../lib/gcc/arm-none-eabi/12.2.1/thumb/v7-m/nofp\libg.a(libc_a-lock.o)
                0x200009b0                __lock___atexit_recursive_mutex
 *fill*         0x200009b1        0x3 
 .bss.__lock___sfp_recursive_mutex
                0x200009b4        0x1 d:/programs/arm-none-eabi/12.2/bin/../lib/gcc/arm-none-eabi/12.2.1/thumb/v7-m/nofp\libg.a(libc_a-lock.o)
                0x200009b4                __lock___sfp_recursive_mutex
 *fill*         0x200009b5        0x3 
 .bss.__atexit  0x200009b8        0x4 d:/programs/arm-none-eabi/12.2/bin/../lib/gcc/arm-none-eabi/12.2.1/thumb/v7-m/nofp\libg.a(libc_a-__call_atexit.o)
                0x200009b8                __atexit
 .bss.__atexit0
                0x200009bc      0x190 d:/programs/arm-none-eabi/12.2/bin/../lib/gcc/arm-none-eabi/12.2.1/thumb/v7-m/nofp\libg.a(libc_a-__atexit.o)
                0x200009bc                __atexit0
 *(COMMON)
                0x20000b4c                        . = ALIGN (0x4)
                0x20000b4c                        _ebss = .
                0x20000b4c                        __bss_end__ = _ebss

._user_heap_stack
                0x20000b4c      0x604 load address 0x0800a9dc
                0x20000b50                        . = ALIGN (0x8)
 *fill*         0x20000b4c        0x4 
                [!provide]                        PROVIDE (end = .)
                0x20000b50                        PROVIDE (_end = .)
                0x20000d50                        . = (. + _Min_Heap_Size)
 *fill*         0x20000b50      0x200 
                0x20001150                        . = (. + _Min_Stack_Size)
 *fill*         0x20000d50      0x400 
                0x20001150                        . = ALIGN (0x8)

/DISCARD/
 libc.a(*)
 libm.a(*)
 libgcc.a(*)

.ARM.attributes
                0x00000000       0x29
 *(.ARM.attributes)
 .ARM.attributes
                0x00000000       0x1d d:/programs/arm-none-eabi/12.2/bin/../lib/gcc/arm-none-eabi/12.2.1/thumb/v7-m/nofp/crti.o
 .ARM.attributes
                0x0000001d       0x2d d:/programs/arm-none-eabi/12.2/bin/../lib/gcc/arm-none-eabi/12.2.1/thumb/v7-m/nofp/crtbegin.o
 .ARM.attributes
                0x0000004a       0x2d CMakeFiles/usart.elf.dir/Core/Src/main.c.obj
 .ARM.attributes
                0x00000077       0x2d CMakeFiles/usart.elf.dir/Core/Src/stm32f1xx_hal_msp.c.obj
 .ARM.attributes
                0x000000a4       0x2d CMakeFiles/usart.elf.dir/Core/Src/stm32f1xx_it.c.obj
 .ARM.attributes
                0x000000d1       0x2d CMakeFiles/usart.elf.dir/Core/Src/syscalls.c.obj
 .ARM.attributes
                0x000000fe       0x2d CMakeFiles/usart.elf.dir/Core/Src/sysmem.c.obj
 .ARM.attributes
                0x0000012b       0x2d CMakeFiles/usart.elf.dir/Core/Src/system_stm32f1xx.c.obj
 .ARM.attributes
                0x00000158       0x21 CMakeFiles/usart.elf.dir/Core/Startup/startup_stm32f103c8tx.s.obj
 .ARM.attributes
                0x00000179       0x2d CMakeFiles/usart.elf.dir/Drivers/STM32F1xx_HAL_Driver/Src/stm32f1xx_hal.c.obj
 .ARM.attributes
                0x000001a6       0x2d CMakeFiles/usart.elf.dir/Drivers/STM32F1xx_HAL_Driver/Src/stm32f1xx_hal_cortex.c.obj
 .ARM.attributes
                0x000001d3       0x2d CMakeFiles/usart.elf.dir/Drivers/STM32F1xx_HAL_Driver/Src/stm32f1xx_hal_gpio.c.obj
 .ARM.attributes
                0x00000200       0x2d CMakeFiles/usart.elf.dir/Drivers/STM32F1xx_HAL_Driver/Src/stm32f1xx_hal_rcc.c.obj
 .ARM.attributes
                0x0000022d       0x2d CMakeFiles/usart.elf.dir/Drivers/STM32F1xx_HAL_Driver/Src/stm32f1xx_hal_spi.c.obj
 .ARM.attributes
                0x0000025a       0x2d CMakeFiles/usart.elf.dir/Drivers/STM32F1xx_HAL_Driver/Src/stm32f1xx_hal_uart.c.obj
 .ARM.attributes
                0x00000287       0x2d CMakeFiles/usart.elf.dir/Modules/DS18B20/ds18b20.c.obj
 .ARM.attributes
                0x000002b4       0x2d CMakeFiles/usart.elf.dir/Modules/OneWire/onewire.c.obj
 .ARM.attributes
                0x000002e1       0x2d CMakeFiles/usart.elf.dir/Modules/ioLibrary_Driver/Ethernet/W5500/w5500.c.obj
 .ARM.attributes
                0x0000030e       0x2d CMakeFiles/usart.elf.dir/Modules/ioLibrary_Driver/Ethernet/socket.c.obj
 .ARM.attributes
                0x0000033b       0x2d CMakeFiles/usart.elf.dir/Modules/ioLibrary_Driver/Ethernet/wizchip_conf.c.obj
 .ARM.attributes
                0x00000368       0x1d d:/programs/arm-none-eabi/12.2/bin/../lib/gcc/arm-none-eabi/12.2.1/thumb/v7-m/nofp\libgcc.a(_arm_mulsf3.o)
 .ARM.attributes
                0x00000385       0x1d d:/programs/arm-none-eabi/12.2/bin/../lib/gcc/arm-none-eabi/12.2.1/thumb/v7-m/nofp\libgcc.a(_arm_addsubsf3.o)
 .ARM.attributes
                0x000003a2       0x1d d:/programs/arm-none-eabi/12.2/bin/../lib/gcc/arm-none-eabi/12.2.1/thumb/v7-m/nofp\libgcc.a(_arm_fixunssfsi.o)
 .ARM.attributes
                0x000003bf       0x2d d:/programs/arm-none-eabi/12.2/bin/../lib/gcc/arm-none-eabi/12.2.1/thumb/v7-m/nofp\libg.a(libc_a-mallocr.o)
 .ARM.attributes
                0x000003ec       0x2d d:/programs/arm-none-eabi/12.2/bin/../lib/gcc/arm-none-eabi/12.2.1/thumb/v7-m/nofp\libg.a(libc_a-mlock.o)
 .ARM.attributes
                0x00000419       0x2d d:/programs/arm-none-eabi/12.2/bin/../lib/gcc/arm-none-eabi/12.2.1/thumb/v7-m/nofp\libg.a(libc_a-ctype_.o)
 .ARM.attributes
                0x00000446       0x2d d:/programs/arm-none-eabi/12.2/bin/../lib/gcc/arm-none-eabi/12.2.1/thumb/v7-m/nofp\libg.a(libc_a-findfp.o)
 .ARM.attributes
                0x00000473       0x2d d:/programs/arm-none-eabi/12.2/bin/../lib/gcc/arm-none-eabi/12.2.1/thumb/v7-m/nofp\libg.a(libc_a-fwalk.o)
 .ARM.attributes
                0x000004a0       0x2d d:/programs/arm-none-eabi/12.2/bin/../lib/gcc/arm-none-eabi/12.2.1/thumb/v7-m/nofp\libg.a(libc_a-sprintf.o)
 .ARM.attributes
                0x000004cd       0x2d d:/programs/arm-none-eabi/12.2/bin/../lib/gcc/arm-none-eabi/12.2.1/thumb/v7-m/nofp\libg.a(libc_a-stdio.o)
 .ARM.attributes
                0x000004fa       0x2d d:/programs/arm-none-eabi/12.2/bin/../lib/gcc/arm-none-eabi/12.2.1/thumb/v7-m/nofp\libg.a(libc_a-memset.o)
 .ARM.attributes
                0x00000527       0x2d d:/programs/arm-none-eabi/12.2/bin/../lib/gcc/arm-none-eabi/12.2.1/thumb/v7-m/nofp\libg.a(libc_a-strncpy.o)
 .ARM.attributes
                0x00000554       0x2d d:/programs/arm-none-eabi/12.2/bin/../lib/gcc/arm-none-eabi/12.2.1/thumb/v7-m/nofp\libg.a(libc_a-closer.o)
 .ARM.attributes
                0x00000581       0x2d d:/programs/arm-none-eabi/12.2/bin/../lib/gcc/arm-none-eabi/12.2.1/thumb/v7-m/nofp\libg.a(libc_a-reent.o)
 .ARM.attributes
                0x000005ae       0x2d d:/programs/arm-none-eabi/12.2/bin/../lib/gcc/arm-none-eabi/12.2.1/thumb/v7-m/nofp\libg.a(libc_a-impure.o)
 .ARM.attributes
                0x000005db       0x2d d:/programs/arm-none-eabi/12.2/bin/../lib/gcc/arm-none-eabi/12.2.1/thumb/v7-m/nofp\libg.a(libc_a-lseekr.o)
 .ARM.attributes
                0x00000608       0x2d d:/programs/arm-none-eabi/12.2/bin/../lib/gcc/arm-none-eabi/12.2.1/thumb/v7-m/nofp\libg.a(libc_a-readr.o)
 .ARM.attributes
                0x00000635       0x2d d:/programs/arm-none-eabi/12.2/bin/../lib/gcc/arm-none-eabi/12.2.1/thumb/v7-m/nofp\libg.a(libc_a-sbrkr.o)
 .ARM.attributes
                0x00000662       0x2d d:/programs/arm-none-eabi/12.2/bin/../lib/gcc/arm-none-eabi/12.2.1/thumb/v7-m/nofp\libg.a(libc_a-writer.o)
 .ARM.attributes
                0x0000068f       0x2d d:/programs/arm-none-eabi/12.2/bin/../lib/gcc/arm-none-eabi/12.2.1/thumb/v7-m/nofp\libg.a(libc_a-errno.o)
 .ARM.attributes
                0x000006bc       0x2d d:/programs/arm-none-eabi/12.2/bin/../lib/gcc/arm-none-eabi/12.2.1/thumb/v7-m/nofp\libg.a(libc_a-init.o)
 .ARM.attributes
                0x000006e9       0x2d d:/programs/arm-none-eabi/12.2/bin/../lib/gcc/arm-none-eabi/12.2.1/thumb/v7-m/nofp\libg.a(libc_a-lock.o)
 .ARM.attributes
                0x00000716       0x2d d:/programs/arm-none-eabi/12.2/bin/../lib/gcc/arm-none-eabi/12.2.1/thumb/v7-m/nofp\libg.a(libc_a-sysconf.o)
 .ARM.attributes
                0x00000743       0x1b d:/programs/arm-none-eabi/12.2/bin/../lib/gcc/arm-none-eabi/12.2.1/thumb/v7-m/nofp\libg.a(libc_a-memcpy.o)
 .ARM.attributes
                0x0000075e       0x2d d:/programs/arm-none-eabi/12.2/bin/../lib/gcc/arm-none-eabi/12.2.1/thumb/v7-m/nofp\libg.a(libc_a-strlen-stub.o)
 .ARM.attributes
                0x0000078b       0x2d d:/programs/arm-none-eabi/12.2/bin/../lib/gcc/arm-none-eabi/12.2.1/thumb/v7-m/nofp\libg.a(libc_a-__call_atexit.o)
 .ARM.attributes
                0x000007b8       0x2d d:/programs/arm-none-eabi/12.2/bin/../lib/gcc/arm-none-eabi/12.2.1/thumb/v7-m/nofp\libg.a(libc_a-atexit.o)
 .ARM.attributes
                0x000007e5       0x2d d:/programs/arm-none-eabi/12.2/bin/../lib/gcc/arm-none-eabi/12.2.1/thumb/v7-m/nofp\libg.a(libc_a-freer.o)
 .ARM.attributes
                0x00000812       0x2d d:/programs/arm-none-eabi/12.2/bin/../lib/gcc/arm-none-eabi/12.2.1/thumb/v7-m/nofp\libg.a(libc_a-svfprintf.o)
 .ARM.attributes
                0x0000083f       0x2d d:/programs/arm-none-eabi/12.2/bin/../lib/gcc/arm-none-eabi/12.2.1/thumb/v7-m/nofp\libg.a(libc_a-vfiprintf.o)
 .ARM.attributes
                0x0000086c       0x2d d:/programs/arm-none-eabi/12.2/bin/../lib/gcc/arm-none-eabi/12.2.1/thumb/v7-m/nofp\libg.a(libc_a-fclose.o)
 .ARM.attributes
                0x00000899       0x2d d:/programs/arm-none-eabi/12.2/bin/../lib/gcc/arm-none-eabi/12.2.1/thumb/v7-m/nofp\libg.a(libc_a-fflush.o)
 .ARM.attributes
                0x000008c6       0x2d d:/programs/arm-none-eabi/12.2/bin/../lib/gcc/arm-none-eabi/12.2.1/thumb/v7-m/nofp\libg.a(libc_a-fvwrite.o)
 .ARM.attributes
                0x000008f3       0x2d d:/programs/arm-none-eabi/12.2/bin/../lib/gcc/arm-none-eabi/12.2.1/thumb/v7-m/nofp\libg.a(libc_a-wbuf.o)
 .ARM.attributes
                0x00000920       0x2d d:/programs/arm-none-eabi/12.2/bin/../lib/gcc/arm-none-eabi/12.2.1/thumb/v7-m/nofp\libg.a(libc_a-wsetup.o)
 .ARM.attributes
                0x0000094d       0x2d d:/programs/arm-none-eabi/12.2/bin/../lib/gcc/arm-none-eabi/12.2.1/thumb/v7-m/nofp\libg.a(libc_a-fputwc.o)
 .ARM.attributes
                0x0000097a       0x2d d:/programs/arm-none-eabi/12.2/bin/../lib/gcc/arm-none-eabi/12.2.1/thumb/v7-m/nofp\libg.a(libc_a-memmove.o)
 .ARM.attributes
                0x000009a7       0x2d d:/programs/arm-none-eabi/12.2/bin/../lib/gcc/arm-none-eabi/12.2.1/thumb/v7-m/nofp\libg.a(libc_a-locale.o)
 .ARM.attributes
                0x000009d4       0x2d d:/programs/arm-none-eabi/12.2/bin/../lib/gcc/arm-none-eabi/12.2.1/thumb/v7-m/nofp\libg.a(libc_a-localeconv.o)
 .ARM.attributes
                0x00000a01       0x2d d:/programs/arm-none-eabi/12.2/bin/../lib/gcc/arm-none-eabi/12.2.1/thumb/v7-m/nofp\libg.a(libc_a-fini.o)
 .ARM.attributes
                0x00000a2e       0x2d d:/programs/arm-none-eabi/12.2/bin/../lib/gcc/arm-none-eabi/12.2.1/thumb/v7-m/nofp\libg.a(libc_a-memchr-stub.o)
 .ARM.attributes
                0x00000a5b       0x2d d:/programs/arm-none-eabi/12.2/bin/../lib/gcc/arm-none-eabi/12.2.1/thumb/v7-m/nofp\libg.a(libm_a-s_frexp.o)
 .ARM.attributes
                0x00000a88       0x2d d:/programs/arm-none-eabi/12.2/bin/../lib/gcc/arm-none-eabi/12.2.1/thumb/v7-m/nofp\libg.a(libc_a-__atexit.o)
 .ARM.attributes
                0x00000ab5       0x2d d:/programs/arm-none-eabi/12.2/bin/../lib/gcc/arm-none-eabi/12.2.1/thumb/v7-m/nofp\libg.a(libc_a-dtoa.o)
 .ARM.attributes
                0x00000ae2       0x2d d:/programs/arm-none-eabi/12.2/bin/../lib/gcc/arm-none-eabi/12.2.1/thumb/v7-m/nofp\libg.a(libc_a-mbtowc_r.o)
 .ARM.attributes
                0x00000b0f       0x2d d:/programs/arm-none-eabi/12.2/bin/../lib/gcc/arm-none-eabi/12.2.1/thumb/v7-m/nofp\libg.a(libc_a-mprec.o)
 .ARM.attributes
                0x00000b3c       0x2d d:/programs/arm-none-eabi/12.2/bin/../lib/gcc/arm-none-eabi/12.2.1/thumb/v7-m/nofp\libg.a(libc_a-reallocr.o)
 .ARM.attributes
                0x00000b69       0x2d d:/programs/arm-none-eabi/12.2/bin/../lib/gcc/arm-none-eabi/12.2.1/thumb/v7-m/nofp\libg.a(libc_a-wctomb_r.o)
 .ARM.attributes
                0x00000b96       0x2d d:/programs/arm-none-eabi/12.2/bin/../lib/gcc/arm-none-eabi/12.2.1/thumb/v7-m/nofp\libg.a(libc_a-wcrtomb.o)
 .ARM.attributes
                0x00000bc3       0x2d d:/programs/arm-none-eabi/12.2/bin/../lib/gcc/arm-none-eabi/12.2.1/thumb/v7-m/nofp\libg.a(libc_a-wcsrtombs.o)
 .ARM.attributes
                0x00000bf0       0x2d d:/programs/arm-none-eabi/12.2/bin/../lib/gcc/arm-none-eabi/12.2.1/thumb/v7-m/nofp\libg.a(libc_a-svfiprintf.o)
 .ARM.attributes
                0x00000c1d       0x2d d:/programs/arm-none-eabi/12.2/bin/../lib/gcc/arm-none-eabi/12.2.1/thumb/v7-m/nofp\libg.a(libc_a-makebuf.o)
 .ARM.attributes
                0x00000c4a       0x2d d:/programs/arm-none-eabi/12.2/bin/../lib/gcc/arm-none-eabi/12.2.1/thumb/v7-m/nofp\libg.a(libc_a-fstatr.o)
 .ARM.attributes
                0x00000c77       0x2d d:/programs/arm-none-eabi/12.2/bin/../lib/gcc/arm-none-eabi/12.2.1/thumb/v7-m/nofp\libg.a(libc_a-isattyr.o)
 .ARM.attributes
                0x00000ca4       0x2d d:/programs/arm-none-eabi/12.2/bin/../lib/gcc/arm-none-eabi/12.2.1/thumb/v7-m/nofp\libg.a(libc_a-assert.o)
 .ARM.attributes
                0x00000cd1       0x2d d:/programs/arm-none-eabi/12.2/bin/../lib/gcc/arm-none-eabi/12.2.1/thumb/v7-m/nofp\libg.a(libc_a-callocr.o)
 .ARM.attributes
                0x00000cfe       0x2d d:/programs/arm-none-eabi/12.2/bin/../lib/gcc/arm-none-eabi/12.2.1/thumb/v7-m/nofp\libg.a(libc_a-wcsnrtombs.o)
 .ARM.attributes
                0x00000d2b       0x2d d:/programs/arm-none-eabi/12.2/bin/../lib/gcc/arm-none-eabi/12.2.1/thumb/v7-m/nofp\libg.a(libc_a-fiprintf.o)
 .ARM.attributes
                0x00000d58       0x2d d:/programs/arm-none-eabi/12.2/bin/../lib/gcc/arm-none-eabi/12.2.1/thumb/v7-m/nofp\libg.a(libc_a-abort.o)
 .ARM.attributes
                0x00000d85       0x2d d:/programs/arm-none-eabi/12.2/bin/../lib/gcc/arm-none-eabi/12.2.1/thumb/v7-m/nofp\libg.a(libc_a-signal.o)
 .ARM.attributes
                0x00000db2       0x2d d:/programs/arm-none-eabi/12.2/bin/../lib/gcc/arm-none-eabi/12.2.1/thumb/v7-m/nofp\libg.a(libc_a-signalr.o)
 .ARM.attributes
                0x00000ddf       0x1d d:/programs/arm-none-eabi/12.2/bin/../lib/gcc/arm-none-eabi/12.2.1/thumb/v7-m/nofp\libgcc.a(_arm_addsubdf3.o)
 .ARM.attributes
                0x00000dfc       0x1d d:/programs/arm-none-eabi/12.2/bin/../lib/gcc/arm-none-eabi/12.2.1/thumb/v7-m/nofp\libgcc.a(_arm_muldivdf3.o)
 .ARM.attributes
                0x00000e19       0x1d d:/programs/arm-none-eabi/12.2/bin/../lib/gcc/arm-none-eabi/12.2.1/thumb/v7-m/nofp\libgcc.a(_arm_cmpdf2.o)
 .ARM.attributes
                0x00000e36       0x1d d:/programs/arm-none-eabi/12.2/bin/../lib/gcc/arm-none-eabi/12.2.1/thumb/v7-m/nofp\libgcc.a(_arm_unorddf2.o)
 .ARM.attributes
                0x00000e53       0x1d d:/programs/arm-none-eabi/12.2/bin/../lib/gcc/arm-none-eabi/12.2.1/thumb/v7-m/nofp\libgcc.a(_arm_fixdfsi.o)
 .ARM.attributes
                0x00000e70       0x2d d:/programs/arm-none-eabi/12.2/bin/../lib/gcc/arm-none-eabi/12.2.1/thumb/v7-m/nofp/crtend.o
 .ARM.attributes
                0x00000e9d       0x1d d:/programs/arm-none-eabi/12.2/bin/../lib/gcc/arm-none-eabi/12.2.1/thumb/v7-m/nofp/crtn.o
OUTPUT(usart.elf elf32-littlearm)
LOAD linker stubs
LOAD d:/programs/arm-none-eabi/12.2/bin/../lib/gcc/arm-none-eabi/12.2.1/thumb/v7-m/nofp\libc.a
LOAD d:/programs/arm-none-eabi/12.2/bin/../lib/gcc/arm-none-eabi/12.2.1/thumb/v7-m/nofp\libm.a
LOAD d:/programs/arm-none-eabi/12.2/bin/../lib/gcc/arm-none-eabi/12.2.1/thumb/v7-m/nofp\libgcc.a

.debug_info     0x00000000     0xf859
 .debug_info    0x00000000     0x1acb CMakeFiles/usart.elf.dir/Core/Src/main.c.obj
 .debug_info    0x00001acb      0xc0a CMakeFiles/usart.elf.dir/Core/Src/stm32f1xx_hal_msp.c.obj
 .debug_info    0x000026d5      0x124 CMakeFiles/usart.elf.dir/Core/Src/stm32f1xx_it.c.obj
 .debug_info    0x000027f9      0x783 CMakeFiles/usart.elf.dir/Core/Src/syscalls.c.obj
 .debug_info    0x00002f7c      0x171 CMakeFiles/usart.elf.dir/Core/Src/sysmem.c.obj
 .debug_info    0x000030ed      0x22d CMakeFiles/usart.elf.dir/Core/Src/system_stm32f1xx.c.obj
 .debug_info    0x0000331a       0x30 CMakeFiles/usart.elf.dir/Core/Startup/startup_stm32f103c8tx.s.obj
 .debug_info    0x0000334a      0x7a2 CMakeFiles/usart.elf.dir/Drivers/STM32F1xx_HAL_Driver/Src/stm32f1xx_hal.c.obj
 .debug_info    0x00003aec      0xcad CMakeFiles/usart.elf.dir/Drivers/STM32F1xx_HAL_Driver/Src/stm32f1xx_hal_cortex.c.obj
 .debug_info    0x00004799      0x604 CMakeFiles/usart.elf.dir/Drivers/STM32F1xx_HAL_Driver/Src/stm32f1xx_hal_gpio.c.obj
 .debug_info    0x00004d9d      0x9c7 CMakeFiles/usart.elf.dir/Drivers/STM32F1xx_HAL_Driver/Src/stm32f1xx_hal_rcc.c.obj
 .debug_info    0x00005764     0x1c58 CMakeFiles/usart.elf.dir/Drivers/STM32F1xx_HAL_Driver/Src/stm32f1xx_hal_spi.c.obj
 .debug_info    0x000073bc     0x404c CMakeFiles/usart.elf.dir/Drivers/STM32F1xx_HAL_Driver/Src/stm32f1xx_hal_uart.c.obj
 .debug_info    0x0000b408      0xc49 CMakeFiles/usart.elf.dir/Modules/DS18B20/ds18b20.c.obj
 .debug_info    0x0000c051      0x868 CMakeFiles/usart.elf.dir/Modules/OneWire/onewire.c.obj
 .debug_info    0x0000c8b9      0x931 CMakeFiles/usart.elf.dir/Modules/ioLibrary_Driver/Ethernet/W5500/w5500.c.obj
 .debug_info    0x0000d1ea     0x1331 CMakeFiles/usart.elf.dir/Modules/ioLibrary_Driver/Ethernet/socket.c.obj
 .debug_info    0x0000e51b     0x133e CMakeFiles/usart.elf.dir/Modules/ioLibrary_Driver/Ethernet/wizchip_conf.c.obj

.debug_abbrev   0x00000000     0x25fb
 .debug_abbrev  0x00000000      0x365 CMakeFiles/usart.elf.dir/Core/Src/main.c.obj
 .debug_abbrev  0x00000365      0x1de CMakeFiles/usart.elf.dir/Core/Src/stm32f1xx_hal_msp.c.obj
 .debug_abbrev  0x00000543       0x7c CMakeFiles/usart.elf.dir/Core/Src/stm32f1xx_it.c.obj
 .debug_abbrev  0x000005bf      0x1c1 CMakeFiles/usart.elf.dir/Core/Src/syscalls.c.obj
 .debug_abbrev  0x00000780       0xea CMakeFiles/usart.elf.dir/Core/Src/sysmem.c.obj
 .debug_abbrev  0x0000086a      0x143 CMakeFiles/usart.elf.dir/Core/Src/system_stm32f1xx.c.obj
 .debug_abbrev  0x000009ad       0x24 CMakeFiles/usart.elf.dir/Core/Startup/startup_stm32f103c8tx.s.obj
 .debug_abbrev  0x000009d1      0x22d CMakeFiles/usart.elf.dir/Drivers/STM32F1xx_HAL_Driver/Src/stm32f1xx_hal.c.obj
 .debug_abbrev  0x00000bfe      0x36d CMakeFiles/usart.elf.dir/Drivers/STM32F1xx_HAL_Driver/Src/stm32f1xx_hal_cortex.c.obj
 .debug_abbrev  0x00000f6b      0x1f7 CMakeFiles/usart.elf.dir/Drivers/STM32F1xx_HAL_Driver/Src/stm32f1xx_hal_gpio.c.obj
 .debug_abbrev  0x00001162      0x2a0 CMakeFiles/usart.elf.dir/Drivers/STM32F1xx_HAL_Driver/Src/stm32f1xx_hal_rcc.c.obj
 .debug_abbrev  0x00001402      0x27c CMakeFiles/usart.elf.dir/Drivers/STM32F1xx_HAL_Driver/Src/stm32f1xx_hal_spi.c.obj
 .debug_abbrev  0x0000167e      0x31c CMakeFiles/usart.elf.dir/Drivers/STM32F1xx_HAL_Driver/Src/stm32f1xx_hal_uart.c.obj
 .debug_abbrev  0x0000199a      0x27a CMakeFiles/usart.elf.dir/Modules/DS18B20/ds18b20.c.obj
 .debug_abbrev  0x00001c14      0x1fa CMakeFiles/usart.elf.dir/Modules/OneWire/onewire.c.obj
 .debug_abbrev  0x00001e0e      0x28d CMakeFiles/usart.elf.dir/Modules/ioLibrary_Driver/Ethernet/W5500/w5500.c.obj
 .debug_abbrev  0x0000209b      0x20c CMakeFiles/usart.elf.dir/Modules/ioLibrary_Driver/Ethernet/socket.c.obj
 .debug_abbrev  0x000022a7      0x354 CMakeFiles/usart.elf.dir/Modules/ioLibrary_Driver/Ethernet/wizchip_conf.c.obj

.debug_loclists
                0x00000000     0x6f16
 .debug_loclists
                0x00000000       0xf3 CMakeFiles/usart.elf.dir/Core/Src/main.c.obj
 .debug_loclists
                0x000000f3       0xdc CMakeFiles/usart.elf.dir/Core/Src/stm32f1xx_hal_msp.c.obj
 .debug_loclists
                0x000001cf      0x25b CMakeFiles/usart.elf.dir/Core/Src/syscalls.c.obj
 .debug_loclists
                0x0000042a       0x46 CMakeFiles/usart.elf.dir/Core/Src/sysmem.c.obj
 .debug_loclists
                0x00000470       0xa5 CMakeFiles/usart.elf.dir/Core/Src/system_stm32f1xx.c.obj
 .debug_loclists
                0x00000515       0xc9 CMakeFiles/usart.elf.dir/Drivers/STM32F1xx_HAL_Driver/Src/stm32f1xx_hal.c.obj
 .debug_loclists
                0x000005de      0x422 CMakeFiles/usart.elf.dir/Drivers/STM32F1xx_HAL_Driver/Src/stm32f1xx_hal_cortex.c.obj
 .debug_loclists
                0x00000a00      0x2e8 CMakeFiles/usart.elf.dir/Drivers/STM32F1xx_HAL_Driver/Src/stm32f1xx_hal_gpio.c.obj
 .debug_loclists
                0x00000ce8      0x3f8 CMakeFiles/usart.elf.dir/Drivers/STM32F1xx_HAL_Driver/Src/stm32f1xx_hal_rcc.c.obj
 .debug_loclists
                0x000010e0     0x13eb CMakeFiles/usart.elf.dir/Drivers/STM32F1xx_HAL_Driver/Src/stm32f1xx_hal_spi.c.obj
 .debug_loclists
                0x000024cb     0x2af9 CMakeFiles/usart.elf.dir/Drivers/STM32F1xx_HAL_Driver/Src/stm32f1xx_hal_uart.c.obj
 .debug_loclists
                0x00004fc4      0x30b CMakeFiles/usart.elf.dir/Modules/DS18B20/ds18b20.c.obj
 .debug_loclists
                0x000052cf      0x19e CMakeFiles/usart.elf.dir/Modules/OneWire/onewire.c.obj
 .debug_loclists
                0x0000546d      0x37b CMakeFiles/usart.elf.dir/Modules/ioLibrary_Driver/Ethernet/W5500/w5500.c.obj
 .debug_loclists
                0x000057e8      0xf62 CMakeFiles/usart.elf.dir/Modules/ioLibrary_Driver/Ethernet/socket.c.obj
 .debug_loclists
                0x0000674a      0x7cc CMakeFiles/usart.elf.dir/Modules/ioLibrary_Driver/Ethernet/wizchip_conf.c.obj

.debug_aranges  0x00000000      0xb48
 .debug_aranges
                0x00000000       0x80 CMakeFiles/usart.elf.dir/Core/Src/main.c.obj
 .debug_aranges
                0x00000080       0x40 CMakeFiles/usart.elf.dir/Core/Src/stm32f1xx_hal_msp.c.obj
 .debug_aranges
                0x000000c0       0x60 CMakeFiles/usart.elf.dir/Core/Src/stm32f1xx_it.c.obj
 .debug_aranges
                0x00000120       0xa8 CMakeFiles/usart.elf.dir/Core/Src/syscalls.c.obj
 .debug_aranges
                0x000001c8       0x20 CMakeFiles/usart.elf.dir/Core/Src/sysmem.c.obj
 .debug_aranges
                0x000001e8       0x28 CMakeFiles/usart.elf.dir/Core/Src/system_stm32f1xx.c.obj
 .debug_aranges
                0x00000210       0x28 CMakeFiles/usart.elf.dir/Core/Startup/startup_stm32f103c8tx.s.obj
 .debug_aranges
                0x00000238       0xe0 CMakeFiles/usart.elf.dir/Drivers/STM32F1xx_HAL_Driver/Src/stm32f1xx_hal.c.obj
 .debug_aranges
                0x00000318       0xc0 CMakeFiles/usart.elf.dir/Drivers/STM32F1xx_HAL_Driver/Src/stm32f1xx_hal_cortex.c.obj
 .debug_aranges
                0x000003d8       0x58 CMakeFiles/usart.elf.dir/Drivers/STM32F1xx_HAL_Driver/Src/stm32f1xx_hal_gpio.c.obj
 .debug_aranges
                0x00000430       0x90 CMakeFiles/usart.elf.dir/Drivers/STM32F1xx_HAL_Driver/Src/stm32f1xx_hal_rcc.c.obj
 .debug_aranges
                0x000004c0      0x1d0 CMakeFiles/usart.elf.dir/Drivers/STM32F1xx_HAL_Driver/Src/stm32f1xx_hal_spi.c.obj
 .debug_aranges
                0x00000690      0x208 CMakeFiles/usart.elf.dir/Drivers/STM32F1xx_HAL_Driver/Src/stm32f1xx_hal_uart.c.obj
 .debug_aranges
                0x00000898       0x68 CMakeFiles/usart.elf.dir/Modules/DS18B20/ds18b20.c.obj
 .debug_aranges
                0x00000900       0x38 CMakeFiles/usart.elf.dir/Modules/OneWire/onewire.c.obj
 .debug_aranges
                0x00000938       0x60 CMakeFiles/usart.elf.dir/Modules/ioLibrary_Driver/Ethernet/W5500/w5500.c.obj
 .debug_aranges
                0x00000998       0x78 CMakeFiles/usart.elf.dir/Modules/ioLibrary_Driver/Ethernet/socket.c.obj
 .debug_aranges
                0x00000a10      0x138 CMakeFiles/usart.elf.dir/Modules/ioLibrary_Driver/Ethernet/wizchip_conf.c.obj

.debug_rnglists
                0x00000000      0x8d0
 .debug_rnglists
                0x00000000       0x5e CMakeFiles/usart.elf.dir/Core/Src/main.c.obj
 .debug_rnglists
                0x0000005e       0x2c CMakeFiles/usart.elf.dir/Core/Src/stm32f1xx_hal_msp.c.obj
 .debug_rnglists
                0x0000008a       0x43 CMakeFiles/usart.elf.dir/Core/Src/stm32f1xx_it.c.obj
 .debug_rnglists
                0x000000cd       0x79 CMakeFiles/usart.elf.dir/Core/Src/syscalls.c.obj
 .debug_rnglists
                0x00000146       0x13 CMakeFiles/usart.elf.dir/Core/Src/sysmem.c.obj
 .debug_rnglists
                0x00000159       0x1a CMakeFiles/usart.elf.dir/Core/Src/system_stm32f1xx.c.obj
 .debug_rnglists
                0x00000173       0x19 CMakeFiles/usart.elf.dir/Core/Startup/startup_stm32f103c8tx.s.obj
 .debug_rnglists
                0x0000018c       0xa3 CMakeFiles/usart.elf.dir/Drivers/STM32F1xx_HAL_Driver/Src/stm32f1xx_hal.c.obj
 .debug_rnglists
                0x0000022f       0x8b CMakeFiles/usart.elf.dir/Drivers/STM32F1xx_HAL_Driver/Src/stm32f1xx_hal_cortex.c.obj
 .debug_rnglists
                0x000002ba       0x3f CMakeFiles/usart.elf.dir/Drivers/STM32F1xx_HAL_Driver/Src/stm32f1xx_hal_gpio.c.obj
 .debug_rnglists
                0x000002f9       0x7d CMakeFiles/usart.elf.dir/Drivers/STM32F1xx_HAL_Driver/Src/stm32f1xx_hal_rcc.c.obj
 .debug_rnglists
                0x00000376      0x168 CMakeFiles/usart.elf.dir/Drivers/STM32F1xx_HAL_Driver/Src/stm32f1xx_hal_spi.c.obj
 .debug_rnglists
                0x000004de      0x1a1 CMakeFiles/usart.elf.dir/Drivers/STM32F1xx_HAL_Driver/Src/stm32f1xx_hal_uart.c.obj
 .debug_rnglists
                0x0000067f       0x7d CMakeFiles/usart.elf.dir/Modules/DS18B20/ds18b20.c.obj
 .debug_rnglists
                0x000006fc       0x3d CMakeFiles/usart.elf.dir/Modules/OneWire/onewire.c.obj
 .debug_rnglists
                0x00000739       0x43 CMakeFiles/usart.elf.dir/Modules/ioLibrary_Driver/Ethernet/W5500/w5500.c.obj
 .debug_rnglists
                0x0000077c       0x6d CMakeFiles/usart.elf.dir/Modules/ioLibrary_Driver/Ethernet/socket.c.obj
 .debug_rnglists
                0x000007e9       0xe7 CMakeFiles/usart.elf.dir/Modules/ioLibrary_Driver/Ethernet/wizchip_conf.c.obj

.debug_line     0x00000000     0xcd1e
 .debug_line    0x00000000      0x938 CMakeFiles/usart.elf.dir/Core/Src/main.c.obj
 .debug_line    0x00000938      0x3cc CMakeFiles/usart.elf.dir/Core/Src/stm32f1xx_hal_msp.c.obj
 .debug_line    0x00000d04      0x1c1 CMakeFiles/usart.elf.dir/Core/Src/stm32f1xx_it.c.obj
 .debug_line    0x00000ec5      0x3e1 CMakeFiles/usart.elf.dir/Core/Src/syscalls.c.obj
 .debug_line    0x000012a6      0x1ab CMakeFiles/usart.elf.dir/Core/Src/sysmem.c.obj
 .debug_line    0x00001451      0x24c CMakeFiles/usart.elf.dir/Core/Src/system_stm32f1xx.c.obj
 .debug_line    0x0000169d       0x78 CMakeFiles/usart.elf.dir/Core/Startup/startup_stm32f103c8tx.s.obj
 .debug_line    0x00001715      0x57e CMakeFiles/usart.elf.dir/Drivers/STM32F1xx_HAL_Driver/Src/stm32f1xx_hal.c.obj
 .debug_line    0x00001c93      0x6fc CMakeFiles/usart.elf.dir/Drivers/STM32F1xx_HAL_Driver/Src/stm32f1xx_hal_cortex.c.obj